≡ƒöº Setting up E2E test environment...
[dotenv@17.2.3] injecting env (19) from .env.test -- tip: ≡ƒöä add secrets lifecycle management: https://dotenvx.com/ops
≡ƒôä Loaded environment from .env.test
Γ£à Supabase environment variables loaded
ΓÜá∩╕Å  NOTE: Ensure test users exist. Run: npx tsx scripts/apply-hr-admin-migration.ts
≡ƒôª Seeding test data...
Γ£à Test data seeded successfully
≡ƒîÉ Verifying application at http://localhost:3000...
Γ£à Application is accessible
Γ£à E2E test environment setup complete

Running 1 test using 1 worker

BROWSER LOG: [HMR] connected
BROWSER LOG: Image with src "/images/stena-logo.png" has either width or height modified, but not the other. If you use CSS to change the size of your image, also include the styles 'width: "auto"' or 'height: "auto"' to maintain the aspect ratio.
BROWSER LOG: Failed to get pending mutations: NotFoundError: Failed to execute 'transaction' on 'IDBDatabase': One of the specified object stores was not found.
    at MutationQueueService.getPendingMutations (webpack-internal:///(app-pages-browser)/./src/lib/services/mutation-queue.ts:123:36)
    at async EmployeeTable.useEffect.loadPendingMutations (webpack-internal:///(app-pages-browser)/./src/components/dashboard/employee-table.tsx:270:39)
BROWSER LOG: Failed to get pending mutations: NotFoundError: Failed to execute 'transaction' on 'IDBDatabase': One of the specified object stores was not found.
    at MutationQueueService.getPendingMutations (webpack-internal:///(app-pages-browser)/./src/lib/services/mutation-queue.ts:123:36)
    at async EmployeeTable.useEffect.loadPendingMutations (webpack-internal:///(app-pages-browser)/./src/components/dashboard/employee-table.tsx:270:39)
BROWSER LOG: Failed to get pending mutations: NotFoundError: Failed to execute 'transaction' on 'IDBDatabase': One of the specified object stores was not found.
    at MutationQueueService.getPendingMutations (webpack-internal:///(app-pages-browser)/./src/lib/services/mutation-queue.ts:123:36)
    at async useEmployees.useCallback[fetchEmployees] (webpack-internal:///(app-pages-browser)/./src/lib/hooks/use-employees.ts:104:42)
BROWSER LOG: Failed to get pending mutations: NotFoundError: Failed to execute 'transaction' on 'IDBDatabase': One of the specified object stores was not found.
    at MutationQueueService.getPendingMutations (webpack-internal:///(app-pages-browser)/./src/lib/services/mutation-queue.ts:123:36)
    at async EmployeeTable.useEffect.loadPendingMutations (webpack-internal:///(app-pages-browser)/./src/components/dashboard/employee-table.tsx:270:39)
BROWSER LOG: Failed to get pending mutations: NotFoundError: Failed to execute 'transaction' on 'IDBDatabase': One of the specified object stores was not found.
    at MutationQueueService.getPendingMutations (webpack-internal:///(app-pages-browser)/./src/lib/services/mutation-queue.ts:123:36)
    at async useEmployees.useCallback[fetchEmployees] (webpack-internal:///(app-pages-browser)/./src/lib/hooks/use-employees.ts:104:42)
BROWSER LOG: Failed to get pending mutations: NotFoundError: Failed to execute 'transaction' on 'IDBDatabase': One of the specified object stores was not found.
    at MutationQueueService.getPendingMutations (webpack-internal:///(app-pages-browser)/./src/lib/services/mutation-queue.ts:123:36)
    at async EmployeeTable.useEffect.loadPendingMutations (webpack-internal:///(app-pages-browser)/./src/components/dashboard/employee-table.tsx:270:39)
  Γ£ÿ  1 [chromium] ΓÇ║ tests\e2e\inline-edit.spec.ts:50:10 ΓÇ║ Inline Editing E2E ΓÇ║ Inline edit dropdown field (Gender) (16.3s)
≡ƒº╣ Cleaning up E2E test data...
Γ£à Test data cleaned up successfully
Γ£à E2E test teardown complete


  1) [chromium] ΓÇ║ tests\e2e\inline-edit.spec.ts:50:10 ΓÇ║ Inline Editing E2E ΓÇ║ Inline edit dropdown field (Gender) 

    Error: [2mexpect([22m[31mlocator[39m[2m).[22mtoBeVisible[2m([22m[2m)[22m failed

    Locator: locator('[role="combobox"]')
    Expected: visible
    Error: strict mode violation: locator('[role="combobox"]') resolved to 3 elements:
        1) <button dir="ltr" type="button" role="combobox" id="role-selector" data-state="closed" data-size="default" aria-expanded="false" aria-autocomplete="none" data-slot="select-trigger" aria-controls="radix-_r_3_" class="border-input data-[placeholder]:text-muted-foreground [&_svg:not([class*='text-'])]:text-muted-foreground focus-visible:border-ring focus-visible:ring-ring/50 aria-invalid:ring-destructive/20 dark:aria-invalid:ring-destructive/40 aria-invalid:border-destructive dark:bg-input/30 dark:hover:ΓÇª>ΓÇª</button> aka getByRole('combobox', { name: 'Visa som:' })
        2) <button dir="ltr" type="button" role="combobox" data-state="closed" data-size="default" aria-expanded="false" aria-autocomplete="none" aria-label="Crew Status" data-slot="select-trigger" aria-controls="radix-_r_1l_" data-testid="crew-status-filter" class="border-input data-[placeholder]:text-muted-foreground [&_svg:not([class*='text-'])]:text-muted-foreground focus-visible:border-ring focus-visible:ring-ring/50 aria-invalid:ring-destructive/20 dark:aria-invalid:ring-destructive/40 aria-invalid:border-ΓÇª>ΓÇª</button> aka getByTestId('crew-status-filter')
        3) <button dir="ltr" type="button" role="combobox" data-state="closed" data-size="default" aria-expanded="false" aria-autocomplete="none" data-slot="select-trigger" aria-controls="radix-_r_3q_" class="border-input data-[placeholder]:text-muted-foreground [&_svg:not([class*='text-'])]:text-muted-foreground focus-visible:border-ring focus-visible:ring-ring/50 aria-invalid:ring-destructive/20 dark:aria-invalid:ring-destructive/40 aria-invalid:border-destructive dark:bg-input/30 dark:hover:bg-input/50 flex wΓÇª>ΓÇª</button> aka getByTestId('employee-row-79002e3b-0ef2-4f3e-9025-f2900403d7a6').getByRole('combobox')

    Call log:
    [2m  - Expect "toBeVisible" with timeout 5000ms[22m
    [2m  - waiting for locator('[role="combobox"]')[22m


      70 |         // Check if select trigger appears
      71 |         const selectTrigger = page.locator('[role="combobox"]');
    > 72 |         await expect(selectTrigger).toBeVisible();
         |                                     ^
      73 |
      74 |         // Open dropdown
      75 |         await selectTrigger.click();
        at D:\Masterdata\hr-masterdata\tests\e2e\inline-edit.spec.ts:72:37

    attachment #1: screenshot (image/png) ΓöÇΓöÇΓöÇΓöÇΓöÇΓöÇΓöÇΓöÇΓöÇΓöÇΓöÇΓöÇΓöÇΓöÇΓöÇΓöÇΓöÇΓöÇΓöÇΓöÇΓöÇΓöÇΓöÇΓöÇΓöÇΓöÇΓöÇΓöÇΓöÇΓöÇΓöÇΓöÇΓöÇΓöÇΓöÇΓöÇΓöÇΓöÇΓöÇΓöÇΓöÇΓöÇΓöÇΓöÇΓöÇΓöÇΓöÇΓöÇΓöÇΓöÇΓöÇΓöÇΓöÇΓöÇΓöÇΓöÇΓöÇΓöÇ
    test-results\inline-edit-Inline-Editing-4bf60-edit-dropdown-field-Gender--chromium\test-failed-1.png
    ΓöÇΓöÇΓöÇΓöÇΓöÇΓöÇΓöÇΓöÇΓöÇΓöÇΓöÇΓöÇΓöÇΓöÇΓöÇΓöÇΓöÇΓöÇΓöÇΓöÇΓöÇΓöÇΓöÇΓöÇΓöÇΓöÇΓöÇΓöÇΓöÇΓöÇΓöÇΓöÇΓöÇΓöÇΓöÇΓöÇΓöÇΓöÇΓöÇΓöÇΓöÇΓöÇΓöÇΓöÇΓöÇΓöÇΓöÇΓöÇΓöÇΓöÇΓöÇΓöÇΓöÇΓöÇΓöÇΓöÇΓöÇΓöÇΓöÇΓöÇΓöÇΓöÇΓöÇΓöÇΓöÇΓöÇΓöÇΓöÇΓöÇΓöÇΓöÇΓöÇΓöÇΓöÇΓöÇΓöÇΓöÇΓöÇΓöÇΓöÇΓöÇΓöÇΓöÇΓöÇΓöÇΓöÇΓöÇΓöÇΓöÇΓöÇΓöÇΓöÇΓöÇΓöÇΓöÇΓöÇ

    attachment #2: video (video/webm) ΓöÇΓöÇΓöÇΓöÇΓöÇΓöÇΓöÇΓöÇΓöÇΓöÇΓöÇΓöÇΓöÇΓöÇΓöÇΓöÇΓöÇΓöÇΓöÇΓöÇΓöÇΓöÇΓöÇΓöÇΓöÇΓöÇΓöÇΓöÇΓöÇΓöÇΓöÇΓöÇΓöÇΓöÇΓöÇΓöÇΓöÇΓöÇΓöÇΓöÇΓöÇΓöÇΓöÇΓöÇΓöÇΓöÇΓöÇΓöÇΓöÇΓöÇΓöÇΓöÇΓöÇΓöÇΓöÇΓöÇΓöÇΓöÇΓöÇΓöÇΓöÇΓöÇ
    test-results\inline-edit-Inline-Editing-4bf60-edit-dropdown-field-Gender--chromium\video.webm
    ΓöÇΓöÇΓöÇΓöÇΓöÇΓöÇΓöÇΓöÇΓöÇΓöÇΓöÇΓöÇΓöÇΓöÇΓöÇΓöÇΓöÇΓöÇΓöÇΓöÇΓöÇΓöÇΓöÇΓöÇΓöÇΓöÇΓöÇΓöÇΓöÇΓöÇΓöÇΓöÇΓöÇΓöÇΓöÇΓöÇΓöÇΓöÇΓöÇΓöÇΓöÇΓöÇΓöÇΓöÇΓöÇΓöÇΓöÇΓöÇΓöÇΓöÇΓöÇΓöÇΓöÇΓöÇΓöÇΓöÇΓöÇΓöÇΓöÇΓöÇΓöÇΓöÇΓöÇΓöÇΓöÇΓöÇΓöÇΓöÇΓöÇΓöÇΓöÇΓöÇΓöÇΓöÇΓöÇΓöÇΓöÇΓöÇΓöÇΓöÇΓöÇΓöÇΓöÇΓöÇΓöÇΓöÇΓöÇΓöÇΓöÇΓöÇΓöÇΓöÇΓöÇΓöÇΓöÇΓöÇ

    Error Context: test-results\inline-edit-Inline-Editing-4bf60-edit-dropdown-field-Gender--chromium\error-context.md

  1 failed
    [chromium] ΓÇ║ tests\e2e\inline-edit.spec.ts:50:10 ΓÇ║ Inline Editing E2E ΓÇ║ Inline edit dropdown field (Gender) 

[36m  Serving HTML report at http://localhost:60441. Press Ctrl+C to quit.[39m
