
> hr-masterdata@0.1.0 test D:\Masterdata\hr-masterdata
> vitest "--run" "--reporter=verbose"


[1m[46m RUN [49m[22m [36mv4.0.3 [39m[90mD:/Masterdata/hr-masterdata[39m

node.exe : (node:30320) Warning: `--localstorage-file` was provided without a valid path
At C:\Users\Rasmus\AppData\Roaming\npm\pnpm.ps1:24 char:5
+     & "node$exe"  "$basedir/node_modules/pnpm/bin/pnpm.cjs" $args
+     ~~~~~~~~~~~~~~~~~~~~~~~~~~~~~~~~~~~~~~~~~~~~~~~~~~~~~~~~~~~~~
    + CategoryInfo          : NotSpecified: ((node:30320) Wa...ut a valid path:String) [], RemoteException
    + FullyQualifiedErrorId : NativeCommandError
 
(Use `node --trace-warnings ...` to show where the warning was created)
[90mstderr[2m | tests/integration/api/delete-column.test.ts[2m > [22m[2mDELETE /api/admin/columns/[id]
[22m[39mTypeError: fetch failed
[90m    at node:internal/deps/undici/undici:15845:13[39m
[90m    at processTicksAndRejections (node:internal/process/task_queues:103:5)[39m
    at _handleRequest [90m(D:\Masterdata\hr-masterdata\[39mnode_modules\[4m.pnpm[24m\@supabase+auth-js@2.76.1\node_
modules\[4m@supabase\auth-js[24m\dist\main\lib\fetch.js:101:18[90m)[39m
    at _request [90m(D:\Masterdata\hr-masterdata\[39mnode_modules\[4m.pnpm[24m\@supabase+auth-js@2.76.1\node_module
s\[4m@supabase\auth-js[24m\dist\main\lib\fetch.js:91:18[90m)[39m
    at SupabaseAuthClient.signInWithPassword [90m(D:\Masterdata\hr-masterdata\[39mnode_modules\[4m.pnpm[24m\@supaba
se+auth-js@2.76.1\node_modules\[4m@supabase\auth-js[24m\dist\main\GoTrueClient.js:384:23[90m)[39m
    at D:/Masterdata/hr-masterdata/tests/integration/api/delete-column.test.ts:21:7 {
  [cause]: AggregateError: 
  [90m    at internalConnectMultiple (node:net:1134:18)[39m
  [90m    at afterConnectMultiple (node:net:1715:7)[39m {
    code: [32m'ECONNREFUSED'[39m,
    [errors]: [ [36m[Error][39m, [36m[Error][39m ]
  }
}

 [2m[90mΓåô[39m[22m tests/integration/api/delete-column.test.ts[2m > [22mDELETE /api/admin/columns/[id][2m > [22msuccessfully deletes custom column for HR Admin
 [2m[90mΓåô[39m[22m tests/integration/api/delete-column.test.ts[2m > [22mDELETE /api/admin/columns/[id][2m > [22mreturns 403 when trying to delete masterdata column
 [2m[90mΓåô[39m[22m tests/integration/api/delete-column.test.ts[2m > [22mDELETE /api/admin/columns/[id][2m > [22mreturns 403 for non-admin users
 [2m[90mΓåô[39m[22m tests/integration/api/delete-column.test.ts[2m > [22mDELETE /api/admin/columns/[id][2m > [22mreturns 404 for non-existent column
 [2m[90mΓåô[39m[22m tests/integration/api/delete-column.test.ts[2m > [22mDELETE /api/admin/columns/[id][2m > [22mremoves JSONB keys from party data tables
 [2m[90mΓåô[39m[22m tests/integration/api/delete-column.test.ts[2m > [22mDELETE /api/admin/columns/[id][2m > [22mreturns affected records count
 [32mΓ£ô[39m tests/unit/components/user-management-table.test.tsx[2m > [22mUserManagementTable[2m > [22mrenders user list correctly[32m 222[2mms[22m[39m
 [32mΓ£ô[39m tests/unit/components/user-management-table.test.tsx[2m > [22mUserManagementTable[2m > [22mdisplays "Deactivate" button for active users[32m 69[2mms[22m[39m
 [32mΓ£ô[39m tests/unit/components/add-user-modal.test.tsx[2m > [22mAddUserModal[2m > [22mrenders modal when open[33m 671[2mms[22m[39m
 [32mΓ£ô[39m tests/unit/components/add-user-modal.test.tsx[2m > [22mAddUserModal[2m > [22mdoes not render modal when closed[32m 6[2mms[22m[39m
 [32mΓ£ô[39m tests/unit/components/login-page.test.tsx[2m > [22mLoginPage[2m > [22mrenders login form elements[33m 455[2mms[22m[39m
 [32mΓ£ô[39m tests/unit/components/login-page.test.tsx[2m > [22mLoginPage[2m > [22mshows validation errors for invalid email[32m 88[2mms[22m[39m
 [32mΓ£ô[39m tests/unit/components/login-page.test.tsx[2m > [22mLoginPage[2m > [22mshows validation errors for short password[32m 126[2mms[22m[39m
 [32mΓ£ô[39m tests/unit/components/user-management-table.test.tsx[2m > [22mUserManagementTable[2m > [22mdisplays "Activate" button for inactive users[32m 28[2mms[22m[39m
 [32mΓ£ô[39m tests/unit/components/user-management-table.test.tsx[2m > [22mUserManagementTable[2m > [22mdisables deactivate button for current user[32m 32[2mms[22m[39m
 [32mΓ£ô[39m tests/unit/components/add-important-date-modal.test.tsx[2m > [22mAddImportantDateModal[2m > [22mRendering[2m > [22mshould render modal with all form fields when open[33m 718[2mms[22m[39m
 [32mΓ£ô[39m tests/unit/components/add-important-date-modal.test.tsx[2m > [22mAddImportantDateModal[2m > [22mRendering[2m > [22mshould not render modal when isOpen is false[32m 7[2mms[22m[39m
 [32mΓ£ô[39m tests/unit/components/user-management-table.test.tsx[2m > [22mUserManagementTable[2m > [22mshows confirmation dialog when deactivate clicked[33m 441[2mms[22m[39m
 [32mΓ£ô[39m tests/unit/components/add-important-date-modal.test.tsx[2m > [22mAddImportantDateModal[2m > [22mRendering[2m > [22mshould have default values for year and category[33m 446[2mms[22m[39m
 [32mΓ£ô[39m tests/unit/components/user-management-table.test.tsx[2m > [22mUserManagementTable[2m > [22mcalls updateUserStatus when deactivation confirmed[32m 260[2mms[22m[39m
 [32mΓ£ô[39m tests/unit/components/add-important-date-modal.test.tsx[2m > [22mAddImportantDateModal[2m > [22mForm Validation[2m > [22mshould display validation errors for required fields[33m 374[2mms[22m[39m
 [32mΓ£ô[39m tests/unit/components/user-management-table.test.tsx[2m > [22mUserManagementTable[2m > [22mcalls updateUserStatus when activation clicked[33m 325[2mms[22m[39m
 [32mΓ£ô[39m tests/unit/components/permission-toggle.test.tsx[2m > [22mPermissionToggle[2m > [22mrenders checkbox with correct state[33m 351[2mms[22m[39m
 [32mΓ£ô[39m tests/unit/components/permission-toggle.test.tsx[2m > [22mPermissionToggle[2m > [22mrenders unchecked checkbox when value is false[32m 87[2mms[22m[39m
 [32mΓ£ô[39m tests/unit/components/user-management-table.test.tsx[2m > [22mUserManagementTable[2m > [22mdisplays error toast on update failure[32m 179[2mms[22m[39m
 [32mΓ£ô[39m tests/unit/components/user-management-table.test.tsx[2m > [22mUserManagementTable[2m > [22mdisplays "No users found" when list is empty[32m 14[2mms[22m[39m
 [32mΓ£ô[39m tests/unit/components/user-management-table.test.tsx[2m > [22mUserManagementTable[2m > [22mformats dates correctly[32m 15[2mms[22m[39m
 [32mΓ£ô[39m tests/unit/components/user-management-table.test.tsx[2m > [22mUserManagementTable[2m > [22mdisplays active status badge correctly[32m 14[2mms[22m[39m
 [32mΓ£ô[39m tests/unit/components/permission-toggle.test.tsx[2m > [22mPermissionToggle[2m > [22mcalls onChange when checkbox clicked[32m 45[2mms[22m[39m
 [32mΓ£ô[39m tests/unit/components/permission-toggle.test.tsx[2m > [22mPermissionToggle[2m > [22mdoes not call onChange when disabled[32m 60[2mms[22m[39m
 [32mΓ£ô[39m tests/unit/components/permission-toggle.test.tsx[2m > [22mPermissionToggle[2m > [22mdisplays tooltip when disabled and tooltip provided[32m 101[2mms[22m[39m
 [32mΓ£ô[39m tests/unit/components/permission-toggle.test.tsx[2m > [22mPermissionToggle[2m > [22mdoes not display tooltip when not disabled[32m 42[2mms[22m[39m
 [32mΓ£ô[39m tests/unit/components/delete-column-modal.test.tsx[2m > [22mDeleteColumnModal[2m > [22mrenders confirmation message with column name[33m 568[2mms[22m[39m
 [32mΓ£ô[39m tests/unit/components/delete-column-modal.test.tsx[2m > [22mDeleteColumnModal[2m > [22mdoes not render when column is null[32m 2[2mms[22m[39m
 [32mΓ£ô[39m tests/unit/components/delete-column-modal.test.tsx[2m > [22mDeleteColumnModal[2m > [22mcalls deleteColumn service on confirm[33m 348[2mms[22m[39m
 [32mΓ£ô[39m tests/unit/components/delete-column-modal.test.tsx[2m > [22mDeleteColumnModal[2m > [22mcloses modal on cancel without deleting[32m 143[2mms[22m[39m
 [32mΓ£ô[39m tests/unit/components/add-user-modal.test.tsx[2m > [22mAddUserModal[2m > [22mvalidates email format and prevents submission[33m 1605[2mms[22m[39m
(node:34268) Warning: `--localstorage-file` was provided without a valid path
(Use `node --trace-warnings ...` to show where the warning was created)
(node:27792) Warning: `--localstorage-file` was provided without a valid path
(Use `node --trace-warnings ...` to show where the warning was created)
 [32mΓ£ô[39m tests/unit/components/delete-column-modal.test.tsx[2m > [22mDeleteColumnModal[2m > [22mdisplays error toast on deletion failure[32m 218[2mms[22m[39m
 [32mΓ£ô[39m tests/unit/components/delete-column-modal.test.tsx[2m > [22mDeleteColumnModal[2m > [22mdisables buttons during deletion[32m 261[2mms[22m[39m
 [32mΓ£ô[39m tests/unit/components/delete-column-modal.test.tsx[2m > [22mDeleteColumnModal[2m > [22mshows 'cannot be undone' warning[32m 91[2mms[22m[39m
 [32mΓ£ô[39m tests/unit/components/add-employee-modal.test.tsx[2m > [22mAddEmployeeModal[2m > [22mshould render modal with all form fields[33m 1114[2mms[22m[39m
 [32mΓ£ô[39m tests/unit/components/add-employee-modal.test.tsx[2m > [22mAddEmployeeModal[2m > [22mshould not render modal when isOpen is false[32m 18[2mms[22m[39m
 [32mΓ£ô[39m tests/unit/components/column-settings-table.test.tsx[2m > [22mColumnSettingsTable[2m > [22mrenders column list correctly[33m 829[2mms[22m[39m
 [32mΓ£ô[39m tests/unit/components/add-important-date-modal.test.tsx[2m > [22mAddImportantDateModal[2m > [22mForm Validation[2m > [22mshould accept null week_number[33m 1134[2mms[22m[39m
 [32mΓ£ô[39m tests/unit/components/add-user-modal.test.tsx[2m > [22mAddUserModal[2m > [22mvalidates password length[33m 698[2mms[22m[39m
 [32mΓ£ô[39m tests/unit/components/add-employee-modal.test.tsx[2m > [22mAddEmployeeModal[2m > [22mshould display validation errors for missing required fields[33m 486[2mms[22m[39m
 [32mΓ£ô[39m tests/unit/components/column-settings-table.test.tsx[2m > [22mColumnSettingsTable[2m > [22mdisplays permission toggles for all roles[33m 530[2mms[22m[39m
 [32mΓ£ô[39m tests/unit/components/add-user-modal.test.tsx[2m > [22mAddUserModal[2m > [22maccepts valid email format[33m 751[2mms[22m[39m
 [32mΓ£ô[39m tests/unit/components/add-column-modal.test.tsx[2m > [22mAddColumnModal[2m > [22mrenders form fields correctly when modal is open[33m 939[2mms[22m[39m
 [32mΓ£ô[39m tests/unit/components/add-column-modal.test.tsx[2m > [22mAddColumnModal[2m > [22mdoes not render when modal is closed[32m 16[2mms[22m[39m
 [32mΓ£ô[39m tests/integration/column-creation.test.tsx[2m > [22mColumn Creation Integration Flow[2m > [22mcreates column and triggers refetch on success[33m 977[2mms[22m[39m
 [32mΓ£ô[39m tests/unit/components/column-settings-table.test.tsx[2m > [22mColumnSettingsTable[2m > [22mupdates permissions when toggle clicked[33m 857[2mms[22m[39m
 [32mΓ£ô[39m tests/unit/components/column-settings-table.test.tsx[2m > [22mColumnSettingsTable[2m > [22mdisplays empty state when no columns[32m 32[2mms[22m[39m
 [32mΓ£ô[39m tests/unit/components/column-settings-table.test.tsx[2m > [22mColumnSettingsTable[2m > [22mshows error toast when update fails[33m 753[2mms[22m[39m
 [32mΓ£ô[39m tests/unit/components/employee-table.test.tsx[2m > [22mEmployeeTable[2m > [22mshould render employee list correctly[33m 423[2mms[22m[39m
 [32mΓ£ô[39m tests/unit/components/add-column-modal.test.tsx[2m > [22mAddColumnModal[2m > [22mvalidates required column name field[33m 438[2mms[22m[39m
 [32mΓ£ô[39m tests/unit/components/add-user-modal.test.tsx[2m > [22mAddUserModal[2m > [22maccepts valid password length[33m 661[2mms[22m[39m
 [32mΓ£ô[39m tests/integration/column-creation.test.tsx[2m > [22mColumn Creation Integration Flow[2m > [22mprevents duplicate column names across roles[33m 465[2mms[22m[39m
 [32mΓ£ô[39m tests/unit/components/add-important-date-modal.test.tsx[2m > [22mAddImportantDateModal[2m > [22mForm Submission[2m > [22mshould call importantDateService.create with correct data on successful submission[33m 1631[2mms[22m[39m
[90mstderr[2m | tests/unit/components/add-user-modal.test.tsx[2m > [22m[2mAddUserModal[2m > [22m[2mrole 
dropdown displays all roles
[22m[39mTypeError: target.hasPointerCapture is not a function
    at [90mfile:///D:/Masterdata/hr-masterdata/[39mnode_modules/[4m.pnpm[24m/@radix-ui+react-select@2.2._802c3d414c
85063bee785fcc98a39c07/node_modules/[4m@radix-ui/react-select[24m/dist/index.mjs:194:22
    at handleEvent [90m(file:///D:/Masterdata/hr-masterdata/[39mnode_modules/[4m.pnpm[24m/@radix-ui+primitive@1.1.3
/node_modules/[4m@radix-ui/primitive[24m/dist/index.mjs:7:31[90m)[39m
    at executeDispatch [90m(D:\Masterdata\hr-masterdata\[39mnode_modules\[4m.pnpm[24m\react-dom@19.2.0_react@19.2.0
\node_modules\[4mreact-dom[24m\cjs\react-dom-client.development.js:19116:9[90m)[39m
    at runWithFiberInDEV [90m(D:\Masterdata\hr-masterdata\[39mnode_modules\[4m.pnpm[24m\react-dom@19.2.0_react@19.2
.0\node_modules\[4mreact-dom[24m\cjs\react-dom-client.development.js:874:13[90m)[39m
    at processDispatchQueue [90m(D:\Masterdata\hr-masterdata\[39mnode_modules\[4m.pnpm[24m\react-dom@19.2.0_react@1
9.2.0\node_modules\[4mreact-dom[24m\cjs\react-dom-client.development.js:19166:19[90m)[39m
    at [90mD:\Masterdata\hr-masterdata\[39mnode_modules\[4m.pnpm[24m\react-dom@19.2.0_react@19.2.0\node_modules\[4
mreact-dom[24m\cjs\react-dom-client.development.js:19767:9
    at batchedUpdates$1 [90m(D:\Masterdata\hr-masterdata\[39mnode_modules\[4m.pnpm[24m\react-dom@19.2.0_react@19.2.
0\node_modules\[4mreact-dom[24m\cjs\react-dom-client.development.js:3255:40[90m)[39m
    at dispatchEventForPluginEventSystem [90m(D:\Masterdata\hr-masterdata\[39mnode_modules\[4m.pnpm[24m\react-dom@1
9.2.0_react@19.2.0\node_modules\[4mreact-dom[24m\cjs\react-dom-client.development.js:19320:7[90m)[39m
    at dispatchEvent [90m(D:\Masterdata\hr-masterdata\[39mnode_modules\[4m.pnpm[24m\react-dom@19.2.0_react@19.2.0\n
ode_modules\[4mreact-dom[24m\cjs\react-dom-client.development.js:23585:11[90m)[39m
    at dispatchDiscreteEvent [90m(D:\Masterdata\hr-masterdata\[39mnode_modules\[4m.pnpm[24m\react-dom@19.2.0_react@
19.2.0\node_modules\[4mreact-dom[24m\cjs\react-dom-client.development.js:23553:11[90m)[39m

 [32mΓ£ô[39m tests/integration/components/employee-table-permissions.test.tsx[2m > [22mEmployeeTable Permission Rendering[2m > [22mHR Admin Role[2m > [22mrenders all masterdata columns as editable (no lock icons)[33m 553[2mms[22m[39m
 [32mΓ£ô[39m tests/unit/components/employee-table.test.tsx[2m > [22mEmployeeTable[2m > [22mshould display loading state[32m 174[2mms[22m[39m
 [32mΓ£ô[39m tests/unit/components/employee-table.test.tsx[2m > [22mEmployeeTable[2m > [22mshould display empty state when no employees[32m 23[2mms[22m[39m
 [32mΓ£ô[39m tests/integration/components/employee-table-permissions.test.tsx[2m > [22mEmployeeTable Permission Rendering[2m > [22mHR Admin Role[2m > [22mall cells should have editable styling (cursor-pointer)[32m 225[2mms[22m[39m
 [32mΓ£ô[39m tests/unit/components/add-column-modal.test.tsx[2m > [22mAddColumnModal[2m > [22mvalidates duplicate column name[33m 433[2mms[22m[39m
 [32mΓ£ô[39m tests/unit/components/employee-table.test.tsx[2m > [22mEmployeeTable[2m > [22mshould display null values as em dash[33m 313[2mms[22m[39m
 [32mΓ£ô[39m tests/integration/components/employee-table-permissions.test.tsx[2m > [22mEmployeeTable Permission Rendering[2m > [22mExternal Party Role (Sodexo)[2m > [22mrenders masterdata columns as read-only (with lock icons)[32m 115[2mms[22m[39m
 [32mΓ£ô[39m tests/integration/column-creation.test.tsx[2m > [22mColumn Creation Integration Flow[2m > [22mallows creating multiple columns sequentially[33m 688[2mms[22m[39m
 [32mΓ£ô[39m tests/unit/components/employee-table.test.tsx[2m > [22mEmployeeTable[2m > [22mshould format hire date correctly[32m 192[2mms[22m[39m
 [32mΓ£ô[39m tests/unit/components/add-employee-modal.test.tsx[2m > [22mAddEmployeeModal[2m > [22mshould call onSuccess and onClose after successful submission[33m 2059[2mms[22m[39m
 [32mΓ£ô[39m tests/unit/components/add-column-modal.test.tsx[2m > [22mAddColumnModal[2m > [22mvalidates column name format[33m 372[2mms[22m[39m
 [32mΓ£ô[39m tests/integration/components/employee-table-permissions.test.tsx[2m > [22mEmployeeTable Permission Rendering[2m > [22mExternal Party Role (Sodexo)[2m > [22mall cells should have read-only styling (bg-gray-50)[32m 178[2mms[22m[39m
 [32mΓ£ô[39m tests/unit/components/employee-table.test.tsx[2m > [22mEmployeeTable[2m > [22mshould display status correctly[32m 184[2mms[22m[39m
 [32mΓ£ô[39m tests/unit/components/add-important-date-modal.test.tsx[2m > [22mAddImportantDateModal[2m > [22mForm Submission[2m > [22mshould display error toast on submission failure[33m 957[2mms[22m[39m
 [32mΓ£ô[39m tests/integration/column-creation.test.tsx[2m > [22mColumn Creation Integration Flow[2m > [22mhandles API errors gracefully[33m 347[2mms[22m[39m
 [32mΓ£ô[39m tests/unit/components/add-employee-modal.test.tsx[2m > [22mAddEmployeeModal[2m > [22mshould close modal on cancel button click[33m 327[2mms[22m[39m
 [32mΓ£ô[39m tests/integration/column-creation.test.tsx[2m > [22mColumn Creation Integration Flow[2m > [22mcreates column with different field types[33m 394[2mms[22m[39m
 [32mΓ£ô[39m tests/unit/components/add-column-modal.test.tsx[2m > [22mAddColumnModal[2m > [22mcalls columnConfigService.createCustomColumn on valid submit[33m 409[2mms[22m[39m
 [32mΓ£ô[39m tests/unit/components/employee-table.test.tsx[2m > [22mEmployeeTable[2m > [22mshould display terminated status[32m 135[2mms[22m[39m
 [32mΓ£ô[39m tests/unit/components/add-important-date-modal.test.tsx[2m > [22mAddImportantDateModal[2m > [22mModal Behavior[2m > [22mshould close modal on cancel button click[33m 335[2mms[22m[39m
 [32mΓ£ô[39m tests/unit/components/editable-cell.test.tsx[2m > [22mEditableCell - Permission States[2m > [22mRead-Only State (canEdit = false)[2m > [22mrenders read-only cell with gray background[32m 296[2mms[22m[39m
 [32mΓ£ô[39m tests/unit/components/employee-table.test.tsx[2m > [22mEmployeeTable[2m > [22mshould render table headers including Comments[32m 279[2mms[22m[39m
 [32mΓ£ô[39m tests/integration/components/employee-table-permissions.test.tsx[2m > [22mEmployeeTable Permission Rendering[2m > [22mExternal Party Role (Sodexo)[2m > [22mcells should have aria-readonly='true'[32m 297[2mms[22m[39m
 [32mΓ£ô[39m tests/unit/components/add-column-modal.test.tsx[2m > [22mAddColumnModal[2m > [22mshows success toast and closes modal after successful creation[33m 307[2mms[22m[39m
 [31m├ù[39m tests/unit/components/add-user-modal.test.tsx[2m > [22mAddUserModal[2m > [22mrole dropdown displays all roles[33m 1384[2mms[22m[39m
[31m   ΓåÆ Unable to find role="option" and name `/HR Administrator/i`

Ignored nodes: comments, script, style
[36m<body[31m
  [33mdata-scroll-locked[31m=[32m"1"[31m
  [33mstyle[31m=[32m"pointer-events: none;"[31m
[36m>[31m
  [36m<span[31m
    [33maria-hidden[31m=[32m"true"[31m
    [33mdata-aria-hidden[31m=[32m"true"[31m
    [33mdata-radix-focus-guard[31m=[32m""[31m
    [33mstyle[31m=[32m"outline: none; opacity: 0; position: fixed; pointer-events: none;"[31m
    [33mtabindex[31m=[32m"0"[31m
  [36m/>[31m
  [36m<div[31m
    [33maria-hidden[31m=[32m"true"[31m
    [33mdata-aria-hidden[31m=[32m"true"[31m
  [36m/>[31m
  [36m<div[31m
    [33maria-hidden[31m=[32m"true"[31m
    [33mclass[31m=[32m"data-[state=open]:animate-in data-[state=closed]:animate-out data-[state=closed]:fade-out-0 data-[state=open]:fade-in-0 fixed inset-0 z-50 bg-black/50"[31m
    [33mdata-aria-hidden[31m=[32m"true"[31m
    [33mdata-slot[31m=[32m"dialog-overlay"[31m
    [33mdata-state[31m=[32m"open"[31m
    [33mstyle[31m=[32m"pointer-events: auto;"[31m
  [36m/>[31m
  [36m<div[31m
    [33maria-describedby[31m=[32m"radix-_r_26_"[31m
    [33maria-labelledby[31m=[32m"radix-_r_25_"[31m
    [33mclass[31m=[32m"bg-background data-[state=open]:animate-in data-[state=closed]:animate-out data-[state=closed]:fade-out-0 data-[state=open]:fade-in-0 data-[state=closed]:zoom-out-95 data-[state=open]:zoom-in-95 fixed top-[50%] left-[50%] z-50 grid w-full max-w-[calc(100%-2rem)] translate-x-[-50%] translate-y-[-50%] gap-4 rounded-lg border p-6 shadow-lg duration-200 sm:max-w-[500px]"[31m
    [33mdata-slot[31m=[32m"dialog-content"[31m
    [33mdata-state[31m=[32m"open"[31m
    [33mid[31m=[32m"radix-_r_24_"[31m
    [33mrole[31m=[32m"dialog"[31m
    [33mstyle[31m=[32m"pointer-events: auto;"[31m
    [33mtabindex[31m=[32m"-1"[31m
  [36m>[31m
    [36m<div[31m
      [33mclass[31m=[32m"flex flex-col gap-2 text-center sm:text-left"[31m
      [33mdata-slot[31m=[32m"dialog-header"[31m
    [36m>[31m
      [36m<h2[31m
        [33mclass[31m=[32m"text-lg leading-none font-semibold"[31m
        [33mdata-slot[31m=[32m"dialog-title"[31m
        [33mid[31m=[32m"radix-_r_25_"[31m
      [36m>[31m
        [0mAdd New User[0m
      [36m</h2>[31m
      [36m<p[31m
        [33mclass[31m=[32m"text-muted-foreground text-sm"[31m
        [33mdata-slot[31m=[32m"dialog-description"[31m
        [33mid[31m=[32m"radix-_r_26_"[31m
      [36m>[31m
        [0mCreate a new user account with assigned role and access level.[0m
      [36m</p>[31m
    [36m</div>[31m
    [36m<form[31m
      [33mclass[31m=[32m"space-y-4"[31m
    [36m>[31m
      [36m<div[31m
        [33mclass[31m=[32m"grid gap-2"[31m
        [33mdata-slot[31m=[32m"form-item"[31m
      [36m>[31m
        [36m<label[31m
          [33mclass[31m=[32m"flex items-center gap-2 text-sm leading-none font-medium select-none group-data-[disabled=true]:pointer-events-none group-data-[disabled=true]:opacity-50 peer-disabled:cursor-not-allowed peer-disabled:opacity-50 data-[error=true]:text-destructive"[31m
          [33mdata-error[31m=[32m"false"[31m
          [33mdata-slot[31m=[32m"form-label"[31m
          [33mfor[31m=[32m"_r_27_-form-item"[31m
        [36m>[31m
          [0mEmail[0m
        [36m</label>[31m
        [36m<input[31m
          [33maria-describedby[31m=[32m"_r_27_-form-item-description"[31m
          [33maria-invalid[31m=[32m"false"[31m
          [33mclass[31m=[32m"flex h-10 w-full rounded-md border border-input bg-background px-3 py-2 text-sm ring-offset-background file:border-0 file:bg-transparent file:text-sm file:font-medium placeholder:text-muted-foreground focus-visible:outline-none focus-visible:ring-2 focus-visible:ring-ring focus-visible:ring-offset-2 disabled:cursor-not-allowed disabled:opacity-50"[31m
          [33mdata-slot[31m=[32m"form-control"[31m
          [33mid[31m=[32m"_r_27_-form-item"[31m
          [33mname[31m=[32m"email"[31m
          [33mplaceholder[31m=[32m"user@example.com"[31m
          [33mtype[31m=[32m"email"[31m
          [33mvalue[31m=[32m""[31m
        [36m/>[31m
      [36m</div>[31m
      [36m<div[31m
        [33mclass[31m=[32m"grid gap-2"[31m
        [33mdata-slot[31m=[32m"form-item"[31m
      [36m>[31m
        [36m<label[31m
          [33mclass[31m=[32m"flex items-center gap-2 text-sm leading-none font-medium select-none group-data-[disabled=true]:pointer-events-none group-data-[disabled=true]:opacity-50 peer-disabled:cursor-not-allowed peer-disabled:opacity-50 data-[error=true]:text-destructive"[31m
          [33mdata-error[31m=[32m"false"[31m
          [33mdata-slot[31m=[32m"form-label"[31m
          [33mfor[31m=[32m"_r_28_-form-item"[31m
        [36m>[31m
          [0mPassword[0m
        [36m</label>[31m
        [36m<input[31m
          [33maria-describedby[31m=[32m"_r_28_-form-item-description"[31m
          [33maria-invalid[31m=[32m"false"[31m
          [33mclass[31m=[32m"flex h-10 w-full rounded-md border border-input bg-background px-3 py-2 text-sm ring-offset-background file:border-0 file:bg-transparent file:text-sm file:font-medium placeholder:text-muted-foreground focus-visible:outline-none focus-visible:ring-2 focus-visible:ring-ring focus-visible:ring-offset-2 disabled:cursor-not-allowed disabled:opacity-50"[31m
          [33mdata-slot[31m=[32m"form-control"[31m
          [33mid[31m=[32m"_r_28_-form-item"[31m
          [33mname[31m=[32m"password"[31m
          [33mplaceholder[31m=[32m"Minimum 8 characters"[31m
          [33mtype[31m=[32m"password"[31m
          [33mvalue[31m=[32m""[31m
        [36m/>[31m
      [36m</div>[31m
      [36m<div[31m
        [33mclass[31m=[32m"grid gap-2"[31m
        [33mdata-slot[31m=[32m"form-item"[31m
      [36m>[31m
        [36m<label[31m
          [33mclass[31m=[32m"flex items-center gap-2 text-sm leading-none font-medium select-none group-data-[disabled=true]:pointer-events-none group-data-[disabled=true]:opacity-50 peer-disabled:cursor-not-allowed peer-disabled:opacity-50 data-[error=true]:text-destructive"[31m
          [33mdata-error[31m=[32m"false"[31m
          [33mdata-slot[31m=[32m"form-label"[31m
          [33mfor[31m=[32m"_r_29_-form-item"[31m
        [36m>[31m
          [0mRole[0m
        [36m</label>[31m
        [36m<button[31m
          [33maria-autocomplete[31m=[32m"none"[31m
          [33maria-controls[31m=[32m"radix-_r_2a_"[31m
          [33maria-describedby[31m=[32m"_r_29_-form-item-description"[31m
          [33maria-expanded[31m=[32m"false"[31m
          [33maria-invalid[31m=[32m"false"[31m
          [33mclass[31m=[32m"border-input data-[placeholder]:text-muted-foreground [&_svg:not([class*='text-'])]:text-muted-foreground focus-visible:border-ring focus-visible:ring-ring/50 aria-invalid:ring-destructive/20 dark:aria-invalid:r...

Ignored nodes: comments, script, style
[36m<html>[31m
  [36m<head />[31m
  [36m<body[31m
    [33mdata-scroll-locked[31m=[32m"1"[31m
    [33mstyle[31m=[32m"pointer-events: none;"[31m
  [36m>[31m
    [36m<span[31m
      [33maria-hidden[31m=[32m"true"[31m
      [33mdata-aria-hidden[31m=[32m"true"[31m
      [33mdata-radix-focus-guard[31m=[32m""[31m
      [33mstyle[31m=[32m"outline: none; opacity: 0; position: fixed; pointer-events: none;"[31m
      [33mtabindex[31m=[32m"0"[31m
    [36m/>[31m
    [36m<div[31m
      [33maria-hidden[31m=[32m"true"[31m
      [33mdata-aria-hidden[31m=[32m"true"[31m
    [36m/>[31m
    [36m<div[31m
      [33maria-hidden[31m=[32m"true"[31m
      [33mclass[31m=[32m"data-[state=open]:animate-in data-[state=closed]:animate-out data-[state=closed]:fade-out-0 data-[state=open]:fade-in-0 fixed inset-0 z-50 bg-black/50"[31m
      [33mdata-aria-hidden[31m=[32m"true"[31m
      [33mdata-slot[31m=[32m"dialog-overlay"[31m
      [33mdata-state[31m=[32m"open"[31m
      [33mstyle[31m=[32m"pointer-events: auto;"[31m
    [36m/>[31m
    [36m<div[31m
      [33maria-describedby[31m=[32m"radix-_r_26_"[31m
      [33maria-labelledby[31m=[32m"radix-_r_25_"[31m
      [33mclass[31m=[32m"bg-background data-[state=open]:animate-in data-[state=closed]:animate-out data-[state=closed]:fade-out-0 data-[state=open]:fade-in-0 data-[state=closed]:zoom-out-95 data-[state=open]:zoom-in-95 fixed top-[50%] left-[50%] z-50 grid w-full max-w-[calc(100%-2rem)] translate-x-[-50%] translate-y-[-50%] gap-4 rounded-lg border p-6 shadow-lg duration-200 sm:max-w-[500px]"[31m
      [33mdata-slot[31m=[32m"dialog-content"[31m
      [33mdata-state[31m=[32m"open"[31m
      [33mid[31m=[32m"radix-_r_24_"[31m
      [33mrole[31m=[32m"dialog"[31m
      [33mstyle[31m=[32m"pointer-events: auto;"[31m
      [33mtabindex[31m=[32m"-1"[31m
    [36m>[31m
      [36m<div[31m
        [33mclass[31m=[32m"flex flex-col gap-2 text-center sm:text-left"[31m
        [33mdata-slot[31m=[32m"dialog-header"[31m
      [36m>[31m
        [36m<h2[31m
          [33mclass[31m=[32m"text-lg leading-none font-semibold"[31m
          [33mdata-slot[31m=[32m"dialog-title"[31m
          [33mid[31m=[32m"radix-_r_25_"[31m
        [36m>[31m
          [0mAdd New User[0m
        [36m</h2>[31m
        [36m<p[31m
          [33mclass[31m=[32m"text-muted-foreground text-sm"[31m
          [33mdata-slot[31m=[32m"dialog-description"[31m
          [33mid[31m=[32m"radix-_r_26_"[31m
        [36m>[31m
          [0mCreate a new user account with assigned role and access level.[0m
        [36m</p>[31m
      [36m</div>[31m
      [36m<form[31m
        [33mclass[31m=[32m"space-y-4"[31m
      [36m>[31m
        [36m<div[31m
          [33mclass[31m=[32m"grid gap-2"[31m
          [33mdata-slot[31m=[32m"form-item"[31m
        [36m>[31m
          [36m<label[31m
            [33mclass[31m=[32m"flex items-center gap-2 text-sm leading-none font-medium select-none group-data-[disabled=true]:pointer-events-none group-data-[disabled=true]:opacity-50 peer-disabled:cursor-not-allowed peer-disabled:opacity-50 data-[error=true]:text-destructive"[31m
            [33mdata-error[31m=[32m"false"[31m
            [33mdata-slot[31m=[32m"form-label"[31m
            [33mfor[31m=[32m"_r_27_-form-item"[31m
          [36m>[31m
            [0mEmail[0m
          [36m</label>[31m
          [36m<input[31m
            [33maria-describedby[31m=[32m"_r_27_-form-item-description"[31m
            [33maria-invalid[31m=[32m"false"[31m
            [33mclass[31m=[32m"flex h-10 w-full rounded-md border border-input bg-background px-3 py-2 text-sm ring-offset-background file:border-0 file:bg-transparent file:text-sm file:font-medium placeholder:text-muted-foreground focus-visible:outline-none focus-visible:ring-2 focus-visible:ring-ring focus-visible:ring-offset-2 disabled:cursor-not-allowed disabled:opacity-50"[31m
            [33mdata-slot[31m=[32m"form-control"[31m
            [33mid[31m=[32m"_r_27_-form-item"[31m
            [33mname[31m=[32m"email"[31m
            [33mplaceholder[31m=[32m"user@example.com"[31m
            [33mtype[31m=[32m"email"[31m
            [33mvalue[31m=[32m""[31m
          [36m/>[31m
        [36m</div>[31m
        [36m<div[31m
          [33mclass[31m=[32m"grid gap-2"[31m
          [33mdata-slot[31m=[32m"form-item"[31m
        [36m>[31m
          [36m<label[31m
            [33mclass[31m=[32m"flex items-center gap-2 text-sm leading-none font-medium select-none group-data-[disabled=true]:pointer-events-none group-data-[disabled=true]:opacity-50 peer-disabled:cursor-not-allowed peer-disabled:opacity-50 data-[error=true]:text-destructive"[31m
            [33mdata-error[31m=[32m"false"[31m
            [33mdata-slot[31m=[32m"form-label"[31m
            [33mfor[31m=[32m"_r_28_-form-item"[31m
          [36m>[31m
            [0mPassword[0m
          [36m</label>[31m
          [36m<input[31m
            [33maria-describedby[31m=[32m"_r_28_-form-item-description"[31m
            [33maria-invalid[31m=[32m"false"[31m
            [33mclass[31m=[32m"flex h-10 w-full rounded-md border border-input bg-background px-3 py-2 text-sm ring-offset-background file:border-0 file:bg-transparent file:text-sm file:font-medium placeholder:text-muted-foreground focus-visible:outline-none focus-visible:ring-2 focus-visible:ring-ring focus-visible:ring-offset-2 disabled:cursor-not-allowed disabled:opacity-50"[31m
            [33mdata-slot[31m=[32m"form-control"[31m
            [33mid[31m=[32m"_r_28_-form-item"[31m
            [33mname[31m=[32m"password"[31m
            [33mplaceholder[31m=[32m"Minimum 8 characters"[31m
            [33mtype[31m=[32m"password"[31m
            [33mvalue[31m=[32m""[31m
          [36m/>[31m
        [36m</div>[31m
        [36m<div[31m
          [33mclass[31m=[32m"grid gap-2"[31m
          [33mdata-slot[31m=[32m"form-item"[31m
        [36m>[31m
          [36m<label[31m
            [33mclass[31m=[32m"flex items-center gap-2 text-sm leading-none font-medium select-none group-data-[disabled=true]:pointer-events-none group-data-[disabled=true]:opacity-50 peer-disabled:cursor-not-allowed peer-disabled:opacity-50 data-[error=true]:text-destructive"[31m
            [33mdata-error[31m=[32m"false"[31m
            [33mdata-slot[31m=[32m"form-label"[31m
            [33mfor[31m=[32m"_r_29_-form-item"[31m
          [36m>[31m
            [0mRole[0m
          [36m</label>[31m
          [36m<button[31m
            [33maria-autocomplete[31m=[32m"none"[31m
            [33maria-controls[31m=[32m"radix-_r_2a_"[31m
            [33maria-describedby[31m=[32m"_r_29_-form-item-description"[31m
            [33maria-expanded[31m=[32m"false"[31m
            [...[39m
 [32mΓ£ô[39m tests/integration/components/employee-table-permissions.test.tsx[2m > [22mEmployeeTable Permission Rendering[2m > [22mExternal Party Role (Sodexo)[2m > [22mclicking masterdata cell shows read-only tooltip[33m 532[2mms[22m[39m
 [32mΓ£ô[39m tests/integration/components/employee-table-permissions.test.tsx[2m > [22mEmployeeTable Permission Rendering[2m > [22mColumn Header Accessibility[2m > [22mincludes (read-only) in aria-label for read-only columns[32m 131[2mms[22m[39m
 [32mΓ£ô[39m tests/integration/components/employee-table-permissions.test.tsx[2m > [22mEmployeeTable Permission Rendering[2m > [22mEmpty State[2m > [22mdisplays message when no employees exist[32m 5[2mms[22m[39m
 [32mΓ£ô[39m tests/unit/components/important-dates-table.test.tsx[2m > [22mImportantDatesTable[2m > [22mRendering[2m > [22mshould render important dates correctly[33m 552[2mms[22m[39m
 [32mΓ£ô[39m tests/unit/components/add-user-modal.test.tsx[2m > [22mAddUserModal[2m > [22mactive checkbox is checked by default[32m 272[2mms[22m[39m
 [32mΓ£ô[39m tests/unit/components/editable-cell.test.tsx[2m > [22mEditableCell - Permission States[2m > [22mRead-Only State (canEdit = false)[2m > [22mhas select-text class to allow text selection in read-only cell[32m 130[2mms[22m[39m
 [32mΓ£ô[39m tests/unit/components/important-dates-table.test.tsx[2m > [22mImportantDatesTable[2m > [22mRendering[2m > [22mshould display loading state[32m 175[2mms[22m[39m
 [32mΓ£ô[39m tests/unit/components/editable-cell.test.tsx[2m > [22mEditableCell - Permission States[2m > [22mRead-Only State (canEdit = false)[2m > [22mshows tooltip when read-only cell is clicked[33m 429[2mms[22m[39m
 [2m[90mΓåô[39m[22m tests/unit/components/editable-cell.test.tsx[2m > [22mEditableCell - Permission States[2m > [22mRead-Only State (canEdit = false)[2m > [22mtooltip auto-dismisses after 2 seconds
 [32mΓ£ô[39m tests/unit/components/add-column-modal.test.tsx[2m > [22mAddColumnModal[2m > [22mdisplays error toast on API failure[32m 294[2mms[22m[39m
 [32mΓ£ô[39m tests/unit/components/employee-table.test.tsx[2m > [22mEmployeeTable[2m > [22mshould not show editable cells for non-HR Admin users[32m 221[2mms[22m[39m
 [32mΓ£ô[39m tests/unit/components/important-dates-table.test.tsx[2m > [22mImportantDatesTable[2m > [22mRendering[2m > [22mshould display empty state when no dates exist[32m 130[2mms[22m[39m
 [32mΓ£ô[39m tests/unit/components/add-important-date-modal.test.tsx[2m > [22mAddImportantDateModal[2m > [22mModal Behavior[2m > [22mshould reset form when modal is closed and reopened[33m 741[2mms[22m[39m
 [32mΓ£ô[39m tests/unit/components/editable-cell.test.tsx[2m > [22mEditableCell - Permission States[2m > [22mRead-Only State (canEdit = false)[2m > [22mdoes not enter edit mode when clicked[32m 134[2mms[22m[39m
 [32mΓ£ô[39m tests/unit/components/editable-cell.test.tsx[2m > [22mEditableCell - Permission States[2m > [22mEditable State (canEdit = true)[2m > [22mrenders editable cell with white background and hover effect[32m 48[2mms[22m[39m
 [32mΓ£ô[39m tests/unit/components/employee-table.test.tsx[2m > [22mEmployeeTable[2m > [22mshould show editable cells for HR Admin users[33m 581[2mms[22m[39m
 [32mΓ£ô[39m tests/unit/components/employee-table.test.tsx[2m > [22mEmployeeTable[2m > [22mSearch Functionality[2m > [22mshould render search input with correct placeholder[32m 96[2mms[22m[39m
 [32mΓ£ô[39m tests/unit/components/editable-cell.test.tsx[2m > [22mEditableCell - Permission States[2m > [22mEditable State (canEdit = true)[2m > [22menters edit mode when clicked[32m 108[2mms[22m[39m
 [32mΓ£ô[39m tests/unit/components/editable-cell.test.tsx[2m > [22mEditableCell - Permission States[2m > [22mEditable State (canEdit = true)[2m > [22menters edit mode on Enter key[32m 54[2mms[22m[39m
 [32mΓ£ô[39m tests/unit/components/employee-table.test.tsx[2m > [22mEmployeeTable[2m > [22mSearch Functionality[2m > [22mshould filter employees by first name (case-insensitive)[32m 142[2mms[22m[39m
 [32mΓ£ô[39m tests/unit/components/editable-cell.test.tsx[2m > [22mEditableCell - Permission States[2m > [22mEditable State (canEdit = true)[2m > [22menters edit mode on Space key[32m 86[2mms[22m[39m
 [32mΓ£ô[39m tests/unit/components/editable-cell.test.tsx[2m > [22mEditableCell - Permission States[2m > [22mDefault Behavior (canEdit not specified)[2m > [22mdefaults to editable when canEdit prop is omitted[32m 30[2mms[22m[39m
 [32mΓ£ô[39m tests/unit/components/editable-cell.test.tsx[2m > [22mEditableCell - Permission States[2m > [22mARIA Attributes[2m > [22msets aria-readonly='true' for read-only cells[32m 51[2mms[22m[39m
 [32mΓ£ô[39m tests/unit/components/important-dates-table.test.tsx[2m > [22mImportantDatesTable[2m > [22mRendering[2m > [22mshould render all table columns[32m 149[2mms[22m[39m
 [32mΓ£ô[39m tests/unit/components/editable-cell.test.tsx[2m > [22mEditableCell - Permission States[2m > [22mARIA Attributes[2m > [22msets aria-readonly='false' for editable cells[32m 33[2mms[22m[39m
 [32mΓ£ô[39m tests/unit/components/editable-cell.test.tsx[2m > [22mEditableCell - Permission States[2m > [22mARIA Attributes[2m > [22mhas role='gridcell' for proper table semantics[32m 35[2mms[22m[39m
 [32mΓ£ô[39m tests/unit/components/editable-cell.test.tsx[2m > [22mEditableCell - Permission States[2m > [22mEmpty Value Handling[2m > [22mdisplays em-dash for null value in read-only cell[32m 7[2mms[22m[39m
 [32mΓ£ô[39m tests/unit/components/editable-cell.test.tsx[2m > [22mEditableCell - Permission States[2m > [22mEmpty Value Handling[2m > [22mdisplays em-dash for null value in editable cell[32m 4[2mms[22m[39m
 [32mΓ£ô[39m tests/unit/components/employee-table.test.tsx[2m > [22mEmployeeTable[2m > [22mSearch Functionality[2m > [22mshould filter employees by surname[32m 141[2mms[22m[39m
 [32mΓ£ô[39m tests/unit/components/important-dates-table.test.tsx[2m > [22mImportantDatesTable[2m > [22mRole-based Display[2m > [22mshould show delete buttons for HR Admin[33m 350[2mms[22m[39m
 [32mΓ£ô[39m tests/unit/components/important-dates-table.test.tsx[2m > [22mImportantDatesTable[2m > [22mRole-based Display[2m > [22mshould hide delete buttons for external party users[32m 63[2mms[22m[39m
 [32mΓ£ô[39m tests/unit/components/employee-table.test.tsx[2m > [22mEmployeeTable[2m > [22mSearch Functionality[2m > [22mshould filter employees by SSN[32m 160[2mms[22m[39m
 [32mΓ£ô[39m tests/unit/components/employee-table.test.tsx[2m > [22mEmployeeTable[2m > [22mSearch Functionality[2m > [22mshould filter employees by email[32m 152[2mms[22m[39m
 [32mΓ£ô[39m tests/unit/components/important-dates-table.test.tsx[2m > [22mImportantDatesTable[2m > [22mRole-based Display[2m > [22mshould show editable cells for HR Admin[32m 109[2mms[22m[39m
 [32mΓ£ô[39m tests/unit/components/important-dates-table.test.tsx[2m > [22mImportantDatesTable[2m > [22mRole-based Display[2m > [22mshould show read-only cells for external party users[32m 82[2mms[22m[39m
[90mstderr[2m | tests/unit/components/add-column-modal.test.tsx[2m > [22m[2mAddColumnModal[2m > [22m[2mallows 
selecting column type
[22m[39mTypeError: candidate?.scrollIntoView is not a function
    at [90mfile:///D:/Masterdata/hr-masterdata/[39mnode_modules/[4m.pnpm[24m/@radix-ui+react-select@2.2._802c3d414c
85063bee785fcc98a39c07/node_modules/[4m@radix-ui/react-select[24m/dist/index.mjs:321:22
    at [90mfile:///D:/Masterdata/hr-masterdata/[39mnode_modules/[4m.pnpm[24m/@radix-ui+react-select@2.2._802c3d414c
85063bee785fcc98a39c07/node_modules/[4m@radix-ui/react-select[24m/dist/index.mjs:331:13
    at [90mfile:///D:/Masterdata/hr-masterdata/[39mnode_modules/[4m.pnpm[24m/@radix-ui+react-select@2.2._802c3d414c
85063bee785fcc98a39c07/node_modules/[4m@radix-ui/react-select[24m/dist/index.mjs:336:9
    at Object.react_stack_bottom_frame [90m(D:\Masterdata\hr-masterdata\[39mnode_modules\[4m.pnpm[24m\react-dom@19.
2.0_react@19.2.0\node_modules\[4mreact-dom[24m\cjs\react-dom-client.development.js:25989:20[90m)[39m
    at runWithFiberInDEV [90m(D:\Masterdata\hr-masterdata\[39mnode_modules\[4m.pnpm[24m\react-dom@19.2.0_react@19.2
.0\node_modules\[4mreact-dom[24m\cjs\react-dom-client.development.js:874:13[90m)[39m
    at commitHookEffectListMount [90m(D:\Masterdata\hr-masterdata\[39mnode_modules\[4m.pnpm[24m\react-dom@19.2.0_re
act@19.2.0\node_modules\[4mreact-dom[24m\cjs\react-dom-client.development.js:13249:29[90m)[39m
    at commitHookPassiveMountEffects [90m(D:\Masterdata\hr-masterdata\[39mnode_modules\[4m.pnpm[24m\react-dom@19.2.
0_react@19.2.0\node_modules\[4mreact-dom[24m\cjs\react-dom-client.development.js:13336:11[90m)[39m
    at commitPassiveMountOnFiber [90m(D:\Masterdata\hr-masterdata\[39mnode_modules\[4m.pnpm[24m\react-dom@19.2.0_re
act@19.2.0\node_modules\[4mreact-dom[24m\cjs\react-dom-client.development.js:15484:13[90m)[39m
    at recursivelyTraversePassiveMountEffects [90m(D:\Masterdata\hr-masterdata\[39mnode_modules\[4m.pnpm[24m\react-
dom@19.2.0_react@19.2.0\node_modules\[4mreact-dom[24m\cjs\react-dom-client.development.js:15439:11[90m)[39m
    at commitPassiveMountOnFiber [90m(D:\Masterdata\hr-masterdata\[39mnode_modules\[4m.pnpm[24m\react-dom@19.2.0_re
act@19.2.0\node_modules\[4mreact-dom[24m\cjs\react-dom-client.development.js:15476:11[90m)[39m
An error occurred in the <SelectContentImpl> component.

Consider adding an error boundary to your tree to customize error handling behavior.
Visit https://react.dev/link/error-boundaries to learn more about error boundaries.


 [32mΓ£ô[39m tests/unit/components/employee-table.test.tsx[2m > [22mEmployeeTable[2m > [22mSearch Functionality[2m > [22mshould filter employees by mobile[32m 152[2mms[22m[39m
 [32mΓ£ô[39m tests/unit/components/add-column-modal.test.tsx[2m > [22mAddColumnModal[2m > [22mdisables form during submission[33m 562[2mms[22m[39m
 [32mΓ£ô[39m tests/unit/components/add-employee-modal.test.tsx[2m > [22mAddEmployeeModal[2m > [22mshould display error for duplicate SSN[33m 1859[2mms[22m[39m
 [32mΓ£ô[39m tests/unit/components/add-important-date-modal.test.tsx[2m > [22mAddImportantDateModal[2m > [22mModal Behavior[2m > [22mshould disable save button while submitting[33m 927[2mms[22m[39m
[90mstderr[2m | tests/unit/components/add-important-date-modal.test.tsx[2m > [22m[2mAddImportantDateModal[2m > 
[22m[2mCategory Selection[2m > [22m[2mshould allow selecting different categories
[22m[39mTypeError: target.hasPointerCapture is not a function
    at [90mfile:///D:/Masterdata/hr-masterdata/[39mnode_modules/[4m.pnpm[24m/@radix-ui+react-select@2.2._802c3d414c
85063bee785fcc98a39c07/node_modules/[4m@radix-ui/react-select[24m/dist/index.mjs:194:22
    at handleEvent [90m(file:///D:/Masterdata/hr-masterdata/[39mnode_modules/[4m.pnpm[24m/@radix-ui+primitive@1.1.3
/node_modules/[4m@radix-ui/primitive[24m/dist/index.mjs:7:31[90m)[39m
    at executeDispatch [90m(D:\Masterdata\hr-masterdata\[39mnode_modules\[4m.pnpm[24m\react-dom@19.2.0_react@19.2.0
\node_modules\[4mreact-dom[24m\cjs\react-dom-client.development.js:19116:9[90m)[39m
    at runWithFiberInDEV [90m(D:\Masterdata\hr-masterdata\[39mnode_modules\[4m.pnpm[24m\react-dom@19.2.0_react@19.2
.0\node_modules\[4mreact-dom[24m\cjs\react-dom-client.development.js:874:13[90m)[39m
    at processDispatchQueue [90m(D:\Masterdata\hr-masterdata\[39mnode_modules\[4m.pnpm[24m\react-dom@19.2.0_react@1
9.2.0\node_modules\[4mreact-dom[24m\cjs\react-dom-client.development.js:19166:19[90m)[39m
    at [90mD:\Masterdata\hr-masterdata\[39mnode_modules\[4m.pnpm[24m\react-dom@19.2.0_react@19.2.0\node_modules\[4
mreact-dom[24m\cjs\react-dom-client.development.js:19767:9
    at batchedUpdates$1 [90m(D:\Masterdata\hr-masterdata\[39mnode_modules\[4m.pnpm[24m\react-dom@19.2.0_react@19.2.
0\node_modules\[4mreact-dom[24m\cjs\react-dom-client.development.js:3255:40[90m)[39m
    at dispatchEventForPluginEventSystem [90m(D:\Masterdata\hr-masterdata\[39mnode_modules\[4m.pnpm[24m\react-dom@1
9.2.0_react@19.2.0\node_modules\[4mreact-dom[24m\cjs\react-dom-client.development.js:19320:7[90m)[39m
    at dispatchEvent [90m(D:\Masterdata\hr-masterdata\[39mnode_modules\[4m.pnpm[24m\react-dom@19.2.0_react@19.2.0\n
ode_modules\[4mreact-dom[24m\cjs\react-dom-client.development.js:23585:11[90m)[39m
    at dispatchDiscreteEvent [90m(D:\Masterdata\hr-masterdata\[39mnode_modules\[4m.pnpm[24m\react-dom@19.2.0_react@
19.2.0\node_modules\[4mreact-dom[24m\cjs\react-dom-client.development.js:23553:11[90m)[39m

 [32mΓ£ô[39m tests/unit/components/employee-table.test.tsx[2m > [22mEmployeeTable[2m > [22mSearch Functionality[2m > [22mshould filter employees by rank[32m 152[2mms[22m[39m
 [32mΓ£ô[39m tests/unit/components/employee-table.test.tsx[2m > [22mEmployeeTable[2m > [22mSearch Functionality[2m > [22mshould filter employees by gender[32m 146[2mms[22m[39m
 [32mΓ£ô[39m tests/unit/components/add-user-modal.test.tsx[2m > [22mAddUserModal[2m > [22mcalls createUser service on form submission[33m 1635[2mms[22m[39m
 [32mΓ£ô[39m tests/unit/components/employee-table.test.tsx[2m > [22mEmployeeTable[2m > [22mSearch Functionality[2m > [22mshould filter employees by town district[32m 148[2mms[22m[39m
 [32mΓ£ô[39m tests/unit/components/important-dates-table.test.tsx[2m > [22mImportantDatesTable[2m > [22mCategory Filtering[2m > [22mshould render category filter dropdown[32m 149[2mms[22m[39m
 [32mΓ£ô[39m tests/unit/components/employee-table.test.tsx[2m > [22mEmployeeTable[2m > [22mSearch Functionality[2m > [22mshould perform case-insensitive partial string matching[32m 131[2mms[22m[39m
 [32mΓ£ô[39m tests/unit/components/add-column-modal.test.tsx[2m > [22mAddColumnModal[2m > [22mallows selecting column type[33m 980[2mms[22m[39m
 [32mΓ£ô[39m tests/unit/components/important-dates-table.test.tsx[2m > [22mImportantDatesTable[2m > [22mCategory Filtering[2m > [22mshould filter dates by Stena Dates category[33m 612[2mms[22m[39m
 [32mΓ£ô[39m tests/unit/components/employee-table.test.tsx[2m > [22mEmployeeTable[2m > [22mSearch Functionality[2m > [22mshould show empty state when no results match search[32m 104[2mms[22m[39m
 [32mΓ£ô[39m tests/unit/components/important-dates-table.test.tsx[2m > [22mImportantDatesTable[2m > [22mCategory Filtering[2m > [22mshould show all dates when 'All' filter is selected[32m 141[2mms[22m[39m
 [31m├ù[39m tests/unit/components/add-important-date-modal.test.tsx[2m > [22mAddImportantDateModal[2m > [22mCategory Selection[2m > [22mshould allow selecting different categories[33m 1165[2mms[22m[39m
[31m   ΓåÆ Unable to find an accessible element with the role "option" and name "├ûMC Dates"

Here are the accessible roles:

  dialog:

  Name "Add Important Date":
  [36m<div[31m
    [33maria-describedby[31m=[32m"radix-_r_44_"[31m
    [33maria-labelledby[31m=[32m"radix-_r_43_"[31m
    [33mclass[31m=[32m"bg-background data-[state=open]:animate-in data-[state=closed]:animate-out data-[state=closed]:fade-out-0 data-[state=open]:fade-in-0 data-[state=closed]:zoom-out-95 data-[state=open]:zoom-in-95 fixed top-[50%] left-[50%] z-50 grid w-full translate-x-[-50%] translate-y-[-50%] gap-4 rounded-lg border p-6 shadow-lg duration-200 sm:max-w-lg max-w-2xl max-h-[90vh] overflow-y-auto"[31m
    [33mdata-slot[31m=[32m"dialog-content"[31m
    [33mdata-state[31m=[32m"open"[31m
    [33mid[31m=[32m"radix-_r_42_"[31m
    [33mrole[31m=[32m"dialog"[31m
    [33mstyle[31m=[32m"pointer-events: auto;"[31m
    [33mtabindex[31m=[32m"-1"[31m
  [36m/>[31m

  --------------------------------------------------
  heading:

  Name "Add Important Date":
  [36m<h2[31m
    [33mclass[31m=[32m"text-lg leading-none font-semibold"[31m
    [33mdata-slot[31m=[32m"dialog-title"[31m
    [33mid[31m=[32m"radix-_r_43_"[31m
  [36m/>[31m

  --------------------------------------------------
  paragraph:

  Name "":
  [36m<p[31m
    [33mclass[31m=[32m"text-muted-foreground text-sm"[31m
    [33mdata-slot[31m=[32m"dialog-description"[31m
    [33mid[31m=[32m"radix-_r_44_"[31m
  [36m/>[31m

  --------------------------------------------------
  spinbutton:

  Name "Week Number (Optional)":
  [36m<input[31m
    [33maria-describedby[31m=[32m"_r_45_-form-item-description"[31m
    [33maria-invalid[31m=[32m"false"[31m
    [33mclass[31m=[32m"flex h-10 w-full rounded-md border border-input bg-background px-3 py-2 text-sm ring-offset-background file:border-0 file:bg-transparent file:text-sm file:font-medium placeholder:text-muted-foreground focus-visible:outline-none focus-visible:ring-2 focus-visible:ring-ring focus-visible:ring-offset-2 disabled:cursor-not-allowed disabled:opacity-50"[31m
    [33mdata-slot[31m=[32m"form-control"[31m
    [33mid[31m=[32m"_r_45_-form-item"[31m
    [33mmax[31m=[32m"53"[31m
    [33mmin[31m=[32m"1"[31m
    [33mname[31m=[32m"week_number"[31m
    [33mplaceholder[31m=[32m"e.g., 7"[31m
    [33mtype[31m=[32m"number"[31m
    [33mvalue[31m=[32m""[31m
  [36m/>[31m

  Name "Year *":
  [36m<input[31m
    [33maria-describedby[31m=[32m"_r_46_-form-item-description"[31m
    [33maria-invalid[31m=[32m"false"[31m
    [33mclass[31m=[32m"flex h-10 w-full rounded-md border border-input bg-background px-3 py-2 text-sm ring-offset-background file:border-0 file:bg-transparent file:text-sm file:font-medium placeholder:text-muted-foreground focus-visible:outline-none focus-visible:ring-2 focus-visible:ring-ring focus-visible:ring-offset-2 disabled:cursor-not-allowed disabled:opacity-50"[31m
    [33mdata-slot[31m=[32m"form-control"[31m
    [33mid[31m=[32m"_r_46_-form-item"[31m
    [33mmax[31m=[32m"2100"[31m
    [33mmin[31m=[32m"2020"[31m
    [33mname[31m=[32m"year"[31m
    [33mtype[31m=[32m"number"[31m
    [33mvalue[31m=[32m"2025"[31m
  [36m/>[31m

  --------------------------------------------------
  combobox:

  Name "Category *":
  [36m<button[31m
    [33maria-autocomplete[31m=[32m"none"[31m
    [33maria-controls[31m=[32m"radix-_r_48_"[31m
    [33maria-describedby[31m=[32m"_r_47_-form-item-description"[31m
    [33maria-expanded[31m=[32m"false"[31m
    [33maria-invalid[31m=[32m"false"[31m
    [33mclass[31m=[32m"border-input data-[placeholder]:text-muted-foreground [&_svg:not([class*='text-'])]:text-muted-foreground focus-visible:border-ring focus-visible:ring-ring/50 aria-invalid:ring-destructive/20 dark:aria-invalid:ring-destructive/40 aria-invalid:border-destructive dark:bg-input/30 dark:hover:bg-input/50 flex w-fit items-center justify-between gap-2 rounded-md border bg-transparent px-3 py-2 text-sm whitespace-nowrap shadow-xs transition-[color,box-shadow] outline-none focus-visible:ring-[3px] disabled:cursor-not-allowed disabled:opacity-50 data-[size=default]:h-9 data-[size=sm]:h-8 *:data-[slot=select-value]:line-clamp-1 *:data-[slot=select-value]:flex *:data-[slot=select-value]:items-center *:data-[slot=select-value]:gap-2 [&_svg]:pointer-events-none [&_svg]:shrink-0 [&_svg:not([class*='size-'])]:size-4"[31m
    [33mdata-size[31m=[32m"default"[31m
    [33mdata-slot[31m=[32m"form-control"[31m
    [33mdata-state[31m=[32m"closed"[31m
    [33mdir[31m=[32m"ltr"[31m
    [33mid[31m=[32m"_r_47_-form-item"[31m
    [33mrole[31m=[32m"combobox"[31m
    [33mtype[31m=[32m"button"[31m
  [36m/>[31m

  --------------------------------------------------
  textbox:

  Name "Date Description *":
  [36m<input[31m
    [33maria-describedby[31m=[32m"_r_49_-form-item-description"[31m
    [33maria-invalid[31m=[32m"false"[31m
    [33mclass[31m=[32m"flex h-10 w-full rounded-md border border-input bg-background px-3 py-2 text-sm ring-offset-background file:border-0 file:bg-transparent file:text-sm file:font-medium placeholder:text-muted-foreground focus-visible:outline-none focus-visible:ring-2 focus-visible:ring-ring focus-visible:ring-offset-2 disabled:cursor-not-allowed disabled:opacity-50"[31m
    [33mdata-slot[31m=[32m"form-control"[31m
    [33mid[31m=[32m"_r_49_-form-item"[31m
    [33mname[31m=[32m"date_description"[31m
    [33mplaceholder[31m=[32m"e.g., Fredag 14/2"[31m
    [33mvalue[31m=[32m""[31m
  [36m/>[31m

  Name "Date Value *":
  [36m<input[31m
    [33maria-describedby[31m=[32m"_r_4a_-form-item-description"[31m
    [33maria-invalid[31m=[32m"false"[31m
    [33mclass[31m=[32m"flex h-10 w-full rounded-md border border-input bg-background px-3 py-2 text-sm ring-offset-background file:border-0 file:bg-transparent file:text-sm file:font-medium placeholder:text-muted-foreground focus-visible:outline-none focus-visible:ring-2 focus-visible:ring-ring focus-visible:ring-offset-2 disabled:cursor-not-allowed disabled:opacity-50"[31m
    [33mdata-slot[31m=[32m"form-control"[31m
    [33mid[31m=[32m"_r_4a_-form-item"[31m
    [33mname[31m=[32m"date_value"[31m
    [33mplaceholder[31m=[32m"e.g., 15-16/2 or 10/4"[31m
    [33mvalue[31m=[32m""[31m
  [36m/>[31m

  Name "Notes (Optional)":
  [36m<textarea[31m
    [33maria-describedby[31m=[32m"_r_4b_-form-item-description"[31m
    [33maria-invalid[31m=[32m"false"[31m
    [33mclass[31m=[32m"border-input placeholder:text-muted-foreground focus-visible:border-ring focus-visible:ring-ring/50 aria-invalid:ring-destructive/20 dark:aria-invalid:ring-destructive/40 aria-invalid:border-destructive dark:bg-input/30 flex field-sizing-content min-h-16 w-full rounded-md border bg-transparent px-3 py-2 text-base shadow-xs transition-[color,box-shadow] outline-none focus-visible:ring-[3px] disabled:cursor-not-allowed disabled:opacity-50 md:text-sm"[31m
    [33mdata-slot[31m=[32m"form-control"[31m
    [33mid[31m=[32m"_r_4b_-form-item"[31m
    [33mname[31m=[32m"notes"[31m
    [33mplaceholder[31m=[32m"Additional notes or details..."[31m
  [36m/>[31m

  --------------------------------------------------
  button:

  Name "Cancel":
  [36m<button[31m
    [33mclass[31m=[32m"inline-flex items-center justify-center gap-2 whitespace-nowrap rounded-md text-sm font-medium transition-all disabled:pointer-events-none disabled:opacity-50 [&_svg]:pointer-events-none [&_svg:not([class*='size-'])]:size-4 shrink-0 [&_svg]:shrink-0 outline-none focus-visible:border-ring focus-visible:ring-ring/50 focus-visible:ring-[3px] aria-invalid:ring-destructive/20 dark:aria-invalid:ring-destructive/40 aria-invalid:border-destructive border bg-background shadow-xs hover:bg-accent hover:text-accent-foreground dark:bg-input/30 dark:border-input dark:hover:bg-input/50 h-9 px-4 py-2 has-[>svg]:px-3"[31m
    [33mdata-slot[31m=[32m"button"[31m
    [33mtype[31m=[32m"button"[31m
  [36m/>[31m

  Name "Create":
  [36m<button[31m
    [33mclass[31m=[32m"inline-flex items-center justify-center gap-2 whitespace-nowrap rounded-md text-sm font-medium transition-all disabled:pointer-events-none disabled:opacity-50 [&_svg]:pointer-events-none [&_svg:not([class*='size-'])]:size-4 shrink-0 [&_svg]:shrink-0 outline-none focus-visible:border-ring focus-visible:ring-ring/50 focus-visible:ring-[3px] aria-invalid:ring-destructive/20 dark:aria-invalid:ring-destructive/40 aria-invalid:border-destructive bg-primary text-primary-foreground hover:bg-primary/90 h-9 px-4 py-2 has-[>svg]:px-3"[31m
    [33mdata-slot[31m=[32m"button"[31m
    [33mtype[31m=[32m"submit"[31m
  [36m/>[31m

  Name "Close":
  [36m<button[31m
    [33mclass[31m=[32m"ring-offset-background focus:ring-ring data-[state=open]:bg-accent data-[state=open]:text-muted-foreground absolute top-4 right-4 rounded-xs opacity-70 transition-opacity hover:opacity-100 focus:ring-2 focus:ring-offset-2 focus:outline-hidden disabled:pointer-events-none [&_svg]:pointer-events-none [&_svg]:shrink-0 [&_svg:not([class*='size-'])]:size-4"[31m
    [33mdata-slot[31m=[32m"dialog-close"[31m
    [33mtype[31m=[32m"button"[31m
  [36m/>[31m

  --------------------------------------------------

Ignored nodes: comments, script, style
[36m<body[31m
  [33mdata-scroll-locked[31m=[32m"1"[31m
  [33mstyle[31m=[32m"pointer-events: none;"[31m
[36m>[31m
  [36m<span[31m
    [33maria-hidden[31m=[32m"true"[31m
    [33mdata-aria-hidden[31m=[32m"true"[31m
    [33mdata-radix-focus-guard[31m=[32m""[31m
    [33mstyle[31m=[32m"outline: none; opacity: 0; position: fixed; pointer-events: none;"[31m
    [33mtabindex[31m=[32m"0"[31m
  [36m/>[31m
  [36m<div[31m
    [33maria-hidden[31m=[32m"true"[31m
    [33mdata-aria-hidden[31m=[32m"true"[31m
  [36m/>[31m
  [36m<div[31m
    [33maria-hidden[31m=[32m"true"[31m
    [33mclass[31m=[32m"data-[state=open]:animate-in data-[state=closed]:animate-out data-[state=closed]:fade-out-0 data-[state=open]:fade-in-0 fixed inset-0 z-50 bg-black/50"[31m
    [33mdata-aria-hidden[31m=[32m"true"[31m
    [33mdata-slot[31m=[32m"dialog-overlay"[31m
    [33mdata-state[31m=[32m"open"[31m
    [33mstyle[31m=[32m"pointer-events: auto;"[31m
  [36m/>[31m
  [36m<div[31m
    [33maria-describedby[31m=[32m"radix-_r_44_"[31m
    [33maria-labelledby[31m=[32m"radix-_r_43_"[31m
    [33mclass[31m=[32m"bg-background data-[state=open]:animate-in data-[state=closed]:animate-out data-[state=closed]:fade-out-0 data-[state=open]:fade-in-0 data-[state=closed]:zoom-out-95 data-[state=open]:zoom-in-95 fixed top-[50%] left-[50%] z-50 grid w-full translate-x-[-50%] translate-y-[-50%] gap-4 rounded-lg border p-6 shadow-lg duration-200 sm:max-w-lg max-w-2xl max-h-[90vh] overflow-y-auto"[31m
    [33mdata-slot[31m=[32m"dialog-content"[31m
    [33mdata-state[31m=[32m"open"[31m
    [33mid[31m=[32m"radix-_r_42_"[31m
    [33mrole[31m=[32m"dialog"[31m
    [33mstyle[31m=[32m"pointer-events: auto;"[31m
    [33mtabindex[31m=[32m"-1"[31m
  [36m>[31m
    [36m<div[31m
      [33mclass[31m=[32m"flex flex-col gap-2 text-center sm:text-left"[31m
      [33mdata-slot[31m=[32m"dialog-header"[31m
    [36m>[31m
      [36m<h2[31m
        [33mclass[31m=[32m"text-lg leading-none font-semibold"[31m
        [33mdata-slot[31m=[32m"dialog-title"[31m
        [33mid[31m=[32m"radix-_r_43_"[31m
      [36m>[31m
        [0mAdd Important Date[0m
      [36m</h2>[31m
      [36m<p[31m
        [33mclass[31m=[32m"text-muted-foreground text-sm"[31m
        [33mdata-slot[31m=[32m"dialog-description"[31m
        [33mid[31m=[32m"radix-_r_44_"[31m
      [36m>[31m
        [0mCreate a new important date entry for operational planning.[0m
      [36m</p>[31m
    [36m</div>[31m
    [36m<form[31m
      [33mclass[31m=[32m"space-y-4"[31m
    [36m>[31m
      [36m<div[31m
        [33mclass[31m=[32m"grid grid-cols-2 gap-4"[31m
      [36m>[31m
        [36m<div[31m
          [33mclass[31m=[32m"grid gap-2"[31m
          [33mdata-slot[31m=[32m"form-item"[31m
        [36m>[31m
          [36m<label[31m
            [33mclass[31m=[32m"flex items-center gap-2 text-sm leading-none font-medium select-none group-data-[disabled=true]:pointer-events-none group-data-[disabled=true]:opacity-50 peer-disabled:cursor-not-allowed peer-disabled:opacity-50 data-[error=true]:text-destructive"[31m
            [33mdata-error[31m=[32m"false"[31m
            [33mdata-slot[31m=[32m"form-label"[31m
            [33mfor[31m=[32m"_r_45_-form-item"[31m
          [36m>[31m
            [0mWeek Number (Optional)[0m
          [36m</label>[31m
          [36m<input[31m
            [33maria-describedby[31m=[32m"_r_45_-form-item-description"[31m
            [33maria-invalid[31m=[32m"false"[31m
            [33mclass[31m=[32m"flex h-10 w-full rounded-md border border-input bg-background px-3 py-2 text-sm ring-offset-background file:border-0 file:bg-transparent file:text-sm file:font-medium placeholder:text-muted-foreground focus-visible:outline-none focus-visible:ring-2 focus-visible:ring-ring focus-visible:ring-offset-2 disabled:cursor-not-allowed disabled:opacity-50"[31m
            [33mdata-slot[31m=[32m"form-control"[31m
            [33mid[31m=[32m"_r_45_-form-item"[31m
            [33mmax[31m=[32m"53"[31m
            [33mmin[31m=[32m"1"[31m
            [33mname[31m=[32m"week_number"[31m
            [33mplaceholder[31m=[32m"e.g., 7"[31m
            [33mtype[31m=[32m"number"[31m
            [33mvalue[31m=[32m""[31m
          [36m/>[31m
        [36m</div>[31m
        [36m<div[31m
          [33mclass[31m=[32m"grid gap-2"[31m
          [33mdata-slot[31m=[32m"form-item"[31m
        [36m>[31m
          [36m<label[31m
            [33mclass[31m=[32m"flex items-center gap-2 text-sm leading-none font-medium select-none group-data-[disabled=true]:pointer-events-none group-data-[disabled=true]:opacity-50 peer-disabled:cursor-not-allowed peer-disabled:opacity-50 data-[error=true]:text-destructive"[31m
            [33mdata-error[31m=[32m"false"[31m
            [33mdata-slot[31m=[32m"form-label"[31m
            [33mfor[31m=[32m"_r_46_-form-item"[31m
          [36m>[31m
            [0mYear [0m
            [36m<span[31m
              [33mclass[31m=[32m"text-red-500"[31m
            [36m>[31m
              [0m*[0m
            [36m</span>[31m
          [36m</label>[31m
          [36m<input[31m
            [33maria-describedby[31m=[32m"_r_46_-form-item-description"[31m
            [33maria-invalid[31m=[32m"false"[31m
            [33mclass[31m=[32m"flex h-10 w-full rounded-md border border-input bg-background px-3 py-2 text-sm ring-offset-background file:border-0 file:bg-transparent file:text-sm file:font-medium placeholder:text-muted-foreground focus-visible:outline-none focus-visible:ring-2 focus-visible:ring-ring focus-visible:ring-offset-2 disabled:cursor-not-allowed disabled:opacity-50"[31m
            [33mdata-slot[31m=[32m"form-control"[31m
            [33mid[31m=[32m"_r_46_-form-item"[31m
            [33mmax[31m=[32m"2100"[31m
            [33mmin[31m=[32m"2020"[31m
            [33mname[31m=[32m"year"[31m
            [33mtype[31m=[32m"number"[31m
            [33mvalue[31m=[32m"2025"[31m
          [36m/>[31m
        [36m</div>[31m
        [36m<div[31m
          [33mclass[31m=[32m"grid gap-2"[31m
          [33mdata-slot[31m=[32m"form-item"[31m
        [36m>[31m
          [36m<label[31m
            [33mclass[31m=[32m"flex items-center gap-2 text-sm leading-none font-medium select-none group-data-[disabled=true]:pointer-events-none group-data-[disabled=true]:opacity-50 peer-disabled:cursor-not-allowed peer-disabled:opacity-50 data-[error=true]:text-destructive"[31m
            [33mdata-error[31m=[32m"false"[31m
            [33mdata-slot[31m=[32m"form-label"[31m
            [33mfor[31m=[32m"_r_47_-form-item"[31m
          [36m>[31m
            [0mCategory [0m
            [36m<span[31m
              [33mclass[31m=[32m"text-red-500"[31m
   ...[39m
(node:1396) Warning: `--localstorage-file` was provided without a valid path
(Use `node --trace-warnings ...` to show where the warning was created)
 [32mΓ£ô[39m tests/unit/components/employee-table.test.tsx[2m > [22mEmployeeTable[2m > [22mSearch Functionality[2m > [22mshould show clear button when search has value[32m 181[2mms[22m[39m
[90mstderr[2m | tests/unit/components/important-dates-table.test.tsx[2m > [22m[2mImportantDatesTable[2m > 
[22m[2mDelete Functionality[2m > [22m[2mshould open delete confirmation dialog when delete button is clicked
[22m[39mIn HTML, <div> cannot be a descendant of <p>.
This will cause a hydration error.

  ...
    <FocusScope asChild={true} loop={true} trapped={true} onMountAutoFocus={function handleEvent} ...>
      <Primitive.div tabIndex={-1} asChild={true} ref={function} onKeyDown={function}>
        <Primitive.div.Slot tabIndex={-1} onKeyDown={function} ref={function}>
          <Primitive.div.SlotClone tabIndex={-1} onKeyDown={function} ref={function}>
            <DismissableLayer role="alertdialog" id="radix-_r_39_" aria-describedby="radix-_r_3b_" ...>
              <Primitive.div role="alertdialog" id="radix-_r_39_" aria-describedby="radix-_r_3b_" ...>
                <div role="alertdialog" id="radix-_r_39_" aria-describedby="radix-_r_3b_" 
aria-labelledby="radix-_r_3a_" ...>
                  <AlertDialogContent.Slottable>
                    <AlertDialogHeader>
                      <div data-slot="alert-dial..." className="flex flex-...">
                        <AlertDialogTitle>
                        <AlertDialogDescription>
                          <AlertDialogDescription data-slot="alert-dial..." className="text-muted...">
                            <DialogDescription __scopeDialog={{Dialog:[...]}} data-slot="alert-dial..." ...>
                              <Primitive.p id="radix-_r_3b_" data-slot="alert-dial..." className="text-muted..." ...>
>                               <p
>                                 id="radix-_r_3b_"
>                                 data-slot="alert-dialog-description"
>                                 className="text-muted-foreground text-sm"
>                                 ref={null}
>                               >
>                                 <div className="mt-2 font-medium">
                    ...
                  ...
    ...

<p> cannot contain a nested <div>.
See this log for the ancestor stack trace.

 [32mΓ£ô[39m tests/unit/components/important-dates-table.test.tsx[2m > [22mImportantDatesTable[2m > [22mSorting[2m > [22mshould sort by week number ascending by default[32m 199[2mms[22m[39m
 [32mΓ£ô[39m tests/unit/components/important-dates-table.test.tsx[2m > [22mImportantDatesTable[2m > [22mSorting[2m > [22mshould allow sorting by clicking column headers[32m 62[2mms[22m[39m
 [32mΓ£ô[39m tests/unit/components/employee-table.test.tsx[2m > [22mEmployeeTable[2m > [22mSearch Functionality[2m > [22mshould clear search when clear button is clicked[33m 345[2mms[22m[39m
 [32mΓ£ô[39m tests/unit/components/employee-table.test.tsx[2m > [22mEmployeeTable[2m > [22mSearch Functionality[2m > [22mshould restore full list when search is cleared[32m 182[2mms[22m[39m
 [32mΓ£ô[39m tests/unit/components/add-column-modal.test.tsx[2m > [22mAddColumnModal[2m > [22mshows existing categories in category combobox[33m 566[2mms[22m[39m
 [32mΓ£ô[39m tests/unit/components/add-column-modal.test.tsx[2m > [22mAddColumnModal[2m > [22mallows creating column with category[33m 779[2mms[22m[39m
 [32mΓ£ô[39m tests/unit/components/important-dates-table.test.tsx[2m > [22mImportantDatesTable[2m > [22mDelete Functionality[2m > [22mshould open delete confirmation dialog when delete button is clicked[33m 301[2mms[22m[39m
 [32mΓ£ô[39m tests/unit/components/add-user-modal.test.tsx[2m > [22mAddUserModal[2m > [22mdisplays success toast with temporary password on successful creation[33m 1299[2mms[22m[39m
 [32mΓ£ô[39m tests/unit/components/employee-table.test.tsx[2m > [22mEmployeeTable[2m > [22mSort Functionality[2m > [22mshould display sort indicators on sortable column headers[32m 120[2mms[22m[39m
 [32mΓ£ô[39m tests/unit/components/add-employee-modal.test.tsx[2m > [22mAddEmployeeModal[2m > [22mshould display generic error toast for unexpected errors[33m 2108[2mms[22m[39m
 [32mΓ£ô[39m tests/unit/components/employee-table.test.tsx[2m > [22mEmployeeTable[2m > [22mSort Functionality[2m > [22mshould sort employees by first name ascending[33m 323[2mms[22m[39m
[90mstderr[2m | tests/unit/components/important-dates-table.test.tsx[2m > [22m[2mImportantDatesTable[2m > 
[22m[2mDelete Functionality[2m > [22m[2mshould call delete service and show success toast on confirm
[22m[39mAn update to ImportantDatesTable inside a test was not wrapped in act(...).

When testing, code that causes React state updates should be wrapped into act(...):

act(() => {
  /* fire events that update state */
});
/* assert on the output */

This ensures that you're testing the behavior the user would see in the browser. Learn more at 
https://react.dev/link/wrap-tests-with-act

 [32mΓ£ô[39m tests/unit/components/important-dates-table.test.tsx[2m > [22mImportantDatesTable[2m > [22mDelete Functionality[2m > [22mshould close dialog on cancel[33m 383[2mms[22m[39m
 [32mΓ£ô[39m tests/unit/components/role-preview-banner.test.tsx[2m > [22mRolePreviewBanner[2m > [22mrenders with role name when in preview mode[32m 71[2mms[22m[39m
 [31m├ù[39m tests/unit/components/employee-table.test.tsx[2m > [22mEmployeeTable[2m > [22mSort Functionality[2m > [22mshould sort employees by first name descending on second click[32m 285[2mms[22m[39m
[31m   ΓåÆ Unable to find an element with the text: Charlie. This could be because the text is broken up by multiple elements. In this case, you can provide a function for your text matcher to make your matcher more flexible.

Ignored nodes: comments, script, style
[36m<tr[31m
  [33mclass[31m=[32m"hover:bg-muted/50 data-[state=selected]:bg-muted border-b transition-colors"[31m
  [33mdata-slot[31m=[32m"table-row"[31m
  [33mdata-testid[31m=[32m"employee-row-2"[31m
[36m>[31m
  [36m<td[31m
    [33mclass[31m=[32m"p-2 align-middle whitespace-nowrap [&:has([role=checkbox])]:pr-0 [&>[role=checkbox]]:translate-y-[2px]"[31m
    [33mdata-slot[31m=[32m"table-cell"[31m
  [36m>[31m
    [36m<div[31m
      [33maria-label[31m=[32m"Edit first_name"[31m
      [33maria-readonly[31m=[32m"false"[31m
      [33mclass[31m=[32m"cursor-pointer px-3 py-2 rounded hover:bg-blue-50 transition-colors focus:outline-none focus:ring-2 focus:ring-ring min-h-10 flex items-center bg-white"[31m
      [33mrole[31m=[32m"gridcell"[31m
      [33mtabindex[31m=[32m"0"[31m
    [36m>[31m
      [0mAlice[0m
    [36m</div>[31m
  [36m</td>[31m
  [36m<td[31m
    [33mclass[31m=[32m"p-2 align-middle whitespace-nowrap [&:has([role=checkbox])]:pr-0 [&>[role=checkbox]]:translate-y-[2px]"[31m
    [33mdata-slot[31m=[32m"table-cell"[31m
  [36m>[31m
    [36m<div[31m
      [33maria-label[31m=[32m"Edit surname"[31m
      [33maria-readonly[31m=[32m"false"[31m
      [33mclass[31m=[32m"cursor-pointer px-3 py-2 rounded hover:bg-blue-50 transition-colors focus:outline-none focus:ring-2 focus:ring-ring min-h-10 flex items-center bg-white"[31m
      [33mrole[31m=[32m"gridcell"[31m
      [33mtabindex[31m=[32m"0"[31m
    [36m>[31m
      [0mAnderson[0m
    [36m</div>[31m
  [36m</td>[31m
  [36m<td[31m
    [33mclass[31m=[32m"p-2 align-middle whitespace-nowrap [&:has([role=checkbox])]:pr-0 [&>[role=checkbox]]:translate-y-[2px]"[31m
    [33mdata-slot[31m=[32m"table-cell"[31m
  [36m>[31m
    [36m<div[31m
      [33maria-label[31m=[32m"Edit email"[31m
      [33maria-readonly[31m=[32m"false"[31m
      [33mclass[31m=[32m"cursor-pointer px-3 py-2 rounded hover:bg-blue-50 transition-colors focus:outline-none focus:ring-2 focus:ring-ring min-h-10 flex items-center bg-white"[31m
      [33mrole[31m=[32m"gridcell"[31m
      [33mtabindex[31m=[32m"0"[31m
    [36m>[31m
      [0malice@example.com[0m
    [36m</div>[31m
  [36m</td>[31m
  [36m<td[31m
    [33mclass[31m=[32m"p-2 align-middle whitespace-nowrap [&:has([role=checkbox])]:pr-0 [&>[role=checkbox]]:translate-y-[2px]"[31m
    [33mdata-slot[31m=[32m"table-cell"[31m
  [36m>[31m
    [36m<div[31m
      [33maria-label[31m=[32m"Edit ssn"[31m
      [33maria-readonly[31m=[32m"false"[31m
      [33mclass[31m=[32m"cursor-pointer px-3 py-2 rounded hover:bg-blue-50 transition-colors focus:outline-none focus:ring-2 focus:ring-ring min-h-10 flex items-center bg-white"[31m
      [33mrole[31m=[32m"gridcell"[31m
      [33mtabindex[31m=[32m"0"[31m
    [36m>[31m
      [0m222222-2222[0m
    [36m</div>[31m
  [36m</td>[31m
  [36m<td[31m
    [33mclass[31m=[32m"p-2 align-middle whitespace-nowrap [&:has([role=checkbox])]:pr-0 [&>[role=checkbox]]:translate-y-[2px]"[31m
    [33mdata-slot[31m=[32m"table-cell"[31m
  [36m>[31m
    [36m<div[31m
      [33maria-label[31m=[32m"Edit mobile"[31m
      [33maria-readonly[31m=[32m"false"[31m
      [33mclass[31m=[32m"cursor-pointer px-3 py-2 rounded hover:bg-blue-50 transition-colors focus:outline-none focus:ring-2 focus:ring-ring min-h-10 flex items-center bg-white"[31m
      [33mrole[31m=[32m"gridcell"[31m
      [33mtabindex[31m=[32m"0"[31m
    [36m>[31m
      [36m<span[31m
        [33mclass[31m=[32m"text-muted-foreground"[31m
      [36m>[31m
        [0mΓÇö[0m
      [36m</span>[31m
    [36m</div>[31m
  [36m</td>[31m
  [36m<td[31m
    [33mclass[31m=[32m"p-2 align-middle whitespace-nowrap [&:has([role=checkbox])]:pr-0 [&>[role=checkbox]]:translate-y-[2px]"[31m
    [33mdata-slot[31m=[32m"table-cell"[31m
  [36m>[31m
    [36m<div[31m
      [33maria-label[31m=[32m"Edit rank"[31m
      [33maria-readonly[31m=[32m"false"[31m
      [33mclass[31m=[32m"cursor-pointer px-3 py-2 rounded hover:bg-blue-50 transition-colors focus:outline-none focus:ring-2 focus:ring-ring min-h-10 flex items-center bg-white"[31m
      [33mrole[31m=[32m"gridcell"[31m
      [33mtabindex[31m=[32m"0"[31m
    [36m>[31m
      [0mJUN[0m
    [36m</div>[31m
  [36m</td>[31m
  [36m<td[31m
    [33mclass[31m=[32m"p-2 align-middle whitespace-nowrap [&:has([role=checkbox])]:pr-0 [&>[role=checkbox]]:translate-y-[2px]"[31m
    [33mdata-slot[31m=[32m"table-cell"[31m
  [36m>[31m
    [36m<div[31m
      [33maria-label[31m=[32m"Edit gender"[31m
      [33maria-readonly[31m=[32m"false"[31m
      [33mclass[31m=[32m"cursor-pointer px-3 py-2 rounded hover:bg-blue-50 transition-colors focus:outline-none focus:ring-2 focus:ring-ring min-h-10 flex items-center bg-white"[31m
      [33mrole[31m=[32m"gridcell"[31m
      [33mtabindex[31m=[32m"0"[31m
    [36m>[31m
      [0mFemale[0m
    [36m</div>[31m
  [36m</td>[31m
  [36m<td[31m
    [33mclass[31m=[32m"p-2 align-middle whitespace-nowrap [&:has([role=checkbox])]:pr-0 [&>[role=checkbox]]:translate-y-[2px]"[31m
    [33mdata-slot[31m=[32m"table-cell"[31m
  [36m>[31m
    [36m<div[31m
      [33maria-label[31m=[32m"Edit town_district"[31m
      [33maria-readonly[31m=[32m"false"[31m
      [33mclass[31m=[32m"cursor-pointer px-3 py-2 rounded hover:bg-blue-50 transition-colors focus:outline-none focus:ring-2 focus:ring-ring min-h-10 flex items-center bg-white"[31m
      [33mrole[31m=[32m"gridcell"[31m
      [33mtabindex[31m=[32m"0"[31m
    [36m>[31m
      [0mStockholm[0m
    [36m</div>[31m
  [36m</td>[31m
  [36m<td[31m
    [33mclass[31m=[32m"p-2 align-middle whitespace-nowrap [&:has([role=checkbox])]:pr-0 [&>[role=checkbox]]:translate-y-[2px]"[31m
    [33mdata-slot[31m=[32m"table-cell"[31m
  [36m>[31m
    [36m<div[31m
      [33maria-label[31m=[32m"Edit hire_date"[31m
      [33maria-readonly[31m=[32m"false"[31m
      [33mclass[31m=[32m"cursor-pointer px-3 py-2 rounded hover:bg-blue-50 transition-colors focus:outline-none focus:ring-2 focus:ring-ring min-h-10 flex items-center bg-white"[31m
      [33mrole[31m=[32m"gridcell"[31m
      [33mtabindex[31m=[32m"0"[31m
    [36m>[31m
      [0m2025-01-10[0m
    [36m</div>[31m
  [36m</td>[31m
  [36m<td[31m
    [33mclass[31m=[32m"p-2 align-middle whitespace-nowrap [&:has([role=checkbox])]:pr-0 [&>[role=checkbox]]:translate-y-[2px]"[31m
    [33mdata-slot[31m=[32m"table-cell"[31m
  [36m>[31m
    [36m<div[31m
      [33maria-label[31m=[32m"Edit comments"[31m
      [33maria-readonly[31m=[32m"false"[31m
      [33mclass[31m=[32m"cursor-pointer px-3 py-2 rounded hover:bg-blue-50 transition-colors focus:outline-none focus:ring-2 focus:ring-ring min-h-10 flex items-center bg-white"[31m
      [33mrole[31m=[32m"gridcell"[31m
      [33mtabindex[31m=[32m"0"[31m
    [36m>[31m
      [36m<span[31m
        [33mclass[31m=[32m"text-muted-foreground"[31m
      [36m>[31m
        [0mΓÇö[0m
      [36m</span>[31m
    [36m</div>[31m
  [36m</td>[31m
  [36m<td[31m
    [33mclass[31m=[32m"p-2 align-middle whitespace-nowrap [&:has([role=checkbox])]:pr-0 [&>[role=checkbox]]:translate-y-[2px]"[31m
    [33mdata-slot[31m=[32m"table-cell"[31m
  [36m>[31m
    [36m<span[31m
      [33mclass[31m=[32m"text-green-600"[31m
    [36m>[31m
      [0mActive[0m
    [36m</span>[31m
  [36m</td>[31m
  [36m<td[31m
    [33mclass[31m=[32m"p-2 align-middle whitespace-nowrap [&:has([role=checkbox])]:pr-0 [&>[role=checkbox]]:translate-y-[2px]"[31m
    [33mdata-slot[31m=[32m"table-cell"[31m
  [36m>[31m
    [36m<div[31m
      [33mclass[31m=[32m"flex gap-2"[31m
    [36m>[31m
      [36m<button[31m
        [33mclass[31m=[32m"inline-flex items-center justify-center whitespace-nowrap text-sm font-medium transition-all disabled:pointer-events-none disabled:opacity-50 [&_svg]:pointer-events-none [&_svg:not([class*='size-'])]:size-4 shrink-0 [&_svg]:shrink-0 outline-none focus-visible:border-ring focus-visible:ring-ring/50 focus-visible:ring-[3px] aria-invalid:ring-destructive/20 dark:aria-invalid:ring-destructive/40 aria-invalid:border-destructive hover:bg-accent hover:text-accent-foreground dark:hover:bg-accent/50 h-8 rounded-md gap-1.5 px-3 has-[>svg]:px-2.5"[31m
        [33mdata-slot[31m=[32m"button"[31m
        [33mtitle[31m=[32m"Archive employee"[31m
      [36m>[31m
        [36m<svg[31m
          [33mclass[31m=[32m"lucide lucide-archive h-4 w-4"[31m
          [33mfill[31m=[32m"none"[31m
          [33mheight[31m=[32m"24"[31m
          [33mstroke[31m=[32m"currentColor"[31m
          [33mstroke-linecap[31m=[32m"round"[31m
          [33mstroke-linejoin[31m=[32m"round"[31m
          [33mstroke-width[31m=[32m"2"[31m
          [33mviewBox[31m=[32m"0 0 24 24"[31m
          [33mwidth[31m=[32m"24"[31m
          [33mxmlns[31m=[32m"http://www.w3.org/2000/svg"[31m
        [36m>[31m
          [36m<rect[31m
            [33mheight[31m=[32m"5"[31m
            [33mrx[31m=[32m"1"[31m
            [33mwidth[31m=[32m"20"[31m
            [33mx[31m=[32m"2"[31m
            [33my[31m=[32m"3"[31m
          [36m/>[31m
          [36m<path[31m
            [33md[31m=[32m"M4 8v11a2 2 0 0 0 2 2h12a2 2 0 0 0 2-2V8"[31m
          [36m/>[31m
          [36m<path[31m
            [33md[31m=[32m"M10 12h4"[31m
          [36m/>[31m
        [36m</svg>[31m
      [36m</button>[31m
      [36m<button[31m
        [33mclass[31m=[32m"inline-flex items-center justify-center whitespace-nowrap text-sm font-medium transition-all disabled:pointer-events-none disabled:opacity-50 [&_svg]:pointer-events-none [&_svg:not([class*='size-'])]:size-4 shrink-0 [&_svg]:shrink-0 outline-none focus-visible:border-ring focus-visible:ring-ring/50 focus-visible:ring-[3px] aria-invalid:ring-destructive/20 dark:aria-invalid:ring-destructive/40 aria-invalid:border-destructive hover:bg-accent hover:text-accent-foreground dark:hover:bg-accent/50 h-8 rounded-md gap-1.5 px-3 has-[>svg]:px-2.5"[31m
        [33mdata-slot[31m=[32m"button"[31m
        [33mtitle[31m=[32m"Mark as terminated"[31m
      [36m>[31m
        [36m<svg[31m
          [33mclass[31m=[32m"lucide lucide-user-x h-4 w-4"[31m
          [33mfill[31m=[32m"none"[31m
          [33mheight[31m=[32m"24"[31m
          [33mstroke[31m=[32m"currentColor"[31m
          [33mstroke-linecap[31m=[32m"round"[31m
          [33mstroke-linejoin[31m=[32m"round"[31m
          [33mstroke-width[31m=[32m"2"[31m
          [33mviewBox[31m=[32m"0 0 24 24"[31m
          [33mwidth[31m=[32m"24"[31m
          [33mxmlns[31m=[32m"http://www.w3.org/2000/svg"[31m
        [36m>[31m
          [36m<path[31m
            [33md[31m=[32m"M16 21v-2a4 4 0 0 0-4-4H6a4 4 0 0 0-4 4v2"[31m
          [36m/>[31m
          [36m<circle[31m
            [33mcx[31m=[32m"9"[31m
            [33mcy[31m=[32m"7"[31m
            [33mr[31m=[32m"4"[31m
          [36m/>[31m
          [36m<line[31m
            [33mx1[31m=[32m"17"[31m
            [33mx2[31m=[32m"22"[31m
            [33my1[31m=[32m"8"[31m
            [33my2[31m=[32m"13"[31m
          [36m/>[31m
          [36m<line[31m
            [33mx1[31m=[32m"22"[31m
            [33mx2[31m=[32m"17"[31m
            [33my1[31m=[32m"8"[31m
            [33my2[31m=[32m"13"[31m
          [36m/>[31m
        [36m</svg>[31m
      [36m</button>[31m
    [36m</div>[31m
  [36m</td>[31m
[36m</tr>[31m[39m
 [32mΓ£ô[39m tests/unit/components/role-preview-banner.test.tsx[2m > [22mRolePreviewBanner[2m > [22mcalls setPreviewRole(null) when Exit Preview clicked[32m 260[2mms[22m[39m
 [32mΓ£ô[39m tests/unit/components/role-preview-banner.test.tsx[2m > [22mRolePreviewBanner[2m > [22mdoes not render when not in preview mode[32m 3[2mms[22m[39m
 [32mΓ£ô[39m tests/unit/components/role-preview-banner.test.tsx[2m > [22mRolePreviewBanner[2m > [22mrenders with correct ARIA attributes[32m 67[2mms[22m[39m
 [32mΓ£ô[39m tests/unit/components/role-preview-banner.test.tsx[2m > [22mRolePreviewBanner[2m > [22mdisplays correct role names for all external parties[32m 58[2mms[22m[39m
 [32mΓ£ô[39m tests/unit/components/employee-table.test.tsx[2m > [22mEmployeeTable[2m > [22mSort Functionality[2m > [22mshould sort employees by surname alphabetically[33m 325[2mms[22m[39m
[90mstderr[2m | tests/unit/hooks/use-employees.test.ts[2m > [22m[2museEmployees[2m > [22m[2mshould handle 
fetch errors
[22m[39mFailed to fetch employees: Error: Fetch failed
    at D:/Masterdata/hr-masterdata/tests/unit/hooks/use-employees.test.ts:73:61
[90m    at processTicksAndRejections (node:internal/process/task_queues:103:5)[39m
    at [90mfile:///D:/Masterdata/hr-masterdata/[39mnode_modules/[4m.pnpm[24m/@vitest+runner@4.0.3/node_modules/[4m
@vitest/runner[24m/dist/index.js:753:20

[90mstderr[2m | tests/unit/components/important-dates-table.test.tsx[2m > [22m[2mImportantDatesTable[2m > 
[22m[2mDelete Functionality[2m > [22m[2mshould show error toast on delete failure
[22m[39mAn update to ImportantDatesTable inside a test was not wrapped in act(...).

When testing, code that causes React state updates should be wrapped into act(...):

act(() => {
  /* fire events that update state */
});
/* assert on the output */

This ensures that you're testing the behavior the user would see in the browser. Learn more at 
https://react.dev/link/wrap-tests-with-act

 [32mΓ£ô[39m tests/unit/components/important-dates-table.test.tsx[2m > [22mImportantDatesTable[2m > [22mDelete Functionality[2m > [22mshould call delete service and show success toast on confirm[33m 504[2mms[22m[39m
 [32mΓ£ô[39m tests/unit/hooks/use-employees.test.ts[2m > [22museEmployees[2m > [22mshould fetch employees on mount[32m 116[2mms[22m[39m
 [32mΓ£ô[39m tests/unit/hooks/use-employees.test.ts[2m > [22museEmployees[2m > [22mshould handle fetch errors[32m 80[2mms[22m[39m
 [32mΓ£ô[39m tests/unit/hooks/use-employees.test.ts[2m > [22museEmployees[2m > [22mshould support filters[32m 5[2mms[22m[39m
(node:8436) Warning: `--localstorage-file` was provided without a valid path
(Use `node --trace-warnings ...` to show where the warning was created)
 [32mΓ£ô[39m tests/unit/hooks/use-employees.test.ts[2m > [22museEmployees[2m > [22mshould fetch custom data for external party users[32m 73[2mms[22m[39m
 [32mΓ£ô[39m tests/unit/components/important-dates-table.test.tsx[2m > [22mImportantDatesTable[2m > [22mDelete Functionality[2m > [22mshould show error toast on delete failure[33m 568[2mms[22m[39m
 [32mΓ£ô[39m tests/unit/components/important-dates-table.test.tsx[2m > [22mImportantDatesTable[2m > [22mInline Editing (HR Admin)[2m > [22mshould call update service when cell is edited[32m 91[2mms[22m[39m
[90mstderr[2m | tests/unit/hooks/use-employees.test.ts[2m > [22m[2museEmployees[2m > [22m[2mshould provide 
refetch function
[22m[39mAn update to TestComponent inside a test was not wrapped in act(...).

When testing, code that causes React state updates should be wrapped into act(...):

act(() => {
  /* fire events that update state */
});
/* assert on the output */

This ensures that you're testing the behavior the user would see in the browser. Learn more at 
https://react.dev/link/wrap-tests-with-act
An update to TestComponent inside a test was not wrapped in act(...).

When testing, code that causes React state updates should be wrapped into act(...):

act(() => {
  /* fire events that update state */
});
/* assert on the output */

This ensures that you're testing the behavior the user would see in the browser. Learn more at 
https://react.dev/link/wrap-tests-with-act

[90mstderr[2m | tests/unit/hooks/use-employees.test.ts[2m > [22m[2museEmployees[2m > [22m[2mshould provide 
refetch function
[22m[39mAn update to TestComponent inside a test was not wrapped in act(...).

When testing, code that causes React state updates should be wrapped into act(...):

act(() => {
  /* fire events that update state */
});
/* assert on the output */

This ensures that you're testing the behavior the user would see in the browser. Learn more at 
https://react.dev/link/wrap-tests-with-act
An update to TestComponent inside a test was not wrapped in act(...).

When testing, code that causes React state updates should be wrapped into act(...):

act(() => {
  /* fire events that update state */
});
/* assert on the output */

This ensures that you're testing the behavior the user would see in the browser. Learn more at 
https://react.dev/link/wrap-tests-with-act

 [32mΓ£ô[39m tests/unit/hooks/use-employees.test.ts[2m > [22museEmployees[2m > [22mshould not fetch custom data for HR admin[32m 79[2mms[22m[39m
 [32mΓ£ô[39m tests/unit/components/important-dates-table.test.tsx[2m > [22mImportantDatesTable[2m > [22mDisplay null values[2m > [22mshould display em dash for null week_number[32m 66[2mms[22m[39m
 [32mΓ£ô[39m tests/unit/components/important-dates-table.test.tsx[2m > [22mImportantDatesTable[2m > [22mDisplay null values[2m > [22mshould display em dash for null notes[32m 112[2mms[22m[39m
 [32mΓ£ô[39m tests/unit/components/employee-table.test.tsx[2m > [22mEmployeeTable[2m > [22mSort Functionality[2m > [22mshould sort employees by hire date chronologically[32m 261[2mms[22m[39m
 [32mΓ£ô[39m tests/unit/hooks/use-employees.test.ts[2m > [22museEmployees[2m > [22mshould provide refetch function[32m 105[2mms[22m[39m
 [32mΓ£ô[39m tests/unit/hooks/use-employees.test.ts[2m > [22museEmployees[2m > [22mshould indicate real-time connection status[32m 75[2mms[22m[39m
 [32mΓ£ô[39m tests/unit/hooks/use-employees.test.ts[2m > [22museEmployees[2m > [22mshould disable real-time when requested[32m 5[2mms[22m[39m
 [32mΓ£ô[39m tests/unit/components/add-user-modal.test.tsx[2m > [22mAddUserModal[2m > [22mcalls onSuccess callback after successful creation[33m 1338[2mms[22m[39m
 [31m├ù[39m tests/unit/components/employee-table.test.tsx[2m > [22mEmployeeTable[2m > [22mSort Functionality[2m > [22mshould remove sort on third click (tri-state sorting)[33m 434[2mms[22m[39m
[31m   ΓåÆ Unable to find an element with the text: Charlie. This could be because the text is broken up by multiple elements. In this case, you can provide a function for your text matcher to make your matcher more flexible.

Ignored nodes: comments, script, style
[36m<tr[31m
  [33mclass[31m=[32m"hover:bg-muted/50 data-[state=selected]:bg-muted border-b transition-colors"[31m
  [33mdata-slot[31m=[32m"table-row"[31m
  [33mdata-testid[31m=[32m"employee-row-2"[31m
[36m>[31m
  [36m<td[31m
    [33mclass[31m=[32m"p-2 align-middle whitespace-nowrap [&:has([role=checkbox])]:pr-0 [&>[role=checkbox]]:translate-y-[2px]"[31m
    [33mdata-slot[31m=[32m"table-cell"[31m
  [36m>[31m
    [36m<div[31m
      [33maria-label[31m=[32m"Edit first_name"[31m
      [33maria-readonly[31m=[32m"false"[31m
      [33mclass[31m=[32m"cursor-pointer px-3 py-2 rounded hover:bg-blue-50 transition-colors focus:outline-none focus:ring-2 focus:ring-ring min-h-10 flex items-center bg-white"[31m
      [33mrole[31m=[32m"gridcell"[31m
      [33mtabindex[31m=[32m"0"[31m
    [36m>[31m
      [0mAlice[0m
    [36m</div>[31m
  [36m</td>[31m
  [36m<td[31m
    [33mclass[31m=[32m"p-2 align-middle whitespace-nowrap [&:has([role=checkbox])]:pr-0 [&>[role=checkbox]]:translate-y-[2px]"[31m
    [33mdata-slot[31m=[32m"table-cell"[31m
  [36m>[31m
    [36m<div[31m
      [33maria-label[31m=[32m"Edit surname"[31m
      [33maria-readonly[31m=[32m"false"[31m
      [33mclass[31m=[32m"cursor-pointer px-3 py-2 rounded hover:bg-blue-50 transition-colors focus:outline-none focus:ring-2 focus:ring-ring min-h-10 flex items-center bg-white"[31m
      [33mrole[31m=[32m"gridcell"[31m
      [33mtabindex[31m=[32m"0"[31m
    [36m>[31m
      [0mAnderson[0m
    [36m</div>[31m
  [36m</td>[31m
  [36m<td[31m
    [33mclass[31m=[32m"p-2 align-middle whitespace-nowrap [&:has([role=checkbox])]:pr-0 [&>[role=checkbox]]:translate-y-[2px]"[31m
    [33mdata-slot[31m=[32m"table-cell"[31m
  [36m>[31m
    [36m<div[31m
      [33maria-label[31m=[32m"Edit email"[31m
      [33maria-readonly[31m=[32m"false"[31m
      [33mclass[31m=[32m"cursor-pointer px-3 py-2 rounded hover:bg-blue-50 transition-colors focus:outline-none focus:ring-2 focus:ring-ring min-h-10 flex items-center bg-white"[31m
      [33mrole[31m=[32m"gridcell"[31m
      [33mtabindex[31m=[32m"0"[31m
    [36m>[31m
      [0malice@example.com[0m
    [36m</div>[31m
  [36m</td>[31m
  [36m<td[31m
    [33mclass[31m=[32m"p-2 align-middle whitespace-nowrap [&:has([role=checkbox])]:pr-0 [&>[role=checkbox]]:translate-y-[2px]"[31m
    [33mdata-slot[31m=[32m"table-cell"[31m
  [36m>[31m
    [36m<div[31m
      [33maria-label[31m=[32m"Edit ssn"[31m
      [33maria-readonly[31m=[32m"false"[31m
      [33mclass[31m=[32m"cursor-pointer px-3 py-2 rounded hover:bg-blue-50 transition-colors focus:outline-none focus:ring-2 focus:ring-ring min-h-10 flex items-center bg-white"[31m
      [33mrole[31m=[32m"gridcell"[31m
      [33mtabindex[31m=[32m"0"[31m
    [36m>[31m
      [0m222222-2222[0m
    [36m</div>[31m
  [36m</td>[31m
  [36m<td[31m
    [33mclass[31m=[32m"p-2 align-middle whitespace-nowrap [&:has([role=checkbox])]:pr-0 [&>[role=checkbox]]:translate-y-[2px]"[31m
    [33mdata-slot[31m=[32m"table-cell"[31m
  [36m>[31m
    [36m<div[31m
      [33maria-label[31m=[32m"Edit mobile"[31m
      [33maria-readonly[31m=[32m"false"[31m
      [33mclass[31m=[32m"cursor-pointer px-3 py-2 rounded hover:bg-blue-50 transition-colors focus:outline-none focus:ring-2 focus:ring-ring min-h-10 flex items-center bg-white"[31m
      [33mrole[31m=[32m"gridcell"[31m
      [33mtabindex[31m=[32m"0"[31m
    [36m>[31m
      [36m<span[31m
        [33mclass[31m=[32m"text-muted-foreground"[31m
      [36m>[31m
        [0mΓÇö[0m
      [36m</span>[31m
    [36m</div>[31m
  [36m</td>[31m
  [36m<td[31m
    [33mclass[31m=[32m"p-2 align-middle whitespace-nowrap [&:has([role=checkbox])]:pr-0 [&>[role=checkbox]]:translate-y-[2px]"[31m
    [33mdata-slot[31m=[32m"table-cell"[31m
  [36m>[31m
    [36m<div[31m
      [33maria-label[31m=[32m"Edit rank"[31m
      [33maria-readonly[31m=[32m"false"[31m
      [33mclass[31m=[32m"cursor-pointer px-3 py-2 rounded hover:bg-blue-50 transition-colors focus:outline-none focus:ring-2 focus:ring-ring min-h-10 flex items-center bg-white"[31m
      [33mrole[31m=[32m"gridcell"[31m
      [33mtabindex[31m=[32m"0"[31m
    [36m>[31m
      [0mJUN[0m
    [36m</div>[31m
  [36m</td>[31m
  [36m<td[31m
    [33mclass[31m=[32m"p-2 align-middle whitespace-nowrap [&:has([role=checkbox])]:pr-0 [&>[role=checkbox]]:translate-y-[2px]"[31m
    [33mdata-slot[31m=[32m"table-cell"[31m
  [36m>[31m
    [36m<div[31m
      [33maria-label[31m=[32m"Edit gender"[31m
      [33maria-readonly[31m=[32m"false"[31m
      [33mclass[31m=[32m"cursor-pointer px-3 py-2 rounded hover:bg-blue-50 transition-colors focus:outline-none focus:ring-2 focus:ring-ring min-h-10 flex items-center bg-white"[31m
      [33mrole[31m=[32m"gridcell"[31m
      [33mtabindex[31m=[32m"0"[31m
    [36m>[31m
      [0mFemale[0m
    [36m</div>[31m
  [36m</td>[31m
  [36m<td[31m
    [33mclass[31m=[32m"p-2 align-middle whitespace-nowrap [&:has([role=checkbox])]:pr-0 [&>[role=checkbox]]:translate-y-[2px]"[31m
    [33mdata-slot[31m=[32m"table-cell"[31m
  [36m>[31m
    [36m<div[31m
      [33maria-label[31m=[32m"Edit town_district"[31m
      [33maria-readonly[31m=[32m"false"[31m
      [33mclass[31m=[32m"cursor-pointer px-3 py-2 rounded hover:bg-blue-50 transition-colors focus:outline-none focus:ring-2 focus:ring-ring min-h-10 flex items-center bg-white"[31m
      [33mrole[31m=[32m"gridcell"[31m
      [33mtabindex[31m=[32m"0"[31m
    [36m>[31m
      [0mStockholm[0m
    [36m</div>[31m
  [36m</td>[31m
  [36m<td[31m
    [33mclass[31m=[32m"p-2 align-middle whitespace-nowrap [&:has([role=checkbox])]:pr-0 [&>[role=checkbox]]:translate-y-[2px]"[31m
    [33mdata-slot[31m=[32m"table-cell"[31m
  [36m>[31m
    [36m<div[31m
      [33maria-label[31m=[32m"Edit hire_date"[31m
      [33maria-readonly[31m=[32m"false"[31m
      [33mclass[31m=[32m"cursor-pointer px-3 py-2 rounded hover:bg-blue-50 transition-colors focus:outline-none focus:ring-2 focus:ring-ring min-h-10 flex items-center bg-white"[31m
      [33mrole[31m=[32m"gridcell"[31m
      [33mtabindex[31m=[32m"0"[31m
    [36m>[31m
      [0m2025-01-10[0m
    [36m</div>[31m
  [36m</td>[31m
  [36m<td[31m
    [33mclass[31m=[32m"p-2 align-middle whitespace-nowrap [&:has([role=checkbox])]:pr-0 [&>[role=checkbox]]:translate-y-[2px]"[31m
    [33mdata-slot[31m=[32m"table-cell"[31m
  [36m>[31m
    [36m<div[31m
      [33maria-label[31m=[32m"Edit comments"[31m
      [33maria-readonly[31m=[32m"false"[31m
      [33mclass[31m=[32m"cursor-pointer px-3 py-2 rounded hover:bg-blue-50 transition-colors focus:outline-none focus:ring-2 focus:ring-ring min-h-10 flex items-center bg-white"[31m
      [33mrole[31m=[32m"gridcell"[31m
      [33mtabindex[31m=[32m"0"[31m
    [36m>[31m
      [36m<span[31m
        [33mclass[31m=[32m"text-muted-foreground"[31m
      [36m>[31m
        [0mΓÇö[0m
      [36m</span>[31m
    [36m</div>[31m
  [36m</td>[31m
  [36m<td[31m
    [33mclass[31m=[32m"p-2 align-middle whitespace-nowrap [&:has([role=checkbox])]:pr-0 [&>[role=checkbox]]:translate-y-[2px]"[31m
    [33mdata-slot[31m=[32m"table-cell"[31m
  [36m>[31m
    [36m<span[31m
      [33mclass[31m=[32m"text-green-600"[31m
    [36m>[31m
      [0mActive[0m
    [36m</span>[31m
  [36m</td>[31m
  [36m<td[31m
    [33mclass[31m=[32m"p-2 align-middle whitespace-nowrap [&:has([role=checkbox])]:pr-0 [&>[role=checkbox]]:translate-y-[2px]"[31m
    [33mdata-slot[31m=[32m"table-cell"[31m
  [36m>[31m
    [36m<div[31m
      [33mclass[31m=[32m"flex gap-2"[31m
    [36m>[31m
      [36m<button[31m
        [33mclass[31m=[32m"inline-flex items-center justify-center whitespace-nowrap text-sm font-medium transition-all disabled:pointer-events-none disabled:opacity-50 [&_svg]:pointer-events-none [&_svg:not([class*='size-'])]:size-4 shrink-0 [&_svg]:shrink-0 outline-none focus-visible:border-ring focus-visible:ring-ring/50 focus-visible:ring-[3px] aria-invalid:ring-destructive/20 dark:aria-invalid:ring-destructive/40 aria-invalid:border-destructive hover:bg-accent hover:text-accent-foreground dark:hover:bg-accent/50 h-8 rounded-md gap-1.5 px-3 has-[>svg]:px-2.5"[31m
        [33mdata-slot[31m=[32m"button"[31m
        [33mtitle[31m=[32m"Archive employee"[31m
      [36m>[31m
        [36m<svg[31m
          [33mclass[31m=[32m"lucide lucide-archive h-4 w-4"[31m
          [33mfill[31m=[32m"none"[31m
          [33mheight[31m=[32m"24"[31m
          [33mstroke[31m=[32m"currentColor"[31m
          [33mstroke-linecap[31m=[32m"round"[31m
          [33mstroke-linejoin[31m=[32m"round"[31m
          [33mstroke-width[31m=[32m"2"[31m
          [33mviewBox[31m=[32m"0 0 24 24"[31m
          [33mwidth[31m=[32m"24"[31m
          [33mxmlns[31m=[32m"http://www.w3.org/2000/svg"[31m
        [36m>[31m
          [36m<rect[31m
            [33mheight[31m=[32m"5"[31m
            [33mrx[31m=[32m"1"[31m
            [33mwidth[31m=[32m"20"[31m
            [33mx[31m=[32m"2"[31m
            [33my[31m=[32m"3"[31m
          [36m/>[31m
          [36m<path[31m
            [33md[31m=[32m"M4 8v11a2 2 0 0 0 2 2h12a2 2 0 0 0 2-2V8"[31m
          [36m/>[31m
          [36m<path[31m
            [33md[31m=[32m"M10 12h4"[31m
          [36m/>[31m
        [36m</svg>[31m
      [36m</button>[31m
      [36m<button[31m
        [33mclass[31m=[32m"inline-flex items-center justify-center whitespace-nowrap text-sm font-medium transition-all disabled:pointer-events-none disabled:opacity-50 [&_svg]:pointer-events-none [&_svg:not([class*='size-'])]:size-4 shrink-0 [&_svg]:shrink-0 outline-none focus-visible:border-ring focus-visible:ring-ring/50 focus-visible:ring-[3px] aria-invalid:ring-destructive/20 dark:aria-invalid:ring-destructive/40 aria-invalid:border-destructive hover:bg-accent hover:text-accent-foreground dark:hover:bg-accent/50 h-8 rounded-md gap-1.5 px-3 has-[>svg]:px-2.5"[31m
        [33mdata-slot[31m=[32m"button"[31m
        [33mtitle[31m=[32m"Mark as terminated"[31m
      [36m>[31m
        [36m<svg[31m
          [33mclass[31m=[32m"lucide lucide-user-x h-4 w-4"[31m
          [33mfill[31m=[32m"none"[31m
          [33mheight[31m=[32m"24"[31m
          [33mstroke[31m=[32m"currentColor"[31m
          [33mstroke-linecap[31m=[32m"round"[31m
          [33mstroke-linejoin[31m=[32m"round"[31m
          [33mstroke-width[31m=[32m"2"[31m
          [33mviewBox[31m=[32m"0 0 24 24"[31m
          [33mwidth[31m=[32m"24"[31m
          [33mxmlns[31m=[32m"http://www.w3.org/2000/svg"[31m
        [36m>[31m
          [36m<path[31m
            [33md[31m=[32m"M16 21v-2a4 4 0 0 0-4-4H6a4 4 0 0 0-4 4v2"[31m
          [36m/>[31m
          [36m<circle[31m
            [33mcx[31m=[32m"9"[31m
            [33mcy[31m=[32m"7"[31m
            [33mr[31m=[32m"4"[31m
          [36m/>[31m
          [36m<line[31m
            [33mx1[31m=[32m"17"[31m
            [33mx2[31m=[32m"22"[31m
            [33my1[31m=[32m"8"[31m
            [33my2[31m=[32m"13"[31m
          [36m/>[31m
          [36m<line[31m
            [33mx1[31m=[32m"22"[31m
            [33mx2[31m=[32m"17"[31m
            [33my1[31m=[32m"8"[31m
            [33my2[31m=[32m"13"[31m
          [36m/>[31m
        [36m</svg>[31m
      [36m</button>[31m
    [36m</div>[31m
  [36m</td>[31m
[36m</tr>[31m[39m
 [32mΓ£ô[39m tests/unit/components/employee-table.test.tsx[2m > [22mEmployeeTable[2m > [22mSearch and Sort Combined[2m > [22mshould filter and then sort the filtered results[33m 358[2mms[22m[39m
 [32mΓ£ô[39m tests/integration/components/employee-table-columns.test.tsx[2m > [22mEmployeeTable - Dynamic Column Rendering[2m > [22mshould render all columns for HR Admin role[33m 735[2mms[22m[39m
 [32mΓ£ô[39m tests/integration/components/employee-table-columns.test.tsx[2m > [22mEmployeeTable - Dynamic Column Rendering[2m > [22mshould render only permitted columns for Sodexo role[32m 228[2mms[22m[39m
 [32mΓ£ô[39m tests/integration/components/employee-table-columns.test.tsx[2m > [22mEmployeeTable - Dynamic Column Rendering[2m > [22mshould render SSN for Payroll role but not Mobile[32m 66[2mms[22m[39m
 [32mΓ£ô[39m tests/integration/components/employee-table-columns.test.tsx[2m > [22mEmployeeTable - Dynamic Column Rendering[2m > [22mshould display error when zero columns are configured[32m 4[2mms[22m[39m
 [32mΓ£ô[39m tests/integration/components/employee-table-columns.test.tsx[2m > [22mEmployeeTable - Dynamic Column Rendering[2m > [22mshould display skeleton while loading columns[32m 5[2mms[22m[39m
 [32mΓ£ô[39m tests/integration/components/employee-table-columns.test.tsx[2m > [22mEmployeeTable - Dynamic Column Rendering[2m > [22mshould display error alert when column fetch fails[32m 4[2mms[22m[39m
 [32mΓ£ô[39m tests/unit/components/employee-table.test.tsx[2m > [22mEmployeeTable[2m > [22mSearch and Sort Combined[2m > [22mshould sort and then filter the sorted results[33m 361[2mms[22m[39m
 [32mΓ£ô[39m tests/unit/components/add-user-modal.test.tsx[2m > [22mAddUserModal[2m > [22mdisplays error toast on creation failure[33m 1328[2mms[22m[39m
 [32mΓ£ô[39m tests/unit/components/employee-table.test.tsx[2m > [22mEmployeeTable[2m > [22mSearch and Sort Combined[2m > [22mshould maintain sort order when clearing search[33m 408[2mms[22m[39m
 [32mΓ£ô[39m tests/unit/components/employee-table.test.tsx[2m > [22mEmployeeTable[2m > [22mSearch and Sort Combined[2m > [22mshould maintain search filter when changing sort order[33m 332[2mms[22m[39m
(node:30160) Warning: `--localstorage-file` was provided without a valid path
(Use `node --trace-warnings ...` to show where the warning was created)
 [32mΓ£ô[39m tests/unit/hooks/use-columns.test.ts[2m > [22museColumns[2m > [22mshould return all columns for HR Admin role[32m 99[2mms[22m[39m
 [32mΓ£ô[39m tests/unit/hooks/use-columns.test.ts[2m > [22museColumns[2m > [22mshould filter columns for Sodexo role[32m 76[2mms[22m[39m
 [32mΓ£ô[39m tests/unit/hooks/use-columns.test.ts[2m > [22museColumns[2m > [22mshould filter columns for Payroll role[32m 76[2mms[22m[39m
 [32mΓ£ô[39m tests/unit/hooks/use-columns.test.ts[2m > [22museColumns[2m > [22mshould return empty array when user is null[32m 31[2mms[22m[39m
 [32mΓ£ô[39m tests/unit/hooks/use-columns.test.ts[2m > [22museColumns[2m > [22mshould handle API errors[32m 80[2mms[22m[39m
 [32mΓ£ô[39m tests/unit/hooks/use-columns.test.ts[2m > [22museColumns[2m > [22mshould show loading state initially[32m 6[2mms[22m[39m
 [32mΓ£ô[39m tests/unit/components/add-user-modal.test.tsx[2m > [22mAddUserModal[2m > [22mshows loading state during form submission[33m 1037[2mms[22m[39m
(node:23564) Warning: `--localstorage-file` was provided without a valid path
(Use `node --trace-warnings ...` to show where the warning was created)
 [32mΓ£ô[39m tests/integration/realtime-sync.test.tsx[2m > [22mReal-time Employee Sync Integration[2m > [22mshould render employee table with real-time connection indicator[32m 204[2mms[22m[39m
 [32mΓ£ô[39m tests/integration/realtime-sync.test.tsx[2m > [22mReal-time Employee Sync Integration[2m > [22mshould show offline status when not connected[32m 86[2mms[22m[39m
 [32mΓ£ô[39m tests/integration/realtime-sync.test.tsx[2m > [22mReal-time Employee Sync Integration[2m > [22mshould highlight updated employee row[32m 52[2mms[22m[39m
 [32mΓ£ô[39m tests/integration/realtime-sync.test.tsx[2m > [22mReal-time Employee Sync Integration[2m > [22mshould not highlight non-updated rows[32m 45[2mms[22m[39m
 [32mΓ£ô[39m tests/unit/components/add-user-modal.test.tsx[2m > [22mAddUserModal[2m > [22mprevents form submission while loading[33m 1046[2mms[22m[39m
 [32mΓ£ô[39m tests/unit/pages/landing-page.test.tsx[2m > [22mLanding Page[2m > [22mrenders application name[32m 70[2mms[22m[39m
 [32mΓ£ô[39m tests/unit/pages/landing-page.test.tsx[2m > [22mLanding Page[2m > [22mdisplays description[32m 21[2mms[22m[39m
 [32mΓ£ô[39m tests/integration/realtime-sync.test.tsx[2m > [22mReal-time Employee Sync Integration[2m > [22mshould display all employees in table[32m 83[2mms[22m[39m
 [32mΓ£ô[39m tests/integration/realtime-sync.test.tsx[2m > [22mReal-time Employee Sync Integration[2m > [22mshould handle archived employee styling[32m 46[2mms[22m[39m
 [32mΓ£ô[39m tests/unit/pages/landing-page.test.tsx[2m > [22mLanding Page[2m > [22mdisplays login button with correct link[32m 11[2mms[22m[39m
 [32mΓ£ô[39m tests/unit/pages/landing-page.test.tsx[2m > [22mLanding Page[2m > [22mdisplays system health link[32m 17[2mms[22m[39m
 [32mΓ£ô[39m tests/unit/pages/landing-page.test.tsx[2m > [22mLanding Page[2m > [22mdisplays version number[32m 10[2mms[22m[39m
 [32mΓ£ô[39m tests/integration/external-party-dashboard.test.tsx[2m > [22mExternal Party Dashboard Access[2m > [22mRole Display[2m > [22mdisplays 'Sodexo' for sodexo user role[32m 248[2mms[22m[39m
 [32mΓ£ô[39m tests/integration/external-party-dashboard.test.tsx[2m > [22mExternal Party Dashboard Access[2m > [22mRole Display[2m > [22mdisplays 'OMC' for omc user role[32m 64[2mms[22m[39m
 [32mΓ£ô[39m tests/integration/external-party-dashboard.test.tsx[2m > [22mExternal Party Dashboard Access[2m > [22mRole Display[2m > [22mdisplays 'Payroll' for payroll user role[32m 87[2mms[22m[39m
 [32mΓ£ô[39m tests/integration/external-party-dashboard.test.tsx[2m > [22mExternal Party Dashboard Access[2m > [22mRole Display[2m > [22mdisplays 'Toplux' for toplux user role[32m 56[2mms[22m[39m
 [32mΓ£ô[39m tests/unit/components/role-selector.test.tsx[2m > [22mRoleSelector[2m > [22mrenders for HR Admin user[32m 236[2mms[22m[39m
 [32mΓ£ô[39m tests/unit/components/role-selector.test.tsx[2m > [22mRoleSelector[2m > [22mdoes not render for non-HR Admin users[32m 13[2mms[22m[39m
 [32mΓ£ô[39m tests/unit/components/add-user-modal.test.tsx[2m > [22mAddUserModal[2m > [22mcloses modal on Cancel button click[33m 307[2mms[22m[39m
 [32mΓ£ô[39m tests/integration/realtime-sync.test.tsx[2m > [22mReal-time Employee Sync Integration[2m > [22mshould handle terminated employee styling[32m 59[2mms[22m[39m
 [32mΓ£ô[39m tests/unit/components/role-selector.test.tsx[2m > [22mRoleSelector[2m > [22mshows preview mode indicator when active[32m 127[2mms[22m[39m
 [32mΓ£ô[39m tests/unit/components/role-selector.test.tsx[2m > [22mRoleSelector[2m > [22mdoes not show preview mode indicator when not active[32m 62[2mms[22m[39m
 [32mΓ£ô[39m tests/integration/realtime-sync.test.tsx[2m > [22mReal-time Employee Sync Integration[2m > [22mshould show loading state[32m 254[2mms[22m[39m
 [32mΓ£ô[39m tests/integration/realtime-sync.test.tsx[2m > [22mReal-time Employee Sync Integration[2m > [22mshould show empty state when no employees[32m 4[2mms[22m[39m
 [32mΓ£ô[39m tests/integration/realtime-sync.test.tsx[2m > [22mReal-time Employee Sync Integration[2m > [22mshould display search functionality[32m 64[2mms[22m[39m
 [32mΓ£ô[39m tests/integration/realtime-sync.test.tsx[2m > [22mReal-time Employee Sync Integration[2m > [22mshould combine highlight and archived styles correctly[32m 32[2mms[22m[39m
 [32mΓ£ô[39m tests/integration/external-party-dashboard.test.tsx[2m > [22mExternal Party Dashboard Access[2m > [22mAdmin Action Button Visibility[2m > [22mhides Add Employee button for external party users[32m 40[2mms[22m[39m
 [32mΓ£ô[39m tests/integration/external-party-dashboard.test.tsx[2m > [22mExternal Party Dashboard Access[2m > [22mAdmin Action Button Visibility[2m > [22mhides Import Employees button for external party users[32m 55[2mms[22m[39m
[90mstderr[2m | tests/unit/hooks/use-realtime.test.ts[2m > [22m[2museRealtime[2m > [22m[2mshould handle event 
callbacks
[22m[39mAn update to TestComponent inside a test was not wrapped in act(...).

When testing, code that causes React state updates should be wrapped into act(...):

act(() => {
  /* fire events that update state */
});
/* assert on the output */

This ensures that you're testing the behavior the user would see in the browser. Learn more at 
https://react.dev/link/wrap-tests-with-act

 [32mΓ£ô[39m tests/unit/hooks/use-realtime.test.ts[2m > [22museRealtime[2m > [22mshould initialize with disconnected status[32m 23[2mms[22m[39m
 [32mΓ£ô[39m tests/unit/hooks/use-realtime.test.ts[2m > [22museRealtime[2m > [22mshould subscribe to channel when enabled[32m 16[2mms[22m[39m
 [32mΓ£ô[39m tests/unit/hooks/use-realtime.test.ts[2m > [22museRealtime[2m > [22mshould handle event callbacks[32m 11[2mms[22m[39m
 [32mΓ£ô[39m tests/unit/hooks/use-realtime.test.ts[2m > [22museRealtime[2m > [22mshould handle channel errors[32m 12[2mms[22m[39m
 [32mΓ£ô[39m tests/unit/hooks/use-realtime.test.ts[2m > [22museRealtime[2m > [22mshould clean up on unmount[32m 17[2mms[22m[39m
 [32mΓ£ô[39m tests/unit/hooks/use-realtime.test.ts[2m > [22museRealtime[2m > [22mshould use custom schema and event type[32m 14[2mms[22m[39m
 [32mΓ£ô[39m tests/unit/hooks/use-realtime.test.ts[2m > [22museRealtime[2m > [22mshould not subscribe when disabled[32m 3[2mms[22m[39m
 [32mΓ£ô[39m tests/integration/external-party-dashboard.test.tsx[2m > [22mExternal Party Dashboard Access[2m > [22mAdmin Action Button Visibility[2m > [22mshows Add Employee and Import buttons for HR Admin[32m 241[2mms[22m[39m
 [32mΓ£ô[39m tests/integration/external-party-dashboard.test.tsx[2m > [22mExternal Party Dashboard Access[2m > [22mLogout Functionality[2m > [22mdisplays logout button for external party users[32m 40[2mms[22m[39m
 [32mΓ£ô[39m tests/integration/external-party-dashboard.test.tsx[2m > [22mExternal Party Dashboard Access[2m > [22mLogout Functionality[2m > [22mcalls logout function when logout button is clicked[32m 56[2mms[22m[39m
 [32mΓ£ô[39m tests/unit/components/add-user-modal.test.tsx[2m > [22mAddUserModal[2m > [22mprevents closing modal while form is submitting[33m 1095[2mms[22m[39m
(node:28336) Warning: `--localstorage-file` was provided without a valid path
(Use `node --trace-warnings ...` to show where the warning was created)
[90mstderr[2m | tests/integration/api/admin-users.test.ts[2m > [22m[2mGET /api/admin/users[2m > [22m[2mreturns 
403 for non-admin roles (Sodexo)
[22m[39mGET /api/admin/users error: Error: Insufficient permissions
    at D:/Masterdata/hr-masterdata/tests/integration/api/admin-users.test.ts:180:45
    at [90mfile:///D:/Masterdata/hr-masterdata/[39mnode_modules/[4m.pnpm[24m/@vitest+runner@4.0.3/node_modules/[4m
@vitest/runner[24m/dist/index.js:157:11
    at [90mfile:///D:/Masterdata/hr-masterdata/[39mnode_modules/[4m.pnpm[24m/@vitest+runner@4.0.3/node_modules/[4m
@vitest/runner[24m/dist/index.js:753:26
    at [90mfile:///D:/Masterdata/hr-masterdata/[39mnode_modules/[4m.pnpm[24m/@vitest+runner@4.0.3/node_modules/[4m
@vitest/runner[24m/dist/index.js:1636:20
    at new Promise (<anonymous>)
    at runWithTimeout [90m(file:///D:/Masterdata/hr-masterdata/[39mnode_modules/[4m.pnpm[24m/@vitest+runner@4.0.3/n
ode_modules/[4m@vitest/runner[24m/dist/index.js:1602:10[90m)[39m
    at runTest [90m(file:///D:/Masterdata/hr-masterdata/[39mnode_modules/[4m.pnpm[24m/@vitest+runner@4.0.3/node_mod
ules/[4m@vitest/runner[24m/dist/index.js:1309:12[90m)[39m
[90m    at processTicksAndRejections (node:internal/process/task_queues:103:5)[39m
    at runSuite [90m(file:///D:/Masterdata/hr-masterdata/[39mnode_modules/[4m.pnpm[24m/@vitest+runner@4.0.3/node_mo
dules/[4m@vitest/runner[24m/dist/index.js:1468:8[90m)[39m
    at runSuite [90m(file:///D:/Masterdata/hr-masterdata/[39mnode_modules/[4m.pnpm[24m/@vitest+runner@4.0.3/node_mo
dules/[4m@vitest/runner[24m/dist/index.js:1468:8[90m)[39m

[90mstderr[2m | tests/integration/api/admin-users.test.ts[2m > [22m[2mGET /api/admin/users[2m > [22m[2mreturns 
401 for unauthenticated requests
[22m[39mGET /api/admin/users error: Error: Authentication required
    at D:/Masterdata/hr-masterdata/tests/integration/api/admin-users.test.ts:191:45
    at [90mfile:///D:/Masterdata/hr-masterdata/[39mnode_modules/[4m.pnpm[24m/@vitest+runner@4.0.3/node_modules/[4m
@vitest/runner[24m/dist/index.js:157:11
    at [90mfile:///D:/Masterdata/hr-masterdata/[39mnode_modules/[4m.pnpm[24m/@vitest+runner@4.0.3/node_modules/[4m
@vitest/runner[24m/dist/index.js:753:26
    at [90mfile:///D:/Masterdata/hr-masterdata/[39mnode_modules/[4m.pnpm[24m/@vitest+runner@4.0.3/node_modules/[4m
@vitest/runner[24m/dist/index.js:1636:20
    at new Promise (<anonymous>)
    at runWithTimeout [90m(file:///D:/Masterdata/hr-masterdata/[39mnode_modules/[4m.pnpm[24m/@vitest+runner@4.0.3/n
ode_modules/[4m@vitest/runner[24m/dist/index.js:1602:10[90m)[39m
    at runTest [90m(file:///D:/Masterdata/hr-masterdata/[39mnode_modules/[4m.pnpm[24m/@vitest+runner@4.0.3/node_mod
ules/[4m@vitest/runner[24m/dist/index.js:1309:12[90m)[39m
[90m    at processTicksAndRejections (node:internal/process/task_queues:103:5)[39m
    at runSuite [90m(file:///D:/Masterdata/hr-masterdata/[39mnode_modules/[4m.pnpm[24m/@vitest+runner@4.0.3/node_mo
dules/[4m@vitest/runner[24m/dist/index.js:1468:8[90m)[39m
    at runSuite [90m(file:///D:/Masterdata/hr-masterdata/[39mnode_modules/[4m.pnpm[24m/@vitest+runner@4.0.3/node_mo
dules/[4m@vitest/runner[24m/dist/index.js:1468:8[90m)[39m

[90mstderr[2m | tests/integration/api/admin-users.test.ts[2m > [22m[2mPOST /api/admin/users[2m > 
[22m[2mvalidates email format (400)
[22m[39mPOST /api/admin/users error: ZodError: [
  {
    "validation": "email",
    "code": "invalid_string",
    "message": "Invalid email format",
    "path": [
      "email"
    ]
  }
]
    at Object.get error [as error] [90m(file:///D:/Masterdata/hr-masterdata/[39mnode_modules/[4m.pnpm[24m/zod@3.25.
76/node_modules/[4mzod[24m/v3/types.js:39:31[90m)[39m
    at ZodObject.parse [90m(file:///D:/Masterdata/hr-masterdata/[39mnode_modules/[4m.pnpm[24m/zod@3.25.76/node_modu
les/[4mzod[24m/v3/types.js:114:22[90m)[39m
    at POST (D:/Masterdata/hr-masterdata/src/app/api/admin/users/route.ts:49:40)
[90m    at processTicksAndRejections (node:internal/process/task_queues:103:5)[39m
    at D:/Masterdata/hr-masterdata/tests/integration/api/admin-users.test.ts:303:22
    at [90mfile:///D:/Masterdata/hr-masterdata/[39mnode_modules/[4m.pnpm[24m/@vitest+runner@4.0.3/node_modules/[4m
@vitest/runner[24m/dist/index.js:753:20 {
  issues: [
    {
      validation: [32m'email'[39m,
      code: [32m'invalid_string'[39m,
      message: [32m'Invalid email format'[39m,
      path: [36m[Array][39m
    }
  ],
  addIssue: [36m[Function (anonymous)][39m,
  addIssues: [36m[Function (anonymous)][39m,
  errors: [
    {
      validation: [32m'email'[39m,
      code: [32m'invalid_string'[39m,
      message: [32m'Invalid email format'[39m,
      path: [36m[Array][39m
    }
  ]
}

[90mstderr[2m | tests/integration/api/admin-users.test.ts[2m > [22m[2mPOST /api/admin/users[2m > 
[22m[2mvalidates password length (400)
[22m[39mPOST /api/admin/users error: ZodError: [
  {
    "code": "too_small",
    "minimum": 8,
    "type": "string",
    "inclusive": true,
    "exact": false,
    "message": "Password must be at least 8 characters",
    "path": [
      "password"
    ]
  }
]
    at Object.get error [as error] [90m(file:///D:/Masterdata/hr-masterdata/[39mnode_modules/[4m.pnpm[24m/zod@3.25.
76/node_modules/[4mzod[24m/v3/types.js:39:31[90m)[39m
    at ZodObject.parse [90m(file:///D:/Masterdata/hr-masterdata/[39mnode_modules/[4m.pnpm[24m/zod@3.25.76/node_modu
les/[4mzod[24m/v3/types.js:114:22[90m)[39m
    at POST (D:/Masterdata/hr-masterdata/src/app/api/admin/users/route.ts:49:40)
[90m    at processTicksAndRejections (node:internal/process/task_queues:103:5)[39m
    at D:/Masterdata/hr-masterdata/tests/integration/api/admin-users.test.ts:325:22
    at [90mfile:///D:/Masterdata/hr-masterdata/[39mnode_modules/[4m.pnpm[24m/@vitest+runner@4.0.3/node_modules/[4m
@vitest/runner[24m/dist/index.js:753:20 {
  issues: [
    {
      code: [32m'too_small'[39m,
      minimum: [33m8[39m,
      type: [32m'string'[39m,
      inclusive: [33mtrue[39m,
      exact: [33mfalse[39m,
      message: [32m'Password must be at least 8 characters'[39m,
      path: [36m[Array][39m
    }
  ],
  addIssue: [36m[Function (anonymous)][39m,
  addIssues: [36m[Function (anonymous)][39m,
  errors: [
    {
      code: [32m'too_small'[39m,
      minimum: [33m8[39m,
      type: [32m'string'[39m,
      inclusive: [33mtrue[39m,
      exact: [33mfalse[39m,
      message: [32m'Password must be at least 8 characters'[39m,
      path: [36m[Array][39m
    }
  ]
}

[90mstderr[2m | tests/integration/api/admin-users.test.ts[2m > [22m[2mPOST /api/admin/users[2m > 
[22m[2mreturns 403 for non-admin roles
[22m[39mPOST /api/admin/users error: Error: Insufficient permissions
    at D:/Masterdata/hr-masterdata/tests/integration/api/admin-users.test.ts:364:45
    at [90mfile:///D:/Masterdata/hr-masterdata/[39mnode_modules/[4m.pnpm[24m/@vitest+runner@4.0.3/node_modules/[4m
@vitest/runner[24m/dist/index.js:157:11
    at [90mfile:///D:/Masterdata/hr-masterdata/[39mnode_modules/[4m.pnpm[24m/@vitest+runner@4.0.3/node_modules/[4m
@vitest/runner[24m/dist/index.js:753:26
    at [90mfile:///D:/Masterdata/hr-masterdata/[39mnode_modules/[4m.pnpm[24m/@vitest+runner@4.0.3/node_modules/[4m
@vitest/runner[24m/dist/index.js:1636:20
    at new Promise (<anonymous>)
    at runWithTimeout [90m(file:///D:/Masterdata/hr-masterdata/[39mnode_modules/[4m.pnpm[24m/@vitest+runner@4.0.3/n
ode_modules/[4m@vitest/runner[24m/dist/index.js:1602:10[90m)[39m
    at runTest [90m(file:///D:/Masterdata/hr-masterdata/[39mnode_modules/[4m.pnpm[24m/@vitest+runner@4.0.3/node_mod
ules/[4m@vitest/runner[24m/dist/index.js:1309:12[90m)[39m
[90m    at processTicksAndRejections (node:internal/process/task_queues:103:5)[39m
    at runSuite [90m(file:///D:/Masterdata/hr-masterdata/[39mnode_modules/[4m.pnpm[24m/@vitest+runner@4.0.3/node_mo
dules/[4m@vitest/runner[24m/dist/index.js:1468:8[90m)[39m
    at runSuite [90m(file:///D:/Masterdata/hr-masterdata/[39mnode_modules/[4m.pnpm[24m/@vitest+runner@4.0.3/node_mo
dules/[4m@vitest/runner[24m/dist/index.js:1468:8[90m)[39m

[90mstderr[2m | tests/integration/api/admin-users.test.ts[2m > [22m[2mPOST /api/admin/users[2m > 
[22m[2mvalidates role enum (400)
[22m[39mPOST /api/admin/users error: ZodError: [
  {
    "received": "invalid_role",
    "code": "invalid_enum_value",
    "options": [
      "hr_admin",
      "sodexo",
      "omc",
      "payroll",
      "toplux"
    ],
    "path": [
      "role"
    ],
    "message": "Invalid role"
  }
]
    at Object.get error [as error] [90m(file:///D:/Masterdata/hr-masterdata/[39mnode_modules/[4m.pnpm[24m/zod@3.25.
76/node_modules/[4mzod[24m/v3/types.js:39:31[90m)[39m
    at ZodObject.parse [90m(file:///D:/Masterdata/hr-masterdata/[39mnode_modules/[4m.pnpm[24m/zod@3.25.76/node_modu
les/[4mzod[24m/v3/types.js:114:22[90m)[39m
    at POST (D:/Masterdata/hr-masterdata/src/app/api/admin/users/route.ts:49:40)
[90m    at processTicksAndRejections (node:internal/process/task_queues:103:5)[39m
    at D:/Masterdata/hr-masterdata/tests/integration/api/admin-users.test.ts:393:22
    at [90mfile:///D:/Masterdata/hr-masterdata/[39mnode_modules/[4m.pnpm[24m/@vitest+runner@4.0.3/node_modules/[4m
@vitest/runner[24m/dist/index.js:753:20 {
  issues: [
    {
      received: [32m'invalid_role'[39m,
      code: [32m'invalid_enum_value'[39m,
      options: [36m[Array][39m,
      path: [36m[Array][39m,
      message: [32m'Invalid role'[39m
    }
  ],
  addIssue: [36m[Function (anonymous)][39m,
  addIssues: [36m[Function (anonymous)][39m,
  errors: [
    {
      received: [32m'invalid_role'[39m,
      code: [32m'invalid_enum_value'[39m,
      options: [36m[Array][39m,
      path: [36m[Array][39m,
      message: [32m'Invalid role'[39m
    }
  ]
}

[90mstderr[2m | tests/integration/api/admin-users.test.ts[2m > [22m[2mPATCH /api/admin/users/[id][2m > 
[22m[2mreturns 403 for non-admin roles
[22m[39mPATCH /api/admin/users/[id] error: Error: Insufficient permissions
    at D:/Masterdata/hr-masterdata/tests/integration/api/admin-users.test.ts:620:45
    at [90mfile:///D:/Masterdata/hr-masterdata/[39mnode_modules/[4m.pnpm[24m/@vitest+runner@4.0.3/node_modules/[4m
@vitest/runner[24m/dist/index.js:157:11
    at [90mfile:///D:/Masterdata/hr-masterdata/[39mnode_modules/[4m.pnpm[24m/@vitest+runner@4.0.3/node_modules/[4m
@vitest/runner[24m/dist/index.js:753:26
    at [90mfile:///D:/Masterdata/hr-masterdata/[39mnode_modules/[4m.pnpm[24m/@vitest+runner@4.0.3/node_modules/[4m
@vitest/runner[24m/dist/index.js:1636:20
    at new Promise (<anonymous>)
    at runWithTimeout [90m(file:///D:/Masterdata/hr-masterdata/[39mnode_modules/[4m.pnpm[24m/@vitest+runner@4.0.3/n
ode_modules/[4m@vitest/runner[24m/dist/index.js:1602:10[90m)[39m
    at runTest [90m(file:///D:/Masterdata/hr-masterdata/[39mnode_modules/[4m.pnpm[24m/@vitest+runner@4.0.3/node_mod
ules/[4m@vitest/runner[24m/dist/index.js:1309:12[90m)[39m
[90m    at processTicksAndRejections (node:internal/process/task_queues:103:5)[39m
    at runSuite [90m(file:///D:/Masterdata/hr-masterdata/[39mnode_modules/[4m.pnpm[24m/@vitest+runner@4.0.3/node_mo
dules/[4m@vitest/runner[24m/dist/index.js:1468:8[90m)[39m
    at runSuite [90m(file:///D:/Masterdata/hr-masterdata/[39mnode_modules/[4m.pnpm[24m/@vitest+runner@4.0.3/node_mo
dules/[4m@vitest/runner[24m/dist/index.js:1468:8[90m)[39m

[90mstderr[2m | tests/integration/api/admin-users.test.ts[2m > [22m[2mPATCH /api/admin/users/[id][2m > 
[22m[2mvalidates request body (400)
[22m[39mPATCH /api/admin/users/[id] error: ZodError: [
  {
    "code": "invalid_type",
    "expected": "boolean",
    "received": "string",
    "path": [
      "is_active"
    ],
    "message": "Expected boolean, received string"
  }
]
    at Object.get error [as error] [90m(file:///D:/Masterdata/hr-masterdata/[39mnode_modules/[4m.pnpm[24m/zod@3.25.
76/node_modules/[4mzod[24m/v3/types.js:39:31[90m)[39m
    at ZodObject.parse [90m(file:///D:/Masterdata/hr-masterdata/[39mnode_modules/[4m.pnpm[24m/zod@3.25.76/node_modu
les/[4mzod[24m/v3/types.js:114:22[90m)[39m
    at PATCH (D:/Masterdata/hr-masterdata/src/app/api/admin/users/[id]/route.ts:20:40)
[90m    at processTicksAndRejections (node:internal/process/task_queues:103:5)[39m
    at D:/Masterdata/hr-masterdata/tests/integration/api/admin-users.test.ts:644:22
    at [90mfile:///D:/Masterdata/hr-masterdata/[39mnode_modules/[4m.pnpm[24m/@vitest+runner@4.0.3/node_modules/[4m
@vitest/runner[24m/dist/index.js:753:20 {
  issues: [
    {
      code: [32m'invalid_type'[39m,
      expected: [32m'boolean'[39m,
      received: [32m'string'[39m,
      path: [36m[Array][39m,
      message: [32m'Expected boolean, received string'[39m
    }
  ],
  addIssue: [36m[Function (anonymous)][39m,
  addIssues: [36m[Function (anonymous)][39m,
  errors: [
    {
      code: [32m'invalid_type'[39m,
      expected: [32m'boolean'[39m,
      received: [32m'string'[39m,
      path: [36m[Array][39m,
      message: [32m'Expected boolean, received string'[39m
    }
  ]
}

 [32mΓ£ô[39m tests/integration/api/admin-users.test.ts[2m > [22mGET /api/admin/users[2m > [22mreturns user list for HR Admin (200)[32m 13[2mms[22m[39m
 [32mΓ£ô[39m tests/integration/api/admin-users.test.ts[2m > [22mGET /api/admin/users[2m > [22mreturns 403 for non-admin roles (Sodexo)[32m 9[2mms[22m[39m
 [32mΓ£ô[39m tests/integration/api/admin-users.test.ts[2m > [22mGET /api/admin/users[2m > [22mreturns 401 for unauthenticated requests[32m 2[2mms[22m[39m
 [32mΓ£ô[39m tests/integration/api/admin-users.test.ts[2m > [22mPOST /api/admin/users[2m > [22mcreates user successfully for HR Admin (201)[32m 5[2mms[22m[39m
 [32mΓ£ô[39m tests/integration/api/admin-users.test.ts[2m > [22mPOST /api/admin/users[2m > [22mvalidates email format (400)[32m 4[2mms[22m[39m
 [32mΓ£ô[39m tests/integration/api/admin-users.test.ts[2m > [22mPOST /api/admin/users[2m > [22mvalidates password length (400)[32m 4[2mms[22m[39m
 [32mΓ£ô[39m tests/integration/api/admin-users.test.ts[2m > [22mPOST /api/admin/users[2m > [22mprevents duplicate emails (409)[32m 4[2mms[22m[39m
 [32mΓ£ô[39m tests/integration/api/admin-users.test.ts[2m > [22mPOST /api/admin/users[2m > [22mreturns 403 for non-admin roles[32m 2[2mms[22m[39m
 [32mΓ£ô[39m tests/integration/api/admin-users.test.ts[2m > [22mPOST /api/admin/users[2m > [22mvalidates role enum (400)[32m 6[2mms[22m[39m
 [32mΓ£ô[39m tests/integration/api/admin-users.test.ts[2m > [22mPATCH /api/admin/users/[id][2m > [22mdeactivates user successfully (200)[32m 3[2mms[22m[39m
 [32mΓ£ô[39m tests/integration/api/admin-users.test.ts[2m > [22mPATCH /api/admin/users/[id][2m > [22mactivates user successfully (200)[32m 2[2mms[22m[39m
 [32mΓ£ô[39m tests/integration/api/admin-users.test.ts[2m > [22mPATCH /api/admin/users/[id][2m > [22mprevents self-deactivation (403)[32m 1[2mms[22m[39m
 [32mΓ£ô[39m tests/integration/api/admin-users.test.ts[2m > [22mPATCH /api/admin/users/[id][2m > [22mreturns 404 for non-existent user[32m 1[2mms[22m[39m
 [32mΓ£ô[39m tests/integration/api/admin-users.test.ts[2m > [22mPATCH /api/admin/users/[id][2m > [22mreturns 403 for non-admin roles[32m 2[2mms[22m[39m
 [32mΓ£ô[39m tests/integration/api/admin-users.test.ts[2m > [22mPATCH /api/admin/users/[id][2m > [22mvalidates request body (400)[32m 2[2mms[22m[39m
 [32mΓ£ô[39m tests/integration/api/employees.test.ts[2m > [22mGET /api/employees[2m > [22mshould return employee list for HR Admin[32m 13[2mms[22m[39m
 [32mΓ£ô[39m tests/integration/api/employees.test.ts[2m > [22mGET /api/employees[2m > [22mshould return 401 for unauthenticated requests[32m 2[2mms[22m[39m
 [32mΓ£ô[39m tests/integration/api/employees.test.ts[2m > [22mGET /api/employees[2m > [22mshould return 403 for non-HR Admin users[32m 1[2mms[22m[39m
 [32mΓ£ô[39m tests/integration/api/employees.test.ts[2m > [22mGET /api/employees[2m > [22mshould respect includeArchived query parameter[32m 1[2mms[22m[39m
 [32mΓ£ô[39m tests/integration/api/employees.test.ts[2m > [22mGET /api/employees[2m > [22mshould respect includeTerminated query parameter[32m 1[2mms[22m[39m
 [32mΓ£ô[39m tests/integration/api/employees.test.ts[2m > [22mGET /api/employees[2m > [22mshould return empty array when no employees exist[32m 1[2mms[22m[39m
 [32mΓ£ô[39m tests/integration/api/employees.test.ts[2m > [22mPOST /api/employees[2m > [22mshould create employee for HR Admin[32m 7[2mms[22m[39m
 [32mΓ£ô[39m tests/integration/api/employees.test.ts[2m > [22mPOST /api/employees[2m > [22mshould return 400 for missing required fields[32m 2[2mms[22m[39m
 [32mΓ£ô[39m tests/integration/api/employees.test.ts[2m > [22mPOST /api/employees[2m > [22mshould return 400 for invalid email format[32m 3[2mms[22m[39m
 [32mΓ£ô[39m tests/integration/api/employees.test.ts[2m > [22mPOST /api/employees[2m > [22mshould return 400 for invalid SSN format[32m 2[2mms[22m[39m
 [32mΓ£ô[39m tests/integration/api/employees.test.ts[2m > [22mPOST /api/employees[2m > [22mshould return 400 for future hire date[32m 2[2mms[22m[39m
 [32mΓ£ô[39m tests/integration/api/employees.test.ts[2m > [22mPOST /api/employees[2m > [22mshould return 409 for duplicate SSN[32m 1[2mms[22m[39m
 [32mΓ£ô[39m tests/integration/api/employees.test.ts[2m > [22mPOST /api/employees[2m > [22mshould return 401 for unauthenticated requests[32m 1[2mms[22m[39m
 [32mΓ£ô[39m tests/integration/api/employees.test.ts[2m > [22mPOST /api/employees[2m > [22mshould return 403 for non-HR Admin users[32m 1[2mms[22m[39m
 [32mΓ£ô[39m tests/integration/api/employees.test.ts[2m > [22mPOST /api/employees[2m > [22mshould accept minimal valid data with defaults[32m 1[2mms[22m[39m
 [32mΓ£ô[39m tests/integration/api/employees.test.ts[2m > [22mPATCH /api/employees/[id][2m > [22mshould update employee for HR Admin[32m 2[2mms[22m[39m
 [32mΓ£ô[39m tests/integration/api/employees.test.ts[2m > [22mPATCH /api/employees/[id][2m > [22mshould update multiple fields simultaneously[32m 1[2mms[22m[39m
 [32mΓ£ô[39m tests/integration/api/employees.test.ts[2m > [22mPATCH /api/employees/[id][2m > [22mshould return 400 for invalid email format[32m 1[2mms[22m[39m
 [32mΓ£ô[39m tests/integration/api/employees.test.ts[2m > [22mPATCH /api/employees/[id][2m > [22mshould return 400 for invalid SSN format[32m 1[2mms[22m[39m
 [32mΓ£ô[39m tests/integration/api/employees.test.ts[2m > [22mPATCH /api/employees/[id][2m > [22mshould return 400 for empty update object[32m 1[2mms[22m[39m
 [32mΓ£ô[39m tests/integration/api/employees.test.ts[2m > [22mPATCH /api/employees/[id][2m > [22mshould return 404 for non-existent employee[32m 1[2mms[22m[39m
 [32mΓ£ô[39m tests/integration/api/employees.test.ts[2m > [22mPATCH /api/employees/[id][2m > [22mshould return 409 for duplicate SSN[32m 1[2mms[22m[39m
 [32mΓ£ô[39m tests/integration/api/employees.test.ts[2m > [22mPATCH /api/employees/[id][2m > [22mshould return 401 for unauthenticated requests[32m 1[2mms[22m[39m
 [32mΓ£ô[39m tests/integration/api/employees.test.ts[2m > [22mPATCH /api/employees/[id][2m > [22mshould return 403 for non-HR Admin users[32m 1[2mms[22m[39m
 [32mΓ£ô[39m tests/integration/api/employees.test.ts[2m > [22mPATCH /api/employees/[id][2m > [22mshould allow nullable fields to be set to null[32m 1[2mms[22m[39m
 [32mΓ£ô[39m tests/integration/api/employees.test.ts[2m > [22mPOST /api/employees/[id]/terminate[2m > [22mshould terminate employee for HR Admin[32m 1[2mms[22m[39m
 [32mΓ£ô[39m tests/integration/api/employees.test.ts[2m > [22mPOST /api/employees/[id]/terminate[2m > [22mshould return 400 for missing termination date[32m 1[2mms[22m[39m
 [32mΓ£ô[39m tests/integration/api/employees.test.ts[2m > [22mPOST /api/employees/[id]/terminate[2m > [22mshould return 400 for missing termination reason[32m 1[2mms[22m[39m
 [32mΓ£ô[39m tests/integration/api/employees.test.ts[2m > [22mPOST /api/employees/[id]/terminate[2m > [22mshould return 400 for invalid date format[32m 1[2mms[22m[39m
 [32mΓ£ô[39m tests/integration/api/employees.test.ts[2m > [22mPOST /api/employees/[id]/terminate[2m > [22mshould return 404 for non-existent employee[32m 1[2mms[22m[39m
 [32mΓ£ô[39m tests/integration/api/employees.test.ts[2m > [22mPOST /api/employees/[id]/terminate[2m > [22mshould return 401 for unauthenticated requests[32m 1[2mms[22m[39m
 [32mΓ£ô[39m tests/integration/api/employees.test.ts[2m > [22mPOST /api/employees/[id]/terminate[2m > [22mshould return 403 for non-HR Admin users[32m 1[2mms[22m[39m
 [32mΓ£ô[39m tests/integration/api/employees.test.ts[2m > [22mPOST /api/employees/[id]/reactivate[2m > [22mshould reactivate employee for HR Admin[32m 1[2mms[22m[39m
 [32mΓ£ô[39m tests/integration/api/employees.test.ts[2m > [22mPOST /api/employees/[id]/reactivate[2m > [22mshould return 404 for non-existent employee[32m 1[2mms[22m[39m
 [32mΓ£ô[39m tests/integration/api/employees.test.ts[2m > [22mPOST /api/employees/[id]/reactivate[2m > [22mshould return 401 for unauthenticated requests[32m 0[2mms[22m[39m
 [32mΓ£ô[39m tests/integration/api/employees.test.ts[2m > [22mPOST /api/employees/[id]/reactivate[2m > [22mshould return 403 for non-HR Admin users[32m 0[2mms[22m[39m
[90mstderr[2m | tests/integration/api/role-protection.test.ts[2m > [22m[2mAPI Route Role Protection 
Integration[2m > [22m[2mProfile API (/api/profile)[2m > [22m[2mshould return 401 for unauthenticated requests
[22m[39mProfile API error: Error: Authentication required
    at D:/Masterdata/hr-masterdata/tests/integration/api/role-protection.test.ts:87:44
    at [90mfile:///D:/Masterdata/hr-masterdata/[39mnode_modules/[4m.pnpm[24m/@vitest+runner@4.0.3/node_modules/[4m
@vitest/runner[24m/dist/index.js:157:11
    at [90mfile:///D:/Masterdata/hr-masterdata/[39mnode_modules/[4m.pnpm[24m/@vitest+runner@4.0.3/node_modules/[4m
@vitest/runner[24m/dist/index.js:753:26
    at [90mfile:///D:/Masterdata/hr-masterdata/[39mnode_modules/[4m.pnpm[24m/@vitest+runner@4.0.3/node_modules/[4m
@vitest/runner[24m/dist/index.js:1636:20
    at new Promise (<anonymous>)
    at runWithTimeout [90m(file:///D:/Masterdata/hr-masterdata/[39mnode_modules/[4m.pnpm[24m/@vitest+runner@4.0.3/n
ode_modules/[4m@vitest/runner[24m/dist/index.js:1602:10[90m)[39m
    at runTest [90m(file:///D:/Masterdata/hr-masterdata/[39mnode_modules/[4m.pnpm[24m/@vitest+runner@4.0.3/node_mod
ules/[4m@vitest/runner[24m/dist/index.js:1309:12[90m)[39m
[90m    at processTicksAndRejections (node:internal/process/task_queues:103:5)[39m
    at runSuite [90m(file:///D:/Masterdata/hr-masterdata/[39mnode_modules/[4m.pnpm[24m/@vitest+runner@4.0.3/node_mo
dules/[4m@vitest/runner[24m/dist/index.js:1468:8[90m)[39m
    at runSuite [90m(file:///D:/Masterdata/hr-masterdata/[39mnode_modules/[4m.pnpm[24m/@vitest+runner@4.0.3/node_mo
dules/[4m@vitest/runner[24m/dist/index.js:1468:8[90m)[39m

[90mstderr[2m | tests/integration/api/role-protection.test.ts[2m > [22m[2mAPI Route Role Protection 
Integration[2m > [22m[2mAdmin Users API (/api/admin/users)[2m > [22m[2mshould return 403 for external party users
[22m[39mGET /api/admin/users error: Error: Insufficient permissions
    at D:/Masterdata/hr-masterdata/tests/integration/api/role-protection.test.ts:140:47
    at [90mfile:///D:/Masterdata/hr-masterdata/[39mnode_modules/[4m.pnpm[24m/@vitest+runner@4.0.3/node_modules/[4m
@vitest/runner[24m/dist/index.js:157:11
    at [90mfile:///D:/Masterdata/hr-masterdata/[39mnode_modules/[4m.pnpm[24m/@vitest+runner@4.0.3/node_modules/[4m
@vitest/runner[24m/dist/index.js:753:26
    at [90mfile:///D:/Masterdata/hr-masterdata/[39mnode_modules/[4m.pnpm[24m/@vitest+runner@4.0.3/node_modules/[4m
@vitest/runner[24m/dist/index.js:1636:20
    at new Promise (<anonymous>)
    at runWithTimeout [90m(file:///D:/Masterdata/hr-masterdata/[39mnode_modules/[4m.pnpm[24m/@vitest+runner@4.0.3/n
ode_modules/[4m@vitest/runner[24m/dist/index.js:1602:10[90m)[39m
    at runTest [90m(file:///D:/Masterdata/hr-masterdata/[39mnode_modules/[4m.pnpm[24m/@vitest+runner@4.0.3/node_mod
ules/[4m@vitest/runner[24m/dist/index.js:1309:12[90m)[39m
[90m    at processTicksAndRejections (node:internal/process/task_queues:103:5)[39m
    at runSuite [90m(file:///D:/Masterdata/hr-masterdata/[39mnode_modules/[4m.pnpm[24m/@vitest+runner@4.0.3/node_mo
dules/[4m@vitest/runner[24m/dist/index.js:1468:8[90m)[39m
    at runSuite [90m(file:///D:/Masterdata/hr-masterdata/[39mnode_modules/[4m.pnpm[24m/@vitest+runner@4.0.3/node_mo
dules/[4m@vitest/runner[24m/dist/index.js:1468:8[90m)[39m

[90mstderr[2m | tests/integration/api/role-protection.test.ts[2m > [22m[2mAPI Route Role Protection 
Integration[2m > [22m[2mAdmin Users API (/api/admin/users)[2m > [22m[2mshould return 401 for unauthenticated 
requests
[22m[39mGET /api/admin/users error: Error: Authentication required
    at D:/Masterdata/hr-masterdata/tests/integration/api/role-protection.test.ts:152:47
    at [90mfile:///D:/Masterdata/hr-masterdata/[39mnode_modules/[4m.pnpm[24m/@vitest+runner@4.0.3/node_modules/[4m
@vitest/runner[24m/dist/index.js:157:11
    at [90mfile:///D:/Masterdata/hr-masterdata/[39mnode_modules/[4m.pnpm[24m/@vitest+runner@4.0.3/node_modules/[4m
@vitest/runner[24m/dist/index.js:753:26
    at [90mfile:///D:/Masterdata/hr-masterdata/[39mnode_modules/[4m.pnpm[24m/@vitest+runner@4.0.3/node_modules/[4m
@vitest/runner[24m/dist/index.js:1636:20
    at new Promise (<anonymous>)
    at runWithTimeout [90m(file:///D:/Masterdata/hr-masterdata/[39mnode_modules/[4m.pnpm[24m/@vitest+runner@4.0.3/n
ode_modules/[4m@vitest/runner[24m/dist/index.js:1602:10[90m)[39m
    at runTest [90m(file:///D:/Masterdata/hr-masterdata/[39mnode_modules/[4m.pnpm[24m/@vitest+runner@4.0.3/node_mod
ules/[4m@vitest/runner[24m/dist/index.js:1309:12[90m)[39m
[90m    at processTicksAndRejections (node:internal/process/task_queues:103:5)[39m
    at runSuite [90m(file:///D:/Masterdata/hr-masterdata/[39mnode_modules/[4m.pnpm[24m/@vitest+runner@4.0.3/node_mo
dules/[4m@vitest/runner[24m/dist/index.js:1468:8[90m)[39m
    at runSuite [90m(file:///D:/Masterdata/hr-masterdata/[39mnode_modules/[4m.pnpm[24m/@vitest+runner@4.0.3/node_mo
dules/[4m@vitest/runner[24m/dist/index.js:1468:8[90m)[39m

[90mstderr[2m | tests/integration/api/role-protection.test.ts[2m > [22m[2mAPI Route Role Protection 
Integration[2m > [22m[2mRole Validation Patterns[2m > [22m[2mshould consistently handle authentication errors
[22m[39mProfile API error: Error: Authentication required
    at D:/Masterdata/hr-masterdata/tests/integration/api/role-protection.test.ts:172:38
    at [90mfile:///D:/Masterdata/hr-masterdata/[39mnode_modules/[4m.pnpm[24m/@vitest+runner@4.0.3/node_modules/[4m
@vitest/runner[24m/dist/index.js:157:11
    at [90mfile:///D:/Masterdata/hr-masterdata/[39mnode_modules/[4m.pnpm[24m/@vitest+runner@4.0.3/node_modules/[4m
@vitest/runner[24m/dist/index.js:753:26
    at [90mfile:///D:/Masterdata/hr-masterdata/[39mnode_modules/[4m.pnpm[24m/@vitest+runner@4.0.3/node_modules/[4m
@vitest/runner[24m/dist/index.js:1636:20
    at new Promise (<anonymous>)
    at runWithTimeout [90m(file:///D:/Masterdata/hr-masterdata/[39mnode_modules/[4m.pnpm[24m/@vitest+runner@4.0.3/n
ode_modules/[4m@vitest/runner[24m/dist/index.js:1602:10[90m)[39m
    at runTest [90m(file:///D:/Masterdata/hr-masterdata/[39mnode_modules/[4m.pnpm[24m/@vitest+runner@4.0.3/node_mod
ules/[4m@vitest/runner[24m/dist/index.js:1309:12[90m)[39m
[90m    at processTicksAndRejections (node:internal/process/task_queues:103:5)[39m
    at runSuite [90m(file:///D:/Masterdata/hr-masterdata/[39mnode_modules/[4m.pnpm[24m/@vitest+runner@4.0.3/node_mo
dules/[4m@vitest/runner[24m/dist/index.js:1468:8[90m)[39m
    at runSuite [90m(file:///D:/Masterdata/hr-masterdata/[39mnode_modules/[4m.pnpm[24m/@vitest+runner@4.0.3/node_mo
dules/[4m@vitest/runner[24m/dist/index.js:1468:8[90m)[39m

[90mstderr[2m | tests/integration/api/role-protection.test.ts[2m > [22m[2mAPI Route Role Protection 
Integration[2m > [22m[2mRole Validation Patterns[2m > [22m[2mshould consistently handle authentication errors
[22m[39mGET /api/admin/users error: Error: Authentication required
    at D:/Masterdata/hr-masterdata/tests/integration/api/role-protection.test.ts:172:38
[90m    at processTicksAndRejections (node:internal/process/task_queues:103:5)[39m
    at [90mfile:///D:/Masterdata/hr-masterdata/[39mnode_modules/[4m.pnpm[24m/@vitest+runner@4.0.3/node_modules/[4m
@vitest/runner[24m/dist/index.js:753:20

[90mstderr[2m | tests/integration/api/role-protection.test.ts[2m > [22m[2mAPI Route Role Protection 
Integration[2m > [22m[2mRole Validation Patterns[2m > [22m[2mshould consistently handle permission errors
[22m[39mGET /api/admin/users error: Error: Insufficient permissions
    at D:/Masterdata/hr-masterdata/tests/integration/api/role-protection.test.ts:184:47
    at [90mfile:///D:/Masterdata/hr-masterdata/[39mnode_modules/[4m.pnpm[24m/@vitest+runner@4.0.3/node_modules/[4m
@vitest/runner[24m/dist/index.js:157:11
    at [90mfile:///D:/Masterdata/hr-masterdata/[39mnode_modules/[4m.pnpm[24m/@vitest+runner@4.0.3/node_modules/[4m
@vitest/runner[24m/dist/index.js:753:26
    at [90mfile:///D:/Masterdata/hr-masterdata/[39mnode_modules/[4m.pnpm[24m/@vitest+runner@4.0.3/node_modules/[4m
@vitest/runner[24m/dist/index.js:1636:20
    at new Promise (<anonymous>)
    at runWithTimeout [90m(file:///D:/Masterdata/hr-masterdata/[39mnode_modules/[4m.pnpm[24m/@vitest+runner@4.0.3/n
ode_modules/[4m@vitest/runner[24m/dist/index.js:1602:10[90m)[39m
    at runTest [90m(file:///D:/Masterdata/hr-masterdata/[39mnode_modules/[4m.pnpm[24m/@vitest+runner@4.0.3/node_mod
ules/[4m@vitest/runner[24m/dist/index.js:1309:12[90m)[39m
[90m    at processTicksAndRejections (node:internal/process/task_queues:103:5)[39m
    at runSuite [90m(file:///D:/Masterdata/hr-masterdata/[39mnode_modules/[4m.pnpm[24m/@vitest+runner@4.0.3/node_mo
dules/[4m@vitest/runner[24m/dist/index.js:1468:8[90m)[39m
    at runSuite [90m(file:///D:/Masterdata/hr-masterdata/[39mnode_modules/[4m.pnpm[24m/@vitest+runner@4.0.3/node_mo
dules/[4m@vitest/runner[24m/dist/index.js:1468:8[90m)[39m

 [32mΓ£ô[39m tests/integration/api/role-protection.test.ts[2m > [22mAPI Route Role Protection Integration[2m > [22mProfile API (/api/profile)[2m > [22mshould return user profile for authenticated users[32m 9[2mms[22m[39m
 [32mΓ£ô[39m tests/integration/api/role-protection.test.ts[2m > [22mAPI Route Role Protection Integration[2m > [22mProfile API (/api/profile)[2m > [22mshould return 401 for unauthenticated requests[32m 6[2mms[22m[39m
 [32mΓ£ô[39m tests/integration/api/role-protection.test.ts[2m > [22mAPI Route Role Protection Integration[2m > [22mProfile API (/api/profile)[2m > [22mshould work for HR admin users[32m 1[2mms[22m[39m
 [32mΓ£ô[39m tests/integration/api/role-protection.test.ts[2m > [22mAPI Route Role Protection Integration[2m > [22mProfile API (/api/profile)[2m > [22mshould work for external party users[32m 2[2mms[22m[39m
 [32mΓ£ô[39m tests/integration/api/role-protection.test.ts[2m > [22mAPI Route Role Protection Integration[2m > [22mAdmin Users API (/api/admin/users)[2m > [22mshould return user list for HR admin[32m 7[2mms[22m[39m
 [32mΓ£ô[39m tests/integration/api/role-protection.test.ts[2m > [22mAPI Route Role Protection Integration[2m > [22mAdmin Users API (/api/admin/users)[2m > [22mshould return 403 for external party users[32m 4[2mms[22m[39m
 [32mΓ£ô[39m tests/integration/api/role-protection.test.ts[2m > [22mAPI Route Role Protection Integration[2m > [22mAdmin Users API (/api/admin/users)[2m > [22mshould return 401 for unauthenticated requests[32m 2[2mms[22m[39m
 [32mΓ£ô[39m tests/integration/api/role-protection.test.ts[2m > [22mAPI Route Role Protection Integration[2m > [22mRole Validation Patterns[2m > [22mshould consistently handle authentication errors[32m 3[2mms[22m[39m
 [32mΓ£ô[39m tests/integration/api/role-protection.test.ts[2m > [22mAPI Route Role Protection Integration[2m > [22mRole Validation Patterns[2m > [22mshould consistently handle permission errors[32m 1[2mms[22m[39m
 [32mΓ£ô[39m tests/integration/role-preview.test.tsx[2m > [22mRole Preview Integration[2m > [22mswitches to preview mode when role is selected[32m 26[2mms[22m[39m
 [32mΓ£ô[39m tests/integration/role-preview.test.tsx[2m > [22mRole Preview Integration[2m > [22mexits preview mode when setPreviewRole(null) is called[32m 7[2mms[22m[39m
 [32mΓ£ô[39m tests/integration/role-preview.test.tsx[2m > [22mRole Preview Integration[2m > [22mallows switching between different preview roles[32m 8[2mms[22m[39m
 [32mΓ£ô[39m tests/integration/role-preview.test.tsx[2m > [22mRole Preview Integration[2m > [22mmaintains preview state across multiple operations[32m 3[2mms[22m[39m
 [32mΓ£ô[39m tests/integration/role-preview.test.tsx[2m > [22mRole Preview Integration[2m > [22mcorrectly sets isPreviewMode based on previewRole value[32m 4[2mms[22m[39m
[90mstderr[2m | tests/integration/api/admin-columns.test.ts[2m > [22m[2mGET /api/admin/columns[2m > 
[22m[2mreturns 403 for non-admin roles (Sodexo)
[22m[39mGET /api/admin/columns error: Error: Insufficient permissions
    at D:/Masterdata/hr-masterdata/tests/integration/api/admin-columns.test.ts:168:7
    at [90mfile:///D:/Masterdata/hr-masterdata/[39mnode_modules/[4m.pnpm[24m/@vitest+runner@4.0.3/node_modules/[4m
@vitest/runner[24m/dist/index.js:157:11
    at [90mfile:///D:/Masterdata/hr-masterdata/[39mnode_modules/[4m.pnpm[24m/@vitest+runner@4.0.3/node_modules/[4m
@vitest/runner[24m/dist/index.js:753:26
    at [90mfile:///D:/Masterdata/hr-masterdata/[39mnode_modules/[4m.pnpm[24m/@vitest+runner@4.0.3/node_modules/[4m
@vitest/runner[24m/dist/index.js:1636:20
    at new Promise (<anonymous>)
    at runWithTimeout [90m(file:///D:/Masterdata/hr-masterdata/[39mnode_modules/[4m.pnpm[24m/@vitest+runner@4.0.3/n
ode_modules/[4m@vitest/runner[24m/dist/index.js:1602:10[90m)[39m
    at runTest [90m(file:///D:/Masterdata/hr-masterdata/[39mnode_modules/[4m.pnpm[24m/@vitest+runner@4.0.3/node_mod
ules/[4m@vitest/runner[24m/dist/index.js:1309:12[90m)[39m
[90m    at processTicksAndRejections (node:internal/process/task_queues:103:5)[39m
    at runSuite [90m(file:///D:/Masterdata/hr-masterdata/[39mnode_modules/[4m.pnpm[24m/@vitest+runner@4.0.3/node_mo
dules/[4m@vitest/runner[24m/dist/index.js:1468:8[90m)[39m
    at runSuite [90m(file:///D:/Masterdata/hr-masterdata/[39mnode_modules/[4m.pnpm[24m/@vitest+runner@4.0.3/node_mo
dules/[4m@vitest/runner[24m/dist/index.js:1468:8[90m)[39m

[90mstderr[2m | tests/integration/api/admin-columns.test.ts[2m > [22m[2mGET /api/admin/columns[2m > 
[22m[2mreturns 401 for unauthenticated requests
[22m[39mGET /api/admin/columns error: Error: Authentication required
    at D:/Masterdata/hr-masterdata/tests/integration/api/admin-columns.test.ts:181:7
    at [90mfile:///D:/Masterdata/hr-masterdata/[39mnode_modules/[4m.pnpm[24m/@vitest+runner@4.0.3/node_modules/[4m
@vitest/runner[24m/dist/index.js:157:11
    at [90mfile:///D:/Masterdata/hr-masterdata/[39mnode_modules/[4m.pnpm[24m/@vitest+runner@4.0.3/node_modules/[4m
@vitest/runner[24m/dist/index.js:753:26
    at [90mfile:///D:/Masterdata/hr-masterdata/[39mnode_modules/[4m.pnpm[24m/@vitest+runner@4.0.3/node_modules/[4m
@vitest/runner[24m/dist/index.js:1636:20
    at new Promise (<anonymous>)
    at runWithTimeout [90m(file:///D:/Masterdata/hr-masterdata/[39mnode_modules/[4m.pnpm[24m/@vitest+runner@4.0.3/n
ode_modules/[4m@vitest/runner[24m/dist/index.js:1602:10[90m)[39m
    at runTest [90m(file:///D:/Masterdata/hr-masterdata/[39mnode_modules/[4m.pnpm[24m/@vitest+runner@4.0.3/node_mod
ules/[4m@vitest/runner[24m/dist/index.js:1309:12[90m)[39m
[90m    at processTicksAndRejections (node:internal/process/task_queues:103:5)[39m
    at runSuite [90m(file:///D:/Masterdata/hr-masterdata/[39mnode_modules/[4m.pnpm[24m/@vitest+runner@4.0.3/node_mo
dules/[4m@vitest/runner[24m/dist/index.js:1468:8[90m)[39m
    at runSuite [90m(file:///D:/Masterdata/hr-masterdata/[39mnode_modules/[4m.pnpm[24m/@vitest+runner@4.0.3/node_mo
dules/[4m@vitest/runner[24m/dist/index.js:1468:8[90m)[39m

[90mstderr[2m | tests/integration/api/admin-columns.test.ts[2m > [22m[2mPATCH /api/admin/columns/[id][2m > 
[22m[2mreturns 400 when edit=true but view=false
[22m[39mPATCH /api/admin/columns/[id] error: ZodError: [
  {
    "code": "custom",
    "message": "Edit permission requires View permission",
    "path": [
      "role_permissions",
      "sodexo"
    ]
  }
]
    at Object.get error [as error] [90m(file:///D:/Masterdata/hr-masterdata/[39mnode_modules/[4m.pnpm[24m/zod@3.25.
76/node_modules/[4mzod[24m/v3/types.js:39:31[90m)[39m
    at ZodObject.parse [90m(file:///D:/Masterdata/hr-masterdata/[39mnode_modules/[4m.pnpm[24m/zod@3.25.76/node_modu
les/[4mzod[24m/v3/types.js:114:22[90m)[39m
    at PATCH (D:/Masterdata/hr-masterdata/src/app/api/admin/columns/[id]/route.ts:24:53)
[90m    at processTicksAndRejections (node:internal/process/task_queues:103:5)[39m
    at D:/Masterdata/hr-masterdata/tests/integration/api/admin-columns.test.ts:262:22
    at [90mfile:///D:/Masterdata/hr-masterdata/[39mnode_modules/[4m.pnpm[24m/@vitest+runner@4.0.3/node_modules/[4m
@vitest/runner[24m/dist/index.js:753:20 {
  issues: [
    {
      code: [32m'custom'[39m,
      message: [32m'Edit permission requires View permission'[39m,
      path: [36m[Array][39m
    }
  ],
  addIssue: [36m[Function (anonymous)][39m,
  addIssues: [36m[Function (anonymous)][39m,
  errors: [
    {
      code: [32m'custom'[39m,
      message: [32m'Edit permission requires View permission'[39m,
      path: [36m[Array][39m
    }
  ]
}

[90mstderr[2m | tests/integration/api/admin-columns.test.ts[2m > [22m[2mPATCH /api/admin/columns/[id][2m > 
[22m[2mreturns 403 for non-admin roles
[22m[39mPATCH /api/admin/columns/[id] error: Error: Insufficient permissions
    at D:/Masterdata/hr-masterdata/tests/integration/api/admin-columns.test.ts:272:7
    at [90mfile:///D:/Masterdata/hr-masterdata/[39mnode_modules/[4m.pnpm[24m/@vitest+runner@4.0.3/node_modules/[4m
@vitest/runner[24m/dist/index.js:157:11
    at [90mfile:///D:/Masterdata/hr-masterdata/[39mnode_modules/[4m.pnpm[24m/@vitest+runner@4.0.3/node_modules/[4m
@vitest/runner[24m/dist/index.js:753:26
    at [90mfile:///D:/Masterdata/hr-masterdata/[39mnode_modules/[4m.pnpm[24m/@vitest+runner@4.0.3/node_modules/[4m
@vitest/runner[24m/dist/index.js:1636:20
    at new Promise (<anonymous>)
    at runWithTimeout [90m(file:///D:/Masterdata/hr-masterdata/[39mnode_modules/[4m.pnpm[24m/@vitest+runner@4.0.3/n
ode_modules/[4m@vitest/runner[24m/dist/index.js:1602:10[90m)[39m
    at runTest [90m(file:///D:/Masterdata/hr-masterdata/[39mnode_modules/[4m.pnpm[24m/@vitest+runner@4.0.3/node_mod
ules/[4m@vitest/runner[24m/dist/index.js:1309:12[90m)[39m
[90m    at processTicksAndRejections (node:internal/process/task_queues:103:5)[39m
    at runSuite [90m(file:///D:/Masterdata/hr-masterdata/[39mnode_modules/[4m.pnpm[24m/@vitest+runner@4.0.3/node_mo
dules/[4m@vitest/runner[24m/dist/index.js:1468:8[90m)[39m
    at runSuite [90m(file:///D:/Masterdata/hr-masterdata/[39mnode_modules/[4m.pnpm[24m/@vitest+runner@4.0.3/node_mo
dules/[4m@vitest/runner[24m/dist/index.js:1468:8[90m)[39m

 [32mΓ£ô[39m tests/integration/api/admin-columns.test.ts[2m > [22mGET /api/admin/columns[2m > [22mreturns column list for HR Admin (200)[32m 10[2mms[22m[39m
 [32mΓ£ô[39m tests/integration/api/admin-columns.test.ts[2m > [22mGET /api/admin/columns[2m > [22mreturns 403 for non-admin roles (Sodexo)[32m 7[2mms[22m[39m
 [32mΓ£ô[39m tests/integration/api/admin-columns.test.ts[2m > [22mGET /api/admin/columns[2m > [22mreturns 401 for unauthenticated requests[32m 2[2mms[22m[39m
 [32mΓ£ô[39m tests/integration/api/admin-columns.test.ts[2m > [22mPATCH /api/admin/columns/[id][2m > [22mupdates column permissions successfully for HR Admin (200)[32m 10[2mms[22m[39m
 [32mΓ£ô[39m tests/integration/api/admin-columns.test.ts[2m > [22mPATCH /api/admin/columns/[id][2m > [22mreturns 400 when edit=true but view=false[32m 6[2mms[22m[39m
 [32mΓ£ô[39m tests/integration/api/admin-columns.test.ts[2m > [22mPATCH /api/admin/columns/[id][2m > [22mreturns 403 for non-admin roles[32m 2[2mms[22m[39m
 [32mΓ£ô[39m tests/integration/api/admin-columns.test.ts[2m > [22mPATCH /api/admin/columns/[id][2m > [22mreturns 404 for non-existent column[32m 2[2mms[22m[39m
(node:12972) Warning: `--localstorage-file` was provided without a valid path
(Use `node --trace-warnings ...` to show where the warning was created)
[90mstderr[2m | tests/integration/api/employees-import.test.ts[2m > [22m[2mPOST /api/employees/import[2m > 
[22m[2mshould return 403 for non-HR Admin users
[22m[39mError importing employees: Error: Insufficient permissions
    at D:/Masterdata/hr-masterdata/tests/integration/api/employees-import.test.ts:252:7
    at [90mfile:///D:/Masterdata/hr-masterdata/[39mnode_modules/[4m.pnpm[24m/@vitest+runner@4.0.3/node_modules/[4m
@vitest/runner[24m/dist/index.js:157:11
    at [90mfile:///D:/Masterdata/hr-masterdata/[39mnode_modules/[4m.pnpm[24m/@vitest+runner@4.0.3/node_modules/[4m
@vitest/runner[24m/dist/index.js:753:26
    at [90mfile:///D:/Masterdata/hr-masterdata/[39mnode_modules/[4m.pnpm[24m/@vitest+runner@4.0.3/node_modules/[4m
@vitest/runner[24m/dist/index.js:1636:20
    at new Promise (<anonymous>)
    at runWithTimeout [90m(file:///D:/Masterdata/hr-masterdata/[39mnode_modules/[4m.pnpm[24m/@vitest+runner@4.0.3/n
ode_modules/[4m@vitest/runner[24m/dist/index.js:1602:10[90m)[39m
    at runTest [90m(file:///D:/Masterdata/hr-masterdata/[39mnode_modules/[4m.pnpm[24m/@vitest+runner@4.0.3/node_mod
ules/[4m@vitest/runner[24m/dist/index.js:1309:12[90m)[39m
[90m    at processTicksAndRejections (node:internal/process/task_queues:103:5)[39m
    at runSuite [90m(file:///D:/Masterdata/hr-masterdata/[39mnode_modules/[4m.pnpm[24m/@vitest+runner@4.0.3/node_mo
dules/[4m@vitest/runner[24m/dist/index.js:1468:8[90m)[39m
    at runSuite [90m(file:///D:/Masterdata/hr-masterdata/[39mnode_modules/[4m.pnpm[24m/@vitest+runner@4.0.3/node_mo
dules/[4m@vitest/runner[24m/dist/index.js:1468:8[90m)[39m

 [32mΓ£ô[39m tests/integration/api/employees-import.test.ts[2m > [22mPOST /api/employees/import[2m > [22mshould import employees successfully for HR Admin[32m 21[2mms[22m[39m
 [32mΓ£ô[39m tests/integration/api/employees-import.test.ts[2m > [22mPOST /api/employees/import[2m > [22mshould handle duplicate SSN errors[32m 4[2mms[22m[39m
 [32mΓ£ô[39m tests/integration/api/employees-import.test.ts[2m > [22mPOST /api/employees/import[2m > [22mshould handle validation errors for missing required fields[32m 3[2mms[22m[39m
 [32mΓ£ô[39m tests/integration/api/employees-import.test.ts[2m > [22mPOST /api/employees/import[2m > [22mshould handle invalid date format errors[32m 2[2mms[22m[39m
 [32mΓ£ô[39m tests/integration/api/employees-import.test.ts[2m > [22mPOST /api/employees/import[2m > [22mshould return 403 for non-HR Admin users[32m 8[2mms[22m[39m
 [32mΓ£ô[39m tests/integration/api/employees-import.test.ts[2m > [22mPOST /api/employees/import[2m > [22mshould return 400 for missing file[32m 2[2mms[22m[39m
 [32mΓ£ô[39m tests/integration/api/employees-import.test.ts[2m > [22mPOST /api/employees/import[2m > [22mshould return 400 for non-CSV file[32m 2[2mms[22m[39m
 [32mΓ£ô[39m tests/integration/api/employees-import.test.ts[2m > [22mPOST /api/employees/import[2m > [22mshould return 400 for empty CSV file[32m 2[2mms[22m[39m
 [32mΓ£ô[39m tests/integration/api/employees-import.test.ts[2m > [22mPOST /api/employees/import[2m > [22mshould handle partial success scenario[32m 4[2mms[22m[39m
(node:24516) Warning: `--localstorage-file` was provided without a valid path
(Use `node --trace-warnings ...` to show where the warning was created)
 [32mΓ£ô[39m tests/integration/api/important-dates.test.ts[2m > [22mGET /api/important-dates[2m > [22mshould return important dates for authenticated users[32m 12[2mms[22m[39m
 [32mΓ£ô[39m tests/integration/api/important-dates.test.ts[2m > [22mGET /api/important-dates[2m > [22mshould filter important dates by category[32m 2[2mms[22m[39m
 [32mΓ£ô[39m tests/integration/api/important-dates.test.ts[2m > [22mGET /api/important-dates[2m > [22mshould return 401 for unauthenticated requests[32m 1[2mms[22m[39m
 [32mΓ£ô[39m tests/integration/api/important-dates.test.ts[2m > [22mGET /api/important-dates[2m > [22mshould handle repository errors gracefully[32m 1[2mms[22m[39m
 [32mΓ£ô[39m tests/integration/api/important-dates.test.ts[2m > [22mPOST /api/important-dates[2m > [22mshould create important date for HR Admin[32m 5[2mms[22m[39m
 [32mΓ£ô[39m tests/integration/api/important-dates.test.ts[2m > [22mPOST /api/important-dates[2m > [22mshould return 403 for external party users[32m 2[2mms[22m[39m
 [32mΓ£ô[39m tests/integration/api/important-dates.test.ts[2m > [22mPOST /api/important-dates[2m > [22mshould return 400 for invalid data (missing required fields)[32m 2[2mms[22m[39m
 [32mΓ£ô[39m tests/integration/api/important-dates.test.ts[2m > [22mPOST /api/important-dates[2m > [22mshould return 400 for invalid week_number range[32m 4[2mms[22m[39m
 [32mΓ£ô[39m tests/integration/api/important-dates.test.ts[2m > [22mPOST /api/important-dates[2m > [22mshould accept null week_number[32m 1[2mms[22m[39m
 [32mΓ£ô[39m tests/integration/api/important-dates.test.ts[2m > [22mPATCH /api/important-dates/[id][2m > [22mshould update important date for HR Admin[32m 3[2mms[22m[39m
 [32mΓ£ô[39m tests/integration/api/important-dates.test.ts[2m > [22mPATCH /api/important-dates/[id][2m > [22mshould return 403 for external party users[32m 1[2mms[22m[39m
 [32mΓ£ô[39m tests/integration/api/important-dates.test.ts[2m > [22mPATCH /api/important-dates/[id][2m > [22mshould return 404 for non-existent date[32m 1[2mms[22m[39m
 [32mΓ£ô[39m tests/integration/api/important-dates.test.ts[2m > [22mPATCH /api/important-dates/[id][2m > [22mshould return 400 for invalid update data[32m 1[2mms[22m[39m
 [32mΓ£ô[39m tests/integration/api/important-dates.test.ts[2m > [22mDELETE /api/important-dates/[id][2m > [22mshould delete important date for HR Admin[32m 1[2mms[22m[39m
 [32mΓ£ô[39m tests/integration/api/important-dates.test.ts[2m > [22mDELETE /api/important-dates/[id][2m > [22mshould return 403 for external party users[32m 0[2mms[22m[39m
 [32mΓ£ô[39m tests/integration/api/important-dates.test.ts[2m > [22mDELETE /api/important-dates/[id][2m > [22mshould return 404 for non-existent date[32m 1[2mms[22m[39m
(node:30372) Warning: `--localstorage-file` was provided without a valid path
(Use `node --trace-warnings ...` to show where the warning was created)
[90mstderr[2m | tests/unit/repositories/employee-repository.test.ts[2m > [22m[2mEmployeeRepository[2m > 
[22m[2mfindAll[2m > [22m[2mshould return empty array on database error
[22m[39mError fetching employees: { message: [32m'Database error'[39m }

[90mstderr[2m | tests/unit/repositories/employee-repository.test.ts[2m > [22m[2mEmployeeRepository[2m > 
[22m[2mfindById[2m > [22m[2mshould return null when employee not found
[22m[39mError fetching employee by id: 999 { message: [32m'Not found'[39m }

[90mstderr[2m | tests/unit/repositories/employee-repository.test.ts[2m > [22m[2mEmployeeRepository[2m > 
[22m[2mcreate[2m > [22m[2mshould throw generic error for other database errors
[22m[39mError creating employee: { code: [32m'50000'[39m, message: [32m'Unknown database error'[39m }

[90mstderr[2m | tests/unit/repositories/employee-repository.test.ts[2m > [22m[2mEmployeeRepository[2m > 
[22m[2mupdate[2m > [22m[2mshould throw generic error for other database errors
[22m[39mError updating employee: { code: [32m'50000'[39m, message: [32m'Unknown database error'[39m }

[90mstderr[2m | tests/unit/repositories/employee-repository.test.ts[2m > [22m[2mEmployeeRepository[2m > 
[22m[2marchive[2m > [22m[2mshould throw error on database error
[22m[39mError archiving employee: { code: [32m'XX000'[39m, message: [32m'Database error'[39m }

[90mstderr[2m | tests/unit/repositories/employee-repository.test.ts[2m > [22m[2mEmployeeRepository[2m > 
[22m[2munarchive[2m > [22m[2mshould throw error on database error
[22m[39mError unarchiving employee: { code: [32m'XX000'[39m, message: [32m'Database error'[39m }

[90mstderr[2m | tests/unit/repositories/employee-repository.test.ts[2m > [22m[2mEmployeeRepository[2m > 
[22m[2mterminate[2m > [22m[2mshould throw error on database error
[22m[39mError terminating employee: { code: [32m'XX000'[39m, message: [32m'Database error'[39m }

[90mstderr[2m | tests/unit/repositories/employee-repository.test.ts[2m > [22m[2mEmployeeRepository[2m > 
[22m[2mreactivate[2m > [22m[2mshould throw error on database error
[22m[39mError reactivating employee: { code: [32m'XX000'[39m, message: [32m'Database error'[39m }

 [32mΓ£ô[39m tests/unit/repositories/employee-repository.test.ts[2m > [22mEmployeeRepository[2m > [22mfindAll[2m > [22mshould return all active employees by default[32m 4[2mms[22m[39m
 [32mΓ£ô[39m tests/unit/repositories/employee-repository.test.ts[2m > [22mEmployeeRepository[2m > [22mfindAll[2m > [22mshould return empty array when no employees exist[32m 1[2mms[22m[39m
 [32mΓ£ô[39m tests/unit/repositories/employee-repository.test.ts[2m > [22mEmployeeRepository[2m > [22mfindAll[2m > [22mshould return empty array on database error[32m 2[2mms[22m[39m
 [32mΓ£ô[39m tests/unit/repositories/employee-repository.test.ts[2m > [22mEmployeeRepository[2m > [22mfindAll[2m > [22mshould accept filter parameters[32m 1[2mms[22m[39m
 [32mΓ£ô[39m tests/unit/repositories/employee-repository.test.ts[2m > [22mEmployeeRepository[2m > [22mfindById[2m > [22mshould return employee by id[32m 2[2mms[22m[39m
 [32mΓ£ô[39m tests/unit/repositories/employee-repository.test.ts[2m > [22mEmployeeRepository[2m > [22mfindById[2m > [22mshould return null when employee not found[32m 1[2mms[22m[39m
 [32mΓ£ô[39m tests/unit/repositories/employee-repository.test.ts[2m > [22mEmployeeRepository[2m > [22mcreate[2m > [22mshould successfully create an employee[32m 1[2mms[22m[39m
 [32mΓ£ô[39m tests/unit/repositories/employee-repository.test.ts[2m > [22mEmployeeRepository[2m > [22mcreate[2m > [22mshould throw error for duplicate SSN[32m 7[2mms[22m[39m
 [32mΓ£ô[39m tests/unit/repositories/employee-repository.test.ts[2m > [22mEmployeeRepository[2m > [22mcreate[2m > [22mshould throw generic error for other database errors[32m 1[2mms[22m[39m
 [32mΓ£ô[39m tests/unit/repositories/employee-repository.test.ts[2m > [22mEmployeeRepository[2m > [22mcreate[2m > [22mshould throw error when no data is returned[32m 1[2mms[22m[39m
 [32mΓ£ô[39m tests/unit/repositories/employee-repository.test.ts[2m > [22mEmployeeRepository[2m > [22mupdate[2m > [22mshould successfully update an employee[32m 1[2mms[22m[39m
 [32mΓ£ô[39m tests/unit/repositories/employee-repository.test.ts[2m > [22mEmployeeRepository[2m > [22mupdate[2m > [22mshould throw error when no fields provided[32m 0[2mms[22m[39m
 [32mΓ£ô[39m tests/unit/repositories/employee-repository.test.ts[2m > [22mEmployeeRepository[2m > [22mupdate[2m > [22mshould throw error when employee not found[32m 1[2mms[22m[39m
 [32mΓ£ô[39m tests/unit/repositories/employee-repository.test.ts[2m > [22mEmployeeRepository[2m > [22mupdate[2m > [22mshould throw error for duplicate SSN[32m 1[2mms[22m[39m
 [32mΓ£ô[39m tests/unit/repositories/employee-repository.test.ts[2m > [22mEmployeeRepository[2m > [22mupdate[2m > [22mshould throw generic error for other database errors[32m 1[2mms[22m[39m
 [32mΓ£ô[39m tests/unit/repositories/employee-repository.test.ts[2m > [22mEmployeeRepository[2m > [22mupdate[2m > [22mshould throw error when no data is returned without error[32m 0[2mms[22m[39m
 [32mΓ£ô[39m tests/unit/repositories/employee-repository.test.ts[2m > [22mEmployeeRepository[2m > [22mupdate[2m > [22mshould update multiple fields simultaneously[32m 0[2mms[22m[39m
 [32mΓ£ô[39m tests/unit/repositories/employee-repository.test.ts[2m > [22mEmployeeRepository[2m > [22marchive[2m > [22mshould archive employee successfully[32m 0[2mms[22m[39m
 [32mΓ£ô[39m tests/unit/repositories/employee-repository.test.ts[2m > [22mEmployeeRepository[2m > [22marchive[2m > [22mshould throw error when employee not found[32m 0[2mms[22m[39m
 [32mΓ£ô[39m tests/unit/repositories/employee-repository.test.ts[2m > [22mEmployeeRepository[2m > [22marchive[2m > [22mshould throw error on database error[32m 1[2mms[22m[39m
 [32mΓ£ô[39m tests/unit/repositories/employee-repository.test.ts[2m > [22mEmployeeRepository[2m > [22munarchive[2m > [22mshould unarchive employee successfully[32m 1[2mms[22m[39m
 [32mΓ£ô[39m tests/unit/repositories/employee-repository.test.ts[2m > [22mEmployeeRepository[2m > [22munarchive[2m > [22mshould throw error when employee not found[32m 1[2mms[22m[39m
 [32mΓ£ô[39m tests/unit/repositories/employee-repository.test.ts[2m > [22mEmployeeRepository[2m > [22munarchive[2m > [22mshould throw error on database error[32m 2[2mms[22m[39m
 [32mΓ£ô[39m tests/unit/repositories/employee-repository.test.ts[2m > [22mEmployeeRepository[2m > [22mterminate[2m > [22mshould terminate employee successfully[32m 1[2mms[22m[39m
 [32mΓ£ô[39m tests/unit/repositories/employee-repository.test.ts[2m > [22mEmployeeRepository[2m > [22mterminate[2m > [22mshould throw error when employee not found[32m 0[2mms[22m[39m
 [32mΓ£ô[39m tests/unit/repositories/employee-repository.test.ts[2m > [22mEmployeeRepository[2m > [22mterminate[2m > [22mshould throw error on database error[32m 1[2mms[22m[39m
 [32mΓ£ô[39m tests/unit/repositories/employee-repository.test.ts[2m > [22mEmployeeRepository[2m > [22mterminate[2m > [22mshould throw error when no data is returned without error[32m 1[2mms[22m[39m
 [32mΓ£ô[39m tests/unit/repositories/employee-repository.test.ts[2m > [22mEmployeeRepository[2m > [22mreactivate[2m > [22mshould reactivate employee successfully[32m 1[2mms[22m[39m
 [32mΓ£ô[39m tests/unit/repositories/employee-repository.test.ts[2m > [22mEmployeeRepository[2m > [22mreactivate[2m > [22mshould throw error when employee not found[32m 1[2mms[22m[39m
 [32mΓ£ô[39m tests/unit/repositories/employee-repository.test.ts[2m > [22mEmployeeRepository[2m > [22mreactivate[2m > [22mshould throw error on database error[32m 1[2mms[22m[39m
 [32mΓ£ô[39m tests/unit/repositories/employee-repository.test.ts[2m > [22mEmployeeRepository[2m > [22mreactivate[2m > [22mshould throw error when no data is returned without error[32m 1[2mms[22m[39m
 [32mΓ£ô[39m tests/unit/repositories/employee-repository.test.ts[2m > [22mEmployeeRepository[2m > [22mcreateMany[2m > [22mshould insert all valid employees[32m 1[2mms[22m[39m
 [32mΓ£ô[39m tests/unit/repositories/employee-repository.test.ts[2m > [22mEmployeeRepository[2m > [22mcreateMany[2m > [22mshould handle duplicate SSN errors[32m 1[2mms[22m[39m
 [32mΓ£ô[39m tests/unit/repositories/employee-repository.test.ts[2m > [22mEmployeeRepository[2m > [22mcreateMany[2m > [22mshould handle partial success[32m 0[2mms[22m[39m
 [32mΓ£ô[39m tests/unit/repositories/employee-repository.test.ts[2m > [22mEmployeeRepository[2m > [22mcreateMany[2m > [22mshould handle general database errors[32m 0[2mms[22m[39m
 [32mΓ£ô[39m tests/integration/api/columns.test.ts[2m > [22mGET /api/columns[2m > [22mshould return all column configurations for authenticated HR Admin[32m 10[2mms[22m[39m
 [32mΓ£ô[39m tests/integration/api/columns.test.ts[2m > [22mGET /api/columns[2m > [22mshould return all column configurations for authenticated external party[32m 1[2mms[22m[39m
 [32mΓ£ô[39m tests/integration/api/columns.test.ts[2m > [22mGET /api/columns[2m > [22mshould return 401 for unauthenticated requests[32m 1[2mms[22m[39m
 [32mΓ£ô[39m tests/integration/api/columns.test.ts[2m > [22mGET /api/columns[2m > [22mshould return 500 on repository error[32m 1[2mms[22m[39m
 [32mΓ£ô[39m tests/integration/api/columns.test.ts[2m > [22mGET /api/columns[2m > [22mshould return empty array when no columns exist[32m 1[2mms[22m[39m
 [32mΓ£ô[39m tests/integration/api/columns.test.ts[2m > [22mGET /api/columns[2m > [22mshould include all permission structure in response[32m 1[2mms[22m[39m
 [32mΓ£ô[39m tests/integration/api/columns.test.ts[2m > [22mPOST /api/columns[2m > [22mshould create custom column for external party user[32m 8[2mms[22m[39m
 [32mΓ£ô[39m tests/integration/api/columns.test.ts[2m > [22mPOST /api/columns[2m > [22mshould return 403 for HR Admin attempting to create custom column[32m 2[2mms[22m[39m
 [32mΓ£ô[39m tests/integration/api/columns.test.ts[2m > [22mPOST /api/columns[2m > [22mshould return 400 for duplicate column name[32m 2[2mms[22m[39m
 [32mΓ£ô[39m tests/integration/api/columns.test.ts[2m > [22mPOST /api/columns[2m > [22mshould return 400 for invalid column_type[32m 4[2mms[22m[39m
 [32mΓ£ô[39m tests/integration/api/columns.test.ts[2m > [22mPOST /api/columns[2m > [22mshould return 400 for missing column_name[32m 1[2mms[22m[39m
 [32mΓ£ô[39m tests/integration/api/columns.test.ts[2m > [22mPOST /api/columns[2m > [22mshould return 400 for invalid column_name characters[32m 3[2mms[22m[39m
 [32mΓ£ô[39m tests/integration/api/columns.test.ts[2m > [22mPOST /api/columns[2m > [22mshould return 401 for unauthenticated request[32m 1[2mms[22m[39m
 [32mΓ£ô[39m tests/integration/api/columns.test.ts[2m > [22mPOST /api/columns[2m > [22mshould create column without optional category[32m 1[2mms[22m[39m
 [32mΓ£ô[39m tests/integration/api/columns.test.ts[2m > [22mPOST /api/columns[2m > [22mshould work for all external party roles[32m 3[2mms[22m[39m
 [32mΓ£ô[39m tests/integration/edit-column.test.ts[2m > [22mPATCH /api/columns/[id][2m > [22mupdates column name successfully[32m 13[2mms[22m[39m
 [32mΓ£ô[39m tests/integration/edit-column.test.ts[2m > [22mPATCH /api/columns/[id][2m > [22mupdates column category successfully[32m 2[2mms[22m[39m
 [32mΓ£ô[39m tests/integration/edit-column.test.ts[2m > [22mPATCH /api/columns/[id][2m > [22mreturns 403 when HR Admin tries to use this endpoint[32m 2[2mms[22m[39m
 [32mΓ£ô[39m tests/integration/edit-column.test.ts[2m > [22mPATCH /api/columns/[id][2m > [22mreturns 403 when user does not have permission to edit column[32m 2[2mms[22m[39m
 [32mΓ£ô[39m tests/integration/edit-column.test.ts[2m > [22mPATCH /api/columns/[id][2m > [22mvalidates column name length[32m 2[2mms[22m[39m
 [32mΓ£ô[39m tests/integration/edit-column.test.ts[2m > [22mPATCH /api/columns/[id][2m > [22mvalidates category max length[32m 2[2mms[22m[39m
 [32mΓ£ô[39m tests/integration/edit-column.test.ts[2m > [22mPATCH /api/columns/[id][2m > [22mreturns 404 when column not found[32m 1[2mms[22m[39m
 [32mΓ£ô[39m tests/unit/services/employee-service.test.ts[2m > [22memployeeService[2m > [22mgetAll[2m > [22mshould fetch all employees[32m 4[2mms[22m[39m
 [32mΓ£ô[39m tests/unit/services/employee-service.test.ts[2m > [22memployeeService[2m > [22mgetAll[2m > [22mshould pass includeArchived filter[32m 1[2mms[22m[39m
 [32mΓ£ô[39m tests/unit/services/employee-service.test.ts[2m > [22memployeeService[2m > [22mgetAll[2m > [22mshould pass includeTerminated filter[32m 0[2mms[22m[39m
 [32mΓ£ô[39m tests/unit/services/employee-service.test.ts[2m > [22memployeeService[2m > [22mgetAll[2m > [22mshould pass both filters[32m 0[2mms[22m[39m
 [32mΓ£ô[39m tests/unit/services/employee-service.test.ts[2m > [22memployeeService[2m > [22mgetAll[2m > [22mshould throw error on failed request[32m 2[2mms[22m[39m
 [32mΓ£ô[39m tests/unit/services/employee-service.test.ts[2m > [22memployeeService[2m > [22mgetAll[2m > [22mshould throw generic error when no error message[32m 0[2mms[22m[39m
 [32mΓ£ô[39m tests/unit/services/employee-service.test.ts[2m > [22memployeeService[2m > [22mgetById[2m > [22mshould fetch employee by id[32m 1[2mms[22m[39m
 [32mΓ£ô[39m tests/unit/services/employee-service.test.ts[2m > [22memployeeService[2m > [22mgetById[2m > [22mshould return null for 404[32m 0[2mms[22m[39m
 [32mΓ£ô[39m tests/unit/services/employee-service.test.ts[2m > [22memployeeService[2m > [22mgetById[2m > [22mshould throw error on failed request[32m 0[2mms[22m[39m
 [32mΓ£ô[39m tests/unit/services/employee-service.test.ts[2m > [22memployeeService[2m > [22mcreate[2m > [22mshould create an employee[32m 1[2mms[22m[39m
 [32mΓ£ô[39m tests/unit/services/employee-service.test.ts[2m > [22memployeeService[2m > [22mcreate[2m > [22mshould throw error with validation details for 400[32m 1[2mms[22m[39m
 [32mΓ£ô[39m tests/unit/services/employee-service.test.ts[2m > [22memployeeService[2m > [22mcreate[2m > [22mshould throw error for duplicate SSN (409)[32m 0[2mms[22m[39m
 [32mΓ£ô[39m tests/unit/services/employee-service.test.ts[2m > [22memployeeService[2m > [22mcreate[2m > [22mshould throw generic error for other failures[32m 0[2mms[22m[39m
 [32mΓ£ô[39m tests/unit/services/employee-service.test.ts[2m > [22memployeeService[2m > [22mcreate[2m > [22mshould throw generic error when no error message[32m 0[2mms[22m[39m
 [32mΓ£ô[39m tests/unit/services/employee-service.test.ts[2m > [22memployeeService[2m > [22mupdate[2m > [22mshould update an employee[32m 1[2mms[22m[39m
 [32mΓ£ô[39m tests/unit/services/employee-service.test.ts[2m > [22memployeeService[2m > [22mupdate[2m > [22mshould update multiple fields[32m 0[2mms[22m[39m
 [32mΓ£ô[39m tests/unit/services/employee-service.test.ts[2m > [22memployeeService[2m > [22mupdate[2m > [22mshould throw error with validation details for 400[32m 0[2mms[22m[39m
 [32mΓ£ô[39m tests/unit/services/employee-service.test.ts[2m > [22memployeeService[2m > [22mupdate[2m > [22mshould throw error for not found (404)[32m 0[2mms[22m[39m
 [32mΓ£ô[39m tests/unit/services/employee-service.test.ts[2m > [22memployeeService[2m > [22mupdate[2m > [22mshould throw error for duplicate SSN (409)[32m 0[2mms[22m[39m
 [32mΓ£ô[39m tests/unit/services/employee-service.test.ts[2m > [22memployeeService[2m > [22mupdate[2m > [22mshould throw generic error for other failures[32m 0[2mms[22m[39m
 [32mΓ£ô[39m tests/unit/services/employee-service.test.ts[2m > [22memployeeService[2m > [22mupdate[2m > [22mshould throw generic error when no error message[32m 0[2mms[22m[39m
 [32mΓ£ô[39m tests/unit/services/employee-service.test.ts[2m > [22memployeeService[2m > [22marchive[2m > [22mshould archive an employee[32m 0[2mms[22m[39m
 [32mΓ£ô[39m tests/unit/services/employee-service.test.ts[2m > [22memployeeService[2m > [22marchive[2m > [22mshould throw error for not found (404)[32m 0[2mms[22m[39m
 [32mΓ£ô[39m tests/unit/services/employee-service.test.ts[2m > [22memployeeService[2m > [22marchive[2m > [22mshould throw error for forbidden (403)[32m 0[2mms[22m[39m
 [32mΓ£ô[39m tests/unit/services/employee-service.test.ts[2m > [22memployeeService[2m > [22marchive[2m > [22mshould throw generic error for other failures[32m 0[2mms[22m[39m
 [32mΓ£ô[39m tests/unit/services/employee-service.test.ts[2m > [22memployeeService[2m > [22marchive[2m > [22mshould throw generic error when no error message[32m 0[2mms[22m[39m
 [32mΓ£ô[39m tests/unit/services/employee-service.test.ts[2m > [22memployeeService[2m > [22munarchive[2m > [22mshould unarchive an employee[32m 0[2mms[22m[39m
 [32mΓ£ô[39m tests/unit/services/employee-service.test.ts[2m > [22memployeeService[2m > [22munarchive[2m > [22mshould throw error for not found (404)[32m 0[2mms[22m[39m
 [32mΓ£ô[39m tests/unit/services/employee-service.test.ts[2m > [22memployeeService[2m > [22munarchive[2m > [22mshould throw error for forbidden (403)[32m 0[2mms[22m[39m
 [32mΓ£ô[39m tests/unit/services/employee-service.test.ts[2m > [22memployeeService[2m > [22munarchive[2m > [22mshould throw generic error for other failures[32m 0[2mms[22m[39m
 [32mΓ£ô[39m tests/unit/services/employee-service.test.ts[2m > [22memployeeService[2m > [22munarchive[2m > [22mshould throw generic error when no error message[32m 0[2mms[22m[39m
 [32mΓ£ô[39m tests/unit/services/employee-service.test.ts[2m > [22memployeeService[2m > [22mterminate[2m > [22mshould terminate an employee[32m 0[2mms[22m[39m
 [32mΓ£ô[39m tests/unit/services/employee-service.test.ts[2m > [22memployeeService[2m > [22mterminate[2m > [22mshould throw error for validation errors (400)[32m 0[2mms[22m[39m
 [32mΓ£ô[39m tests/unit/services/employee-service.test.ts[2m > [22memployeeService[2m > [22mterminate[2m > [22mshould throw error for not found (404)[32m 1[2mms[22m[39m
 [32mΓ£ô[39m tests/unit/services/employee-service.test.ts[2m > [22memployeeService[2m > [22mterminate[2m > [22mshould throw error for forbidden (403)[32m 1[2mms[22m[39m
 [32mΓ£ô[39m tests/unit/services/employee-service.test.ts[2m > [22memployeeService[2m > [22mterminate[2m > [22mshould throw generic error for other failures[32m 1[2mms[22m[39m
 [32mΓ£ô[39m tests/unit/services/employee-service.test.ts[2m > [22memployeeService[2m > [22mterminate[2m > [22mshould throw generic error when no error message[32m 0[2mms[22m[39m
 [32mΓ£ô[39m tests/unit/services/employee-service.test.ts[2m > [22memployeeService[2m > [22mreactivate[2m > [22mshould reactivate an employee[32m 1[2mms[22m[39m
 [32mΓ£ô[39m tests/unit/services/employee-service.test.ts[2m > [22memployeeService[2m > [22mreactivate[2m > [22mshould throw error for not found (404)[32m 1[2mms[22m[39m
 [32mΓ£ô[39m tests/unit/services/employee-service.test.ts[2m > [22memployeeService[2m > [22mreactivate[2m > [22mshould throw error for forbidden (403)[32m 0[2mms[22m[39m
 [32mΓ£ô[39m tests/unit/services/employee-service.test.ts[2m > [22memployeeService[2m > [22mreactivate[2m > [22mshould throw generic error for other failures[32m 0[2mms[22m[39m
 [32mΓ£ô[39m tests/unit/services/employee-service.test.ts[2m > [22memployeeService[2m > [22mreactivate[2m > [22mshould throw generic error when no error message[32m 0[2mms[22m[39m
 [32mΓ£ô[39m tests/unit/validation/employee-schema.test.ts[2m > [22mcreateEmployeeSchema[2m > [22mrequired fields validation[2m > [22mshould validate complete valid employee data[32m 5[2mms[22m[39m
 [32mΓ£ô[39m tests/unit/validation/employee-schema.test.ts[2m > [22mcreateEmployeeSchema[2m > [22mrequired fields validation[2m > [22mshould reject missing first_name[32m 2[2mms[22m[39m
 [32mΓ£ô[39m tests/unit/validation/employee-schema.test.ts[2m > [22mcreateEmployeeSchema[2m > [22mrequired fields validation[2m > [22mshould reject missing surname[32m 1[2mms[22m[39m
 [32mΓ£ô[39m tests/unit/validation/employee-schema.test.ts[2m > [22mcreateEmployeeSchema[2m > [22mrequired fields validation[2m > [22mshould reject missing ssn[32m 1[2mms[22m[39m
 [32mΓ£ô[39m tests/unit/validation/employee-schema.test.ts[2m > [22mcreateEmployeeSchema[2m > [22mrequired fields validation[2m > [22mshould reject missing email[32m 0[2mms[22m[39m
 [32mΓ£ô[39m tests/unit/validation/employee-schema.test.ts[2m > [22mcreateEmployeeSchema[2m > [22mrequired fields validation[2m > [22mshould reject missing hire_date[32m 1[2mms[22m[39m
 [32mΓ£ô[39m tests/unit/validation/employee-schema.test.ts[2m > [22mcreateEmployeeSchema[2m > [22memail format validation[2m > [22mshould accept valid email formats[32m 1[2mms[22m[39m
 [32mΓ£ô[39m tests/unit/validation/employee-schema.test.ts[2m > [22mcreateEmployeeSchema[2m > [22memail format validation[2m > [22mshould reject invalid email formats[32m 1[2mms[22m[39m
 [32mΓ£ô[39m tests/unit/validation/employee-schema.test.ts[2m > [22mcreateEmployeeSchema[2m > [22mSSN format validation[2m > [22mshould accept valid SSN formats[32m 0[2mms[22m[39m
 [32mΓ£ô[39m tests/unit/validation/employee-schema.test.ts[2m > [22mcreateEmployeeSchema[2m > [22mSSN format validation[2m > [22mshould reject invalid SSN formats[32m 1[2mms[22m[39m
 [32mΓ£ô[39m tests/unit/validation/employee-schema.test.ts[2m > [22mcreateEmployeeSchema[2m > [22mhire_date validation[2m > [22mshould accept valid past dates[32m 0[2mms[22m[39m
 [32mΓ£ô[39m tests/unit/validation/employee-schema.test.ts[2m > [22mcreateEmployeeSchema[2m > [22mhire_date validation[2m > [22mshould accept today's date[32m 0[2mms[22m[39m
 [32mΓ£ô[39m tests/unit/validation/employee-schema.test.ts[2m > [22mcreateEmployeeSchema[2m > [22mhire_date validation[2m > [22mshould reject future dates[32m 0[2mms[22m[39m
 [32mΓ£ô[39m tests/unit/validation/employee-schema.test.ts[2m > [22mcreateEmployeeSchema[2m > [22mhire_date validation[2m > [22mshould reject invalid date formats[32m 1[2mms[22m[39m
 [32mΓ£ô[39m tests/unit/validation/employee-schema.test.ts[2m > [22mcreateEmployeeSchema[2m > [22mgender validation[2m > [22mshould accept valid gender values[32m 0[2mms[22m[39m
 [32mΓ£ô[39m tests/unit/validation/employee-schema.test.ts[2m > [22mcreateEmployeeSchema[2m > [22mgender validation[2m > [22mshould accept null for optional gender[32m 0[2mms[22m[39m
 [32mΓ£ô[39m tests/unit/validation/employee-schema.test.ts[2m > [22mcreateEmployeeSchema[2m > [22mgender validation[2m > [22mshould reject invalid gender values[32m 1[2mms[22m[39m
 [32mΓ£ô[39m tests/unit/validation/employee-schema.test.ts[2m > [22mcreateEmployeeSchema[2m > [22moptional fields validation[2m > [22mshould accept null for optional fields[32m 0[2mms[22m[39m
 [32mΓ£ô[39m tests/unit/validation/employee-schema.test.ts[2m > [22mcreateEmployeeSchema[2m > [22moptional fields validation[2m > [22mshould accept valid string values for optional fields[32m 0[2mms[22m[39m
 [32mΓ£ô[39m tests/unit/validation/employee-schema.test.ts[2m > [22mcreateEmployeeSchema[2m > [22msystem-managed fields with defaults[2m > [22mshould apply default values for system fields[32m 0[2mms[22m[39m
 [32mΓ£ô[39m tests/unit/validation/employee-schema.test.ts[2m > [22mcreateEmployeeSchema[2m > [22mfield length validation[2m > [22mshould reject first_name longer than 100 characters[32m 0[2mms[22m[39m
 [32mΓ£ô[39m tests/unit/validation/employee-schema.test.ts[2m > [22mcreateEmployeeSchema[2m > [22mfield length validation[2m > [22mshould reject surname longer than 100 characters[32m 0[2mms[22m[39m
 [32mΓ£ô[39m tests/unit/validation/employee-schema.test.ts[2m > [22mcreateEmployeeSchema[2m > [22mfield length validation[2m > [22mshould accept names at maximum length[32m 0[2mms[22m[39m
 [32mΓ£ô[39m tests/unit/validation/employee-schema.test.ts[2m > [22mupdateEmployeeSchema[2m > [22mshould accept partial updates with single field[32m 0[2mms[22m[39m
 [32mΓ£ô[39m tests/unit/validation/employee-schema.test.ts[2m > [22mupdateEmployeeSchema[2m > [22mshould accept partial updates with multiple fields[32m 0[2mms[22m[39m
 [32mΓ£ô[39m tests/unit/validation/employee-schema.test.ts[2m > [22mupdateEmployeeSchema[2m > [22mshould reject empty object (no fields provided)[32m 0[2mms[22m[39m
 [32mΓ£ô[39m tests/unit/validation/employee-schema.test.ts[2m > [22mupdateEmployeeSchema[2m > [22mshould validate email format for updates[32m 0[2mms[22m[39m
 [32mΓ£ô[39m tests/unit/validation/employee-schema.test.ts[2m > [22mupdateEmployeeSchema[2m > [22mshould validate SSN format for updates[32m 0[2mms[22m[39m
 [32mΓ£ô[39m tests/unit/validation/employee-schema.test.ts[2m > [22mupdateEmployeeSchema[2m > [22mshould validate date format for updates[32m 0[2mms[22m[39m
 [32mΓ£ô[39m tests/unit/validation/employee-schema.test.ts[2m > [22mupdateEmployeeSchema[2m > [22mshould allow nullable fields to be set to null[32m 0[2mms[22m[39m
 [32mΓ£ô[39m tests/unit/validation/employee-schema.test.ts[2m > [22mupdateEmployeeSchema[2m > [22mshould validate gender enum for updates[32m 0[2mms[22m[39m
 [32mΓ£ô[39m tests/unit/validation/employee-schema.test.ts[2m > [22mupdateEmployeeSchema[2m > [22mshould allow all fields to be optional[32m 0[2mms[22m[39m
[90mstderr[2m | tests/unit/repositories/column-config-repository.test.ts[2m > [22m[2mColumnConfigRepository[2m > 
[22m[2mfindAll[2m > [22m[2mshould return empty array on database error
[22m[39mError fetching column configurations: { message: [32m'Database error'[39m }

[90mstderr[2m | tests/unit/repositories/column-config-repository.test.ts[2m > [22m[2mColumnConfigRepository[2m > 
[22m[2mfindById[2m > [22m[2mshould return null on database error
[22m[39mError fetching column config by id: col-1 { message: [32m'Database error'[39m }

[90mstderr[2m | tests/unit/repositories/column-config-repository.test.ts[2m > [22m[2mColumnConfigRepository[2m > 
[22m[2mfindByRole[2m > [22m[2mshould return empty array on database error
[22m[39mError fetching column configurations: { message: [32m'Database error'[39m }

[90mstderr[2m | tests/unit/repositories/column-config-repository.test.ts[2m > [22m[2mColumnConfigRepository[2m > 
[22m[2mcreateCustomColumn[2m > [22m[2mshould throw error on database insert failure
[22m[39mError creating custom column: { message: [32m'Insert failed'[39m }

[90mstderr[2m | tests/unit/repositories/column-config-repository.test.ts[2m > [22m[2mColumnConfigRepository[2m > 
[22m[2mdeleteColumn[2m > [22m[2mshould throw error on database delete failure
[22m[39mError deleting column: { message: [32m'Delete failed'[39m }

 [32mΓ£ô[39m tests/unit/repositories/column-config-repository.test.ts[2m > [22mColumnConfigRepository[2m > [22mfindAll[2m > [22mshould return all column configurations[32m 5[2mms[22m[39m
 [32mΓ£ô[39m tests/unit/repositories/column-config-repository.test.ts[2m > [22mColumnConfigRepository[2m > [22mfindAll[2m > [22mshould return empty array when no columns exist[32m 1[2mms[22m[39m
 [32mΓ£ô[39m tests/unit/repositories/column-config-repository.test.ts[2m > [22mColumnConfigRepository[2m > [22mfindAll[2m > [22mshould return empty array on database error[32m 2[2mms[22m[39m
 [32mΓ£ô[39m tests/unit/repositories/column-config-repository.test.ts[2m > [22mColumnConfigRepository[2m > [22mfindById[2m > [22mshould return column config by id[32m 1[2mms[22m[39m
 [32mΓ£ô[39m tests/unit/repositories/column-config-repository.test.ts[2m > [22mColumnConfigRepository[2m > [22mfindById[2m > [22mshould return null when column not found[32m 0[2mms[22m[39m
 [32mΓ£ô[39m tests/unit/repositories/column-config-repository.test.ts[2m > [22mColumnConfigRepository[2m > [22mfindById[2m > [22mshould return null on database error[32m 1[2mms[22m[39m
 [32mΓ£ô[39m tests/unit/repositories/column-config-repository.test.ts[2m > [22mColumnConfigRepository[2m > [22mfindByRole[2m > [22mshould return only columns visible to sodexo role[32m 1[2mms[22m[39m
 [32mΓ£ô[39m tests/unit/repositories/column-config-repository.test.ts[2m > [22mColumnConfigRepository[2m > [22mfindByRole[2m > [22mshould return all columns for hr_admin role[32m 0[2mms[22m[39m
 [32mΓ£ô[39m tests/unit/repositories/column-config-repository.test.ts[2m > [22mColumnConfigRepository[2m > [22mfindByRole[2m > [22mshould return empty array when role has no permissions[32m 0[2mms[22m[39m
 [32mΓ£ô[39m tests/unit/repositories/column-config-repository.test.ts[2m > [22mColumnConfigRepository[2m > [22mfindByRole[2m > [22mshould return empty array on database error[32m 1[2mms[22m[39m
 [32mΓ£ô[39m tests/unit/repositories/column-config-repository.test.ts[2m > [22mColumnConfigRepository[2m > [22mcreateCustomColumn[2m > [22mshould create a custom column with correct properties[32m 1[2mms[22m[39m
 [32mΓ£ô[39m tests/unit/repositories/column-config-repository.test.ts[2m > [22mColumnConfigRepository[2m > [22mcreateCustomColumn[2m > [22mshould throw error when duplicate column name exists[32m 2[2mms[22m[39m
 [32mΓ£ô[39m tests/unit/repositories/column-config-repository.test.ts[2m > [22mColumnConfigRepository[2m > [22mcreateCustomColumn[2m > [22mshould throw error on database insert failure[32m 1[2mms[22m[39m
 [32mΓ£ô[39m tests/unit/repositories/column-config-repository.test.ts[2m > [22mColumnConfigRepository[2m > [22mupdateColumn[2m > [22mshould update a custom column[32m 1[2mms[22m[39m
 [32mΓ£ô[39m tests/unit/repositories/column-config-repository.test.ts[2m > [22mColumnConfigRepository[2m > [22mupdateColumn[2m > [22mshould throw error when updating masterdata column[32m 1[2mms[22m[39m
 [32mΓ£ô[39m tests/unit/repositories/column-config-repository.test.ts[2m > [22mColumnConfigRepository[2m > [22mupdateColumn[2m > [22mshould throw error when column not found[32m 1[2mms[22m[39m
 [32mΓ£ô[39m tests/unit/repositories/column-config-repository.test.ts[2m > [22mColumnConfigRepository[2m > [22mdeleteColumn[2m > [22mshould delete a custom column[32m 1[2mms[22m[39m
 [32mΓ£ô[39m tests/unit/repositories/column-config-repository.test.ts[2m > [22mColumnConfigRepository[2m > [22mdeleteColumn[2m > [22mshould throw error when deleting masterdata column[32m 1[2mms[22m[39m
 [32mΓ£ô[39m tests/unit/repositories/column-config-repository.test.ts[2m > [22mColumnConfigRepository[2m > [22mdeleteColumn[2m > [22mshould throw error when column not found[32m 1[2mms[22m[39m
 [32mΓ£ô[39m tests/unit/repositories/column-config-repository.test.ts[2m > [22mColumnConfigRepository[2m > [22mdeleteColumn[2m > [22mshould throw error on database delete failure[32m 1[2mms[22m[39m
 [32mΓ£ô[39m tests/unit/server/auth-helpers.test.ts[2m > [22mAuth Helper Functions[2m > [22mrequireAuthAPI[2m > [22mshould return user when authenticated[32m 4[2mms[22m[39m
 [32mΓ£ô[39m tests/unit/server/auth-helpers.test.ts[2m > [22mAuth Helper Functions[2m > [22mrequireAuthAPI[2m > [22mshould throw error when not authenticated[32m 2[2mms[22m[39m
 [32mΓ£ô[39m tests/unit/server/auth-helpers.test.ts[2m > [22mAuth Helper Functions[2m > [22mrequireRoleAPI[2m > [22mshould return user when role is allowed[32m 1[2mms[22m[39m
 [32mΓ£ô[39m tests/unit/server/auth-helpers.test.ts[2m > [22mAuth Helper Functions[2m > [22mrequireRoleAPI[2m > [22mshould throw error when role is not allowed[32m 1[2mms[22m[39m
 [32mΓ£ô[39m tests/unit/server/auth-helpers.test.ts[2m > [22mAuth Helper Functions[2m > [22mrequireRoleAPI[2m > [22mshould allow multiple roles[32m 2[2mms[22m[39m
 [32mΓ£ô[39m tests/unit/server/auth-helpers.test.ts[2m > [22mAuth Helper Functions[2m > [22mrequireRoleAPI[2m > [22mshould throw error when not authenticated[32m 0[2mms[22m[39m
 [32mΓ£ô[39m tests/unit/server/auth-helpers.test.ts[2m > [22mAuth Helper Functions[2m > [22mrequireHRAdminAPI[2m > [22mshould return user when user is HR admin[32m 0[2mms[22m[39m
 [32mΓ£ô[39m tests/unit/server/auth-helpers.test.ts[2m > [22mAuth Helper Functions[2m > [22mrequireHRAdminAPI[2m > [22mshould throw error when user is not HR admin[32m 0[2mms[22m[39m
 [32mΓ£ô[39m tests/unit/server/auth-helpers.test.ts[2m > [22mAuth Helper Functions[2m > [22mError Response Utilities[2m > [22mcreateUnauthorizedResponse[2m > [22mshould create 401 response with default message[32m 7[2mms[22m[39m
 [32mΓ£ô[39m tests/unit/server/auth-helpers.test.ts[2m > [22mAuth Helper Functions[2m > [22mError Response Utilities[2m > [22mcreateUnauthorizedResponse[2m > [22mshould create 401 response with custom message[32m 1[2mms[22m[39m
 [32mΓ£ô[39m tests/unit/server/auth-helpers.test.ts[2m > [22mAuth Helper Functions[2m > [22mError Response Utilities[2m > [22mcreateForbiddenResponse[2m > [22mshould create 403 response with default message[32m 1[2mms[22m[39m
 [32mΓ£ô[39m tests/unit/server/auth-helpers.test.ts[2m > [22mAuth Helper Functions[2m > [22mError Response Utilities[2m > [22mcreateForbiddenResponse[2m > [22mshould create 403 response with custom message[32m 1[2mms[22m[39m
 [32mΓ£ô[39m tests/unit/server/auth-helpers.test.ts[2m > [22mAuth Helper Functions[2m > [22mError Response Utilities[2m > [22mcreateErrorResponse[2m > [22mshould create 401 response for authentication error[32m 1[2mms[22m[39m
 [32mΓ£ô[39m tests/unit/server/auth-helpers.test.ts[2m > [22mAuth Helper Functions[2m > [22mError Response Utilities[2m > [22mcreateErrorResponse[2m > [22mshould create 403 response for permission error[32m 0[2mms[22m[39m
 [32mΓ£ô[39m tests/unit/server/auth-helpers.test.ts[2m > [22mAuth Helper Functions[2m > [22mError Response Utilities[2m > [22mcreateErrorResponse[2m > [22mshould create 500 response for unknown error[32m 1[2mms[22m[39m
 [32mΓ£ô[39m tests/unit/server/auth-helpers.test.ts[2m > [22mAuth Helper Functions[2m > [22mError Response Utilities[2m > [22mcreateErrorResponse[2m > [22mshould create 500 response for non-Error objects[32m 0[2mms[22m[39m
 [32mΓ£ô[39m tests/unit/utils/animation-helpers.test.ts[2m > [22manimation-helpers[2m > [22mhighlightRow[2m > [22mshould set highlighted row ID and clear it after duration[32m 7[2mms[22m[39m
 [32mΓ£ô[39m tests/unit/utils/animation-helpers.test.ts[2m > [22manimation-helpers[2m > [22mhighlightRow[2m > [22mshould use default duration of 2000ms[32m 2[2mms[22m[39m
 [32mΓ£ô[39m tests/unit/utils/animation-helpers.test.ts[2m > [22manimation-helpers[2m > [22mdebounce[2m > [22mshould debounce function calls[32m 2[2mms[22m[39m
 [32mΓ£ô[39m tests/unit/utils/animation-helpers.test.ts[2m > [22manimation-helpers[2m > [22mdebounce[2m > [22mshould cancel pending calls[32m 1[2mms[22m[39m
 [32mΓ£ô[39m tests/unit/utils/animation-helpers.test.ts[2m > [22manimation-helpers[2m > [22mdebounce[2m > [22mshould handle multiple cancel calls safely[32m 2[2mms[22m[39m
 [32mΓ£ô[39m tests/unit/utils/animation-helpers.test.ts[2m > [22manimation-helpers[2m > [22mperformanceTracker[2m > [22mtrackEventLatency[2m > [22mshould calculate latency correctly[32m 1[2mms[22m[39m
 [32mΓ£ô[39m tests/unit/utils/animation-helpers.test.ts[2m > [22manimation-helpers[2m > [22mperformanceTracker[2m > [22mtrackEventLatency[2m > [22mshould warn when latency exceeds threshold[32m 3[2mms[22m[39m
 [32mΓ£ô[39m tests/unit/utils/animation-helpers.test.ts[2m > [22manimation-helpers[2m > [22mperformanceTracker[2m > [22mtrackEventLatency[2m > [22mshould not warn when latency is within threshold[32m 1[2mms[22m[39m
 [32mΓ£ô[39m tests/unit/utils/animation-helpers.test.ts[2m > [22manimation-helpers[2m > [22mperformanceTracker[2m > [22mtrackMemoryUsage[2m > [22mshould log memory usage when available[32m 1[2mms[22m[39m
 [32mΓ£ô[39m tests/unit/utils/animation-helpers.test.ts[2m > [22manimation-helpers[2m > [22mperformanceTracker[2m > [22mtrackMemoryUsage[2m > [22mshould handle missing memory API gracefully[32m 1[2mms[22m[39m
 [32mΓ£ô[39m tests/unit/proxy/role-protection.test.ts[2m > [22mProxy Role Protection[2m > [22mAuthentication Checks[2m > [22mshould redirect unauthenticated users to login for dashboard routes[32m 6[2mms[22m[39m
 [32mΓ£ô[39m tests/unit/proxy/role-protection.test.ts[2m > [22mProxy Role Protection[2m > [22mAuthentication Checks[2m > [22mshould redirect unauthenticated users to login for admin routes[32m 1[2mms[22m[39m
 [32mΓ£ô[39m tests/unit/proxy/role-protection.test.ts[2m > [22mProxy Role Protection[2m > [22mAuthentication Checks[2m > [22mshould redirect authenticated users from login to dashboard[32m 1[2mms[22m[39m
 [32mΓ£ô[39m tests/unit/proxy/role-protection.test.ts[2m > [22mProxy Role Protection[2m > [22mRole-Based Access Control[2m > [22mshould allow hr_admin to access admin routes[32m 1[2mms[22m[39m
 [32mΓ£ô[39m tests/unit/proxy/role-protection.test.ts[2m > [22mProxy Role Protection[2m > [22mRole-Based Access Control[2m > [22mshould redirect external party users to 403 for admin routes[32m 1[2mms[22m[39m
 [32mΓ£ô[39m tests/unit/proxy/role-protection.test.ts[2m > [22mProxy Role Protection[2m > [22mRole-Based Access Control[2m > [22mshould allow all authenticated users to access dashboard[32m 1[2mms[22m[39m
 [32mΓ£ô[39m tests/unit/proxy/role-protection.test.ts[2m > [22mProxy Role Protection[2m > [22mInactive User Handling[2m > [22mshould redirect inactive users to login[32m 2[2mms[22m[39m
 [32mΓ£ô[39m tests/unit/proxy/role-protection.test.ts[2m > [22mProxy Role Protection[2m > [22mError Handling[2m > [22mshould redirect to login on database errors[32m 1[2mms[22m[39m
 [32mΓ£ô[39m tests/unit/api/health.test.ts[2m > [22mGET /api/health[2m > [22mreturns status ok[32m 6[2mms[22m[39m
 [32mΓ£ô[39m tests/unit/api/health.test.ts[2m > [22mGET /api/health[2m > [22mreturns current timestamp[32m 1[2mms[22m[39m
 [32mΓ£ô[39m tests/unit/api/health.test.ts[2m > [22mGET /api/health[2m > [22mreturns correct JSON structure[32m 1[2mms[22m[39m
 [32mΓ£ô[39m tests/unit/services/important-date-service.test.ts[2m > [22mimportantDateService[2m > [22mgetAll[2m > [22mshould fetch all important dates[32m 4[2mms[22m[39m
 [32mΓ£ô[39m tests/unit/services/important-date-service.test.ts[2m > [22mimportantDateService[2m > [22mgetAll[2m > [22mshould pass category filter[32m 1[2mms[22m[39m
 [32mΓ£ô[39m tests/unit/services/important-date-service.test.ts[2m > [22mimportantDateService[2m > [22mgetAll[2m > [22mshould not add category filter if 'All' is selected[32m 0[2mms[22m[39m
 [32mΓ£ô[39m tests/unit/services/important-date-service.test.ts[2m > [22mimportantDateService[2m > [22mgetAll[2m > [22mshould throw error on failed request[32m 2[2mms[22m[39m
 [32mΓ£ô[39m tests/unit/services/important-date-service.test.ts[2m > [22mimportantDateService[2m > [22mcreate[2m > [22mshould create a new important date[32m 1[2mms[22m[39m
 [32mΓ£ô[39m tests/unit/services/important-date-service.test.ts[2m > [22mimportantDateService[2m > [22mcreate[2m > [22mshould throw validation error on invalid data[32m 1[2mms[22m[39m
 [32mΓ£ô[39m tests/unit/services/important-date-service.test.ts[2m > [22mimportantDateService[2m > [22mupdate[2m > [22mshould update an important date[32m 1[2mms[22m[39m
 [32mΓ£ô[39m tests/unit/services/important-date-service.test.ts[2m > [22mimportantDateService[2m > [22mupdate[2m > [22mshould throw error when date not found[32m 0[2mms[22m[39m
 [32mΓ£ô[39m tests/unit/services/important-date-service.test.ts[2m > [22mimportantDateService[2m > [22mdelete[2m > [22mshould delete an important date[32m 1[2mms[22m[39m
 [32mΓ£ô[39m tests/unit/services/important-date-service.test.ts[2m > [22mimportantDateService[2m > [22mdelete[2m > [22mshould throw error when date not found[32m 0[2mms[22m[39m
 [32mΓ£ô[39m tests/unit/services/important-date-service.test.ts[2m > [22mimportantDateService[2m > [22mdelete[2m > [22mshould throw error when forbidden[32m 0[2mms[22m[39m
 [32mΓ£ô[39m tests/unit/services/admin-service.test.ts[2m > [22madminService[2m > [22mgetUsers[2m > [22mfetches and returns user list[32m 2[2mms[22m[39m
 [32mΓ£ô[39m tests/unit/services/admin-service.test.ts[2m > [22madminService[2m > [22mgetUsers[2m > [22mthrows error on fetch failure[32m 2[2mms[22m[39m
 [32mΓ£ô[39m tests/unit/services/admin-service.test.ts[2m > [22madminService[2m > [22mcreateUser[2m > [22mcalls API with correct payload[32m 1[2mms[22m[39m
 [32mΓ£ô[39m tests/unit/services/admin-service.test.ts[2m > [22madminService[2m > [22mcreateUser[2m > [22mhandles duplicate email error[32m 0[2mms[22m[39m
 [32mΓ£ô[39m tests/unit/services/admin-service.test.ts[2m > [22madminService[2m > [22mupdateUserStatus[2m > [22mcalls API with correct ID and status[32m 1[2mms[22m[39m
 [32mΓ£ô[39m tests/unit/services/admin-service.test.ts[2m > [22madminService[2m > [22mupdateUserStatus[2m > [22mhandles self-deactivation error[32m 1[2mms[22m[39m
 [32mΓ£ô[39m tests/unit/utils/change-detection.test.ts[2m > [22mdetectViewImpact[2m > [22mreturns "added" when employee enters view[32m 2[2mms[22m[39m
 [32mΓ£ô[39m tests/unit/utils/change-detection.test.ts[2m > [22mdetectViewImpact[2m > [22mreturns "removed" when employee leaves view[32m 0[2mms[22m[39m
 [32mΓ£ô[39m tests/unit/utils/change-detection.test.ts[2m > [22mdetectViewImpact[2m > [22mreturns "updated" when employee stays in view[32m 0[2mms[22m[39m
 [32mΓ£ô[39m tests/unit/utils/change-detection.test.ts[2m > [22mdetectViewImpact[2m > [22mreturns null when change does not affect view[32m 0[2mms[22m[39m
 [32mΓ£ô[39m tests/unit/utils/change-detection.test.ts[2m > [22mdetectViewImpact[2m > [22mreturns "added" for INSERT event (oldEmployee is null)[32m 0[2mms[22m[39m
 [32mΓ£ô[39m tests/unit/utils/change-detection.test.ts[2m > [22memployeeMatchesFilters[2m > [22mreturns false when archived employee and includeArchived is false[32m 0[2mms[22m[39m
 [32mΓ£ô[39m tests/unit/utils/change-detection.test.ts[2m > [22memployeeMatchesFilters[2m > [22mreturns true when archived employee and includeArchived is true[32m 0[2mms[22m[39m
 [32mΓ£ô[39m tests/unit/utils/change-detection.test.ts[2m > [22memployeeMatchesFilters[2m > [22mreturns false when terminated employee and includeTerminated is false[32m 0[2mms[22m[39m
 [32mΓ£ô[39m tests/unit/utils/change-detection.test.ts[2m > [22memployeeMatchesFilters[2m > [22mreturns true when employee matches global filter[32m 0[2mms[22m[39m
 [32mΓ£ô[39m tests/unit/utils/change-detection.test.ts[2m > [22memployeeMatchesFilters[2m > [22mreturns false when employee does not match global filter[32m 0[2mms[22m[39m
 [32mΓ£ô[39m tests/unit/utils/change-detection.test.ts[2m > [22memployeeMatchesFilters[2m > [22mreturns true when no filters are applied[32m 0[2mms[22m[39m
 [32mΓ£ô[39m tests/unit/utils/change-detection.test.ts[2m > [22mgetChangedField[2m > [22mdetects first name change[32m 0[2mms[22m[39m
 [32mΓ£ô[39m tests/unit/utils/change-detection.test.ts[2m > [22mgetChangedField[2m > [22mdetects email change[32m 0[2mms[22m[39m
 [32mΓ£ô[39m tests/unit/utils/change-detection.test.ts[2m > [22mgetChangedField[2m > [22mdetects archive status change[32m 0[2mms[22m[39m
 [32mΓ£ô[39m tests/unit/utils/change-detection.test.ts[2m > [22mgetChangedField[2m > [22mreturns undefined when no tracked field changed[32m 0[2mms[22m[39m
 [32mΓ£ô[39m tests/unit/utils/change-detection.test.ts[2m > [22mformatNotification[2m > [22mformats "added" notification[32m 0[2mms[22m[39m
 [32mΓ£ô[39m tests/unit/utils/change-detection.test.ts[2m > [22mformatNotification[2m > [22mformats "removed" notification[32m 0[2mms[22m[39m
 [32mΓ£ô[39m tests/unit/utils/change-detection.test.ts[2m > [22mformatNotification[2m > [22mformats "updated" notification with changed field[32m 0[2mms[22m[39m
 [32mΓ£ô[39m tests/unit/utils/change-detection.test.ts[2m > [22mformatNotification[2m > [22mformats "updated" notification without changed field[32m 0[2mms[22m[39m
 [32mΓ£ô[39m tests/unit/utils/change-detection.test.ts[2m > [22mformatBatchedNotification[2m > [22mformats single notification[32m 0[2mms[22m[39m
 [32mΓ£ô[39m tests/unit/utils/change-detection.test.ts[2m > [22mformatBatchedNotification[2m > [22mformats multiple added notifications[32m 0[2mms[22m[39m
 [32mΓ£ô[39m tests/unit/utils/change-detection.test.ts[2m > [22mformatBatchedNotification[2m > [22mformats multiple removed notifications[32m 0[2mms[22m[39m
 [32mΓ£ô[39m tests/unit/utils/change-detection.test.ts[2m > [22mformatBatchedNotification[2m > [22mreturns empty string for empty array[32m 0[2mms[22m[39m
 [32mΓ£ô[39m tests/unit/utils/change-detection.test.ts[2m > [22mPerformance[2m > [22mnotification logic executes in <100ms[32m 1[2mms[22m[39m
 [32mΓ£ô[39m tests/unit/utils/column-mapping.test.ts[2m > [22mcolumn-mapping[2m > [22mmapColumnToEmployeeField[2m > [22mshould map 'First Name' to 'first_name'[32m 2[2mms[22m[39m
 [32mΓ£ô[39m tests/unit/utils/column-mapping.test.ts[2m > [22mcolumn-mapping[2m > [22mmapColumnToEmployeeField[2m > [22mshould map 'Surname' to 'surname'[32m 0[2mms[22m[39m
 [32mΓ£ô[39m tests/unit/utils/column-mapping.test.ts[2m > [22mcolumn-mapping[2m > [22mmapColumnToEmployeeField[2m > [22mshould map 'SSN' to 'ssn'[32m 0[2mms[22m[39m
 [32mΓ£ô[39m tests/unit/utils/column-mapping.test.ts[2m > [22mcolumn-mapping[2m > [22mmapColumnToEmployeeField[2m > [22mshould map 'Email' to 'email'[32m 0[2mms[22m[39m
 [32mΓ£ô[39m tests/unit/utils/column-mapping.test.ts[2m > [22mcolumn-mapping[2m > [22mmapColumnToEmployeeField[2m > [22mshould map 'Mobile' to 'mobile'[32m 0[2mms[22m[39m
 [32mΓ£ô[39m tests/unit/utils/column-mapping.test.ts[2m > [22mcolumn-mapping[2m > [22mmapColumnToEmployeeField[2m > [22mshould map 'Town District' to 'town_district'[32m 0[2mms[22m[39m
 [32mΓ£ô[39m tests/unit/utils/column-mapping.test.ts[2m > [22mcolumn-mapping[2m > [22mmapColumnToEmployeeField[2m > [22mshould map 'Rank' to 'rank'[32m 0[2mms[22m[39m
 [32mΓ£ô[39m tests/unit/utils/column-mapping.test.ts[2m > [22mcolumn-mapping[2m > [22mmapColumnToEmployeeField[2m > [22mshould map 'Gender' to 'gender'[32m 0[2mms[22m[39m
 [32mΓ£ô[39m tests/unit/utils/column-mapping.test.ts[2m > [22mcolumn-mapping[2m > [22mmapColumnToEmployeeField[2m > [22mshould map 'Hire Date' to 'hire_date'[32m 0[2mms[22m[39m
 [32mΓ£ô[39m tests/unit/utils/column-mapping.test.ts[2m > [22mcolumn-mapping[2m > [22mmapColumnToEmployeeField[2m > [22mshould map 'Termination Date' to 'termination_date'[32m 0[2mms[22m[39m
 [32mΓ£ô[39m tests/unit/utils/column-mapping.test.ts[2m > [22mcolumn-mapping[2m > [22mmapColumnToEmployeeField[2m > [22mshould map 'Termination Reason' to 'termination_reason'[32m 0[2mms[22m[39m
 [32mΓ£ô[39m tests/unit/utils/column-mapping.test.ts[2m > [22mcolumn-mapping[2m > [22mmapColumnToEmployeeField[2m > [22mshould map 'Status' to '_computed_status'[32m 0[2mms[22m[39m
 [32mΓ£ô[39m tests/unit/utils/column-mapping.test.ts[2m > [22mcolumn-mapping[2m > [22mmapColumnToEmployeeField[2m > [22mshould map 'Comments' to 'comments'[32m 0[2mms[22m[39m
 [32mΓ£ô[39m tests/unit/utils/column-mapping.test.ts[2m > [22mcolumn-mapping[2m > [22mmapColumnToEmployeeField[2m > [22mshould handle unknown column names by converting to snake_case[32m 0[2mms[22m[39m
 [32mΓ£ô[39m tests/unit/utils/column-mapping.test.ts[2m > [22mcolumn-mapping[2m > [22mmapColumnToEmployeeField[2m > [22mshould handle single word column names[32m 0[2mms[22m[39m
 [32mΓ£ô[39m tests/unit/utils/column-mapping.test.ts[2m > [22mcolumn-mapping[2m > [22mgetEmployeeFieldValue[2m > [22mshould get first name value[32m 0[2mms[22m[39m
 [32mΓ£ô[39m tests/unit/utils/column-mapping.test.ts[2m > [22mcolumn-mapping[2m > [22mgetEmployeeFieldValue[2m > [22mshould get surname value[32m 0[2mms[22m[39m
 [32mΓ£ô[39m tests/unit/utils/column-mapping.test.ts[2m > [22mcolumn-mapping[2m > [22mgetEmployeeFieldValue[2m > [22mshould get SSN value[32m 0[2mms[22m[39m
 [32mΓ£ô[39m tests/unit/utils/column-mapping.test.ts[2m > [22mcolumn-mapping[2m > [22mgetEmployeeFieldValue[2m > [22mshould get email value[32m 0[2mms[22m[39m
 [32mΓ£ô[39m tests/unit/utils/column-mapping.test.ts[2m > [22mcolumn-mapping[2m > [22mgetEmployeeFieldValue[2m > [22mshould get mobile value[32m 0[2mms[22m[39m
 [32mΓ£ô[39m tests/unit/utils/column-mapping.test.ts[2m > [22mcolumn-mapping[2m > [22mgetEmployeeFieldValue[2m > [22mshould get hire date value[32m 0[2mms[22m[39m
 [32mΓ£ô[39m tests/unit/utils/column-mapping.test.ts[2m > [22mcolumn-mapping[2m > [22mgetEmployeeFieldValue[2m > [22mshould return 'Active' status for active employee[32m 0[2mms[22m[39m
 [32mΓ£ô[39m tests/unit/utils/column-mapping.test.ts[2m > [22mcolumn-mapping[2m > [22mgetEmployeeFieldValue[2m > [22mshould return 'Terminated' status for terminated employee[32m 0[2mms[22m[39m
 [32mΓ£ô[39m tests/unit/utils/column-mapping.test.ts[2m > [22mcolumn-mapping[2m > [22mgetEmployeeFieldValue[2m > [22mshould return 'Archived' status for archived employee[32m 0[2mms[22m[39m
 [32mΓ£ô[39m tests/unit/utils/column-mapping.test.ts[2m > [22mcolumn-mapping[2m > [22mgetEmployeeFieldValue[2m > [22mshould prioritize archived over terminated[32m 0[2mms[22m[39m
 [32mΓ£ô[39m tests/unit/utils/column-mapping.test.ts[2m > [22mcolumn-mapping[2m > [22mgetEmployeeFieldValue[2m > [22mshould return null for null values[32m 0[2mms[22m[39m
 [32mΓ£ô[39m tests/unit/utils/column-mapping.test.ts[2m > [22mcolumn-mapping[2m > [22mgetEmployeeFieldValue[2m > [22mshould handle comments[32m 0[2mms[22m[39m
 [32mΓ£ô[39m tests/unit/utils/column-grouping.test.ts[2m > [22mgroupColumnsByCategory[2m > [22mgroups columns by category correctly[32m 2[2mms[22m[39m
 [32mΓ£ô[39m tests/unit/utils/column-grouping.test.ts[2m > [22mgroupColumnsByCategory[2m > [22mhandles null category as Uncategorized[32m 0[2mms[22m[39m
 [32mΓ£ô[39m tests/unit/utils/column-grouping.test.ts[2m > [22mgroupColumnsByCategory[2m > [22mgroups multiple columns with same category[32m 0[2mms[22m[39m
 [32mΓ£ô[39m tests/unit/utils/column-grouping.test.ts[2m > [22mgroupColumnsByCategory[2m > [22mseparates masterdata from custom columns[32m 0[2mms[22m[39m
 [32mΓ£ô[39m tests/unit/utils/column-grouping.test.ts[2m > [22mgroupColumnsByCategory[2m > [22mhandles empty columns array[32m 1[2mms[22m[39m
 [32mΓ£ô[39m tests/unit/utils/column-grouping.test.ts[2m > [22mgroupColumnsByCategory[2m > [22mhandles columns with empty string category as Uncategorized[32m 0[2mms[22m[39m
 [32mΓ£ô[39m tests/unit/services/auth-service.test.ts[2m > [22mAuthService[2m > [22mlogin[2m > [22mshould successfully login with valid credentials[32m 1[2mms[22m[39m
 [32mΓ£ô[39m tests/unit/services/auth-service.test.ts[2m > [22mAuthService[2m > [22mlogin[2m > [22mshould throw error with invalid credentials[32m 0[2mms[22m[39m
 [32mΓ£ô[39m tests/unit/services/auth-service.test.ts[2m > [22mAuthService[2m > [22mlogin[2m > [22mshould throw error for inactive user[32m 0[2mms[22m[39m
 [32mΓ£ô[39m tests/unit/services/auth-service.test.ts[2m > [22mAuthService[2m > [22mlogout[2m > [22mshould successfully logout[32m 0[2mms[22m[39m
 [32mΓ£ô[39m tests/unit/services/auth-service.test.ts[2m > [22mAuthService[2m > [22mgetCurrentUser[2m > [22mshould return user when session exists[32m 0[2mms[22m[39m
 [32mΓ£ô[39m tests/unit/services/auth-service.test.ts[2m > [22mAuthService[2m > [22mgetCurrentUser[2m > [22mshould return null when no session[32m 0[2mms[22m[39m
 [32mΓ£ô[39m tests/unit/setup.test.ts[2m > [22mProject Setup[2m > [22mshould have correct Node environment[32m 1[2mms[22m[39m
 [32mΓ£ô[39m tests/unit/setup.test.ts[2m > [22mProject Setup[2m > [22mshould perform basic arithmetic[32m 0[2mms[22m[39m
 [32mΓ£ô[39m tests/unit/setup.test.ts[2m > [22mProject Setup[2m > [22mshould verify TypeScript compilation[32m 0[2mms[22m[39m

<--- Last few GCs --->

[17968:0000026573F03000]    95254 ms: Scavenge (during sweeping) 4080.5 (4089.1) -> 4077.3 (4089.6) MB, pooled: 0.0 
MB, 21.32 / 0.00 ms (average mu = 0.326, current mu = 0.293) allocation failure; 
[17968:0000026573F03000]    96922 ms: Mark-Compact (reduce) 4090.1 (4098.9) -> 4078.2 (4084.6) MB, pooled: 0.0 MB, 
612.93 / 0.00 ms (+ 876.5 ms in 174 steps since start of marking, biggest step 5.9 ms, walltime since start of marking 
1654 ms) (average mu 
FATAL ERROR: Ineffective mark-compacts near heap limit Allocation failed - JavaScript heap out of memory
----- Native stack trace -----

 1: 00007FF665818B26 node::OnFatalError+1318
 2: 00007FF6663B53D7 v8::Function::NewInstance+423
 3: 00007FF6661C3837 EVP_PKEY_asn1_set_get_priv_key+463031
 4: 00007FF6661C7747 EVP_PKEY_asn1_set_get_priv_key+479175
 5: 00007FF6661D9338 v8::internal::StrongRootAllocatorBase::deallocate_impl+19160
 6: 00007FF6661D8B6B v8::internal::StrongRootAllocatorBase::deallocate_impl+17163
 7: 00007FF66779AB6D v8::base::DiyFp::Multiply+10628957
 8: 00007FF6661C1168 EVP_PKEY_asn1_set_get_priv_key+453096
 9: 00007FF6661DED60 X509_STORE_set_cleanup+5616
10: 00007FF6661DDA5E X509_STORE_set_cleanup+750
11: 00007FF6661EB6DB SSL_CTX_set_cookie_generate_cb+21131
12: 00007FF665DEB47E v8::String::Utf8Value::~Utf8Value+152750
13: 000002652FE7B4FA 

[31mΓÄ»ΓÄ»ΓÄ»ΓÄ»ΓÄ»ΓÄ»[39m[1m[41m Failed Suites 1 [49m[22m[31mΓÄ»ΓÄ»ΓÄ»ΓÄ»ΓÄ»ΓÄ»ΓÄ»[39m

[41m[1m FAIL [22m[49m tests/integration/api/delete-column.test.ts[2m > [22mDELETE /api/admin/columns/[id]
[31m[1mError[22m: Admin login failed: fetch failed[39m
[36m [2mΓ¥»[22m tests/integration/api/delete-column.test.ts:[2m27:13[22m[39m
    [90m 25| [39m
    [90m 26| [39m    [35mif[39m (adminAuthError) {
    [90m 27| [39m      [35mthrow[39m [35mnew[39m [33mError[39m([32m`Admin login failed: 
[39m[36m${[39madminAuthError[33m.[39mmessage[36m}[39m[32m`[39m)[33m;[39m
    [90m   | [39m            [31m^[39m
    [90m 28| [39m    }
    [90m 29| [39m

[31m[2mΓÄ»ΓÄ»ΓÄ»ΓÄ»ΓÄ»ΓÄ»ΓÄ»ΓÄ»ΓÄ»ΓÄ»ΓÄ»ΓÄ»ΓÄ»ΓÄ»ΓÄ»ΓÄ»ΓÄ»ΓÄ»ΓÄ»ΓÄ»ΓÄ»ΓÄ»ΓÄ»ΓÄ»[1/5]ΓÄ»[22m[39m


[31mΓÄ»ΓÄ»ΓÄ»ΓÄ»ΓÄ»ΓÄ»ΓÄ»[39m[1m[41m Failed Tests 4 [49m[22m[31mΓÄ»ΓÄ»ΓÄ»ΓÄ»ΓÄ»ΓÄ»ΓÄ»[39m

[41m[1m FAIL [22m[49m tests/unit/components/add-important-date-modal.test.tsx[2m > [22mAddImportantDateModal[2m 
> [22mCategory Selection[2m > [22mshould allow selecting different categories
[31m[1mTestingLibraryElementError[22m[39m: Unable to find an accessible element with the role "option" and name 
"├ûMC Dates"

Here are the accessible roles:

  dialog:

  Name "Add Important Date":
  [36m<div[39m
    [33maria-describedby[39m=[32m"radix-_r_44_"[39m
    [33maria-labelledby[39m=[32m"radix-_r_43_"[39m
    [33mclass[39m=[32m"bg-background data-[state=open]:animate-in data-[state=closed]:animate-out 
data-[state=closed]:fade-out-0 data-[state=open]:fade-in-0 data-[state=closed]:zoom-out-95 
data-[state=open]:zoom-in-95 fixed top-[50%] left-[50%] z-50 grid w-full translate-x-[-50%] translate-y-[-50%] gap-4 
rounded-lg border p-6 shadow-lg duration-200 sm:max-w-lg max-w-2xl max-h-[90vh] overflow-y-auto"[39m
    [33mdata-slot[39m=[32m"dialog-content"[39m
    [33mdata-state[39m=[32m"open"[39m
    [33mid[39m=[32m"radix-_r_42_"[39m
    [33mrole[39m=[32m"dialog"[39m
    [33mstyle[39m=[32m"pointer-events: auto;"[39m
    [33mtabindex[39m=[32m"-1"[39m
  [36m/>[39m

  --------------------------------------------------
  heading:

  Name "Add Important Date":
  [36m<h2[39m
    [33mclass[39m=[32m"text-lg leading-none font-semibold"[39m
    [33mdata-slot[39m=[32m"dialog-title"[39m
    [33mid[39m=[32m"radix-_r_43_"[39m
  [36m/>[39m

  --------------------------------------------------
  paragraph:

  Name "":
  [36m<p[39m
    [33mclass[39m=[32m"text-muted-foreground text-sm"[39m
    [33mdata-slot[39m=[32m"dialog-description"[39m
    [33mid[39m=[32m"radix-_r_44_"[39m
  [36m/>[39m

  --------------------------------------------------
  spinbutton:

  Name "Week Number (Optional)":
  [36m<input[39m
    [33maria-describedby[39m=[32m"_r_45_-form-item-description"[39m
    [33maria-invalid[39m=[32m"false"[39m
    [33mclass[39m=[32m"flex h-10 w-full rounded-md border border-input bg-background px-3 py-2 text-sm 
ring-offset-background file:border-0 file:bg-transparent file:text-sm file:font-medium 
placeholder:text-muted-foreground focus-visible:outline-none focus-visible:ring-2 focus-visible:ring-ring 
focus-visible:ring-offset-2 disabled:cursor-not-allowed disabled:opacity-50"[39m
    [33mdata-slot[39m=[32m"form-control"[39m
    [33mid[39m=[32m"_r_45_-form-item"[39m
    [33mmax[39m=[32m"53"[39m
    [33mmin[39m=[32m"1"[39m
    [33mname[39m=[32m"week_number"[39m
    [33mplaceholder[39m=[32m"e.g., 7"[39m
    [33mtype[39m=[32m"number"[39m
    [33mvalue[39m=[32m""[39m
  [36m/>[39m

  Name "Year *":
  [36m<input[39m
    [33maria-describedby[39m=[32m"_r_46_-form-item-description"[39m
    [33maria-invalid[39m=[32m"false"[39m
    [33mclass[39m=[32m"flex h-10 w-full rounded-md border border-input bg-background px-3 py-2 text-sm 
ring-offset-background file:border-0 file:bg-transparent file:text-sm file:font-medium 
placeholder:text-muted-foreground focus-visible:outline-none focus-visible:ring-2 focus-visible:ring-ring 
focus-visible:ring-offset-2 disabled:cursor-not-allowed disabled:opacity-50"[39m
    [33mdata-slot[39m=[32m"form-control"[39m
    [33mid[39m=[32m"_r_46_-form-item"[39m
    [33mmax[39m=[32m"2100"[39m
    [33mmin[39m=[32m"2020"[39m
    [33mname[39m=[32m"year"[39m
    [33mtype[39m=[32m"number"[39m
    [33mvalue[39m=[32m"2025"[39m
  [36m/>[39m

  --------------------------------------------------
  combobox:

  Name "Category *":
  [36m<button[39m
    [33maria-autocomplete[39m=[32m"none"[39m
    [33maria-controls[39m=[32m"radix-_r_48_"[39m
    [33maria-describedby[39m=[32m"_r_47_-form-item-description"[39m
    [33maria-expanded[39m=[32m"false"[39m
    [33maria-invalid[39m=[32m"false"[39m
    [33mclass[39m=[32m"border-input data-[placeholder]:text-muted-foreground 
[&_svg:not([class*='text-'])]:text-muted-foreground focus-visible:border-ring focus-visible:ring-ring/50 
aria-invalid:ring-destructive/20 dark:aria-invalid:ring-destructive/40 aria-invalid:border-destructive 
dark:bg-input/30 dark:hover:bg-input/50 flex w-fit items-center justify-between gap-2 rounded-md border bg-transparent 
px-3 py-2 text-sm whitespace-nowrap shadow-xs transition-[color,box-shadow] outline-none focus-visible:ring-[3px] 
disabled:cursor-not-allowed disabled:opacity-50 data-[size=default]:h-9 data-[size=sm]:h-8 
*:data-[slot=select-value]:line-clamp-1 *:data-[slot=select-value]:flex *:data-[slot=select-value]:items-center 
*:data-[slot=select-value]:gap-2 [&_svg]:pointer-events-none [&_svg]:shrink-0 
[&_svg:not([class*='size-'])]:size-4"[39m
    [33mdata-size[39m=[32m"default"[39m
    [33mdata-slot[39m=[32m"form-control"[39m
    [33mdata-state[39m=[32m"closed"[39m
    [33mdir[39m=[32m"ltr"[39m
    [33mid[39m=[32m"_r_47_-form-item"[39m
    [33mrole[39m=[32m"combobox"[39m
    [33mtype[39m=[32m"button"[39m
  [36m/>[39m

  --------------------------------------------------
  textbox:

  Name "Date Description *":
  [36m<input[39m
    [33maria-describedby[39m=[32m"_r_49_-form-item-description"[39m
    [33maria-invalid[39m=[32m"false"[39m
    [33mclass[39m=[32m"flex h-10 w-full rounded-md border border-input bg-background px-3 py-2 text-sm 
ring-offset-background file:border-0 file:bg-transparent file:text-sm file:font-medium 
placeholder:text-muted-foreground focus-visible:outline-none focus-visible:ring-2 focus-visible:ring-ring 
focus-visible:ring-offset-2 disabled:cursor-not-allowed disabled:opacity-50"[39m
    [33mdata-slot[39m=[32m"form-control"[39m
    [33mid[39m=[32m"_r_49_-form-item"[39m
    [33mname[39m=[32m"date_description"[39m
    [33mplaceholder[39m=[32m"e.g., Fredag 14/2"[39m
    [33mvalue[39m=[32m""[39m
  [36m/>[39m

  Name "Date Value *":
  [36m<input[39m
    [33maria-describedby[39m=[32m"_r_4a_-form-item-description"[39m
    [33maria-invalid[39m=[32m"false"[39m
    [33mclass[39m=[32m"flex h-10 w-full rounded-md border border-input bg-background px-3 py-2 text-sm 
ring-offset-background file:border-0 file:bg-transparent file:text-sm file:font-medium 
placeholder:text-muted-foreground focus-visible:outline-none focus-visible:ring-2 focus-visible:ring-ring 
focus-visible:ring-offset-2 disabled:cursor-not-allowed disabled:opacity-50"[39m
    [33mdata-slot[39m=[32m"form-control"[39m
    [33mid[39m=[32m"_r_4a_-form-item"[39m
    [33mname[39m=[32m"date_value"[39m
    [33mplaceholder[39m=[32m"e.g., 15-16/2 or 10/4"[39m
    [33mvalue[39m=[32m""[39m
  [36m/>[39m

  Name "Notes (Optional)":
  [36m<textarea[39m
    [33maria-describedby[39m=[32m"_r_4b_-form-item-description"[39m
    [33maria-invalid[39m=[32m"false"[39m
    [33mclass[39m=[32m"border-input placeholder:text-muted-foreground focus-visible:border-ring 
focus-visible:ring-ring/50 aria-invalid:ring-destructive/20 dark:aria-invalid:ring-destructive/40 
aria-invalid:border-destructive dark:bg-input/30 flex field-sizing-content min-h-16 w-full rounded-md border 
bg-transparent px-3 py-2 text-base shadow-xs transition-[color,box-shadow] outline-none focus-visible:ring-[3px] 
disabled:cursor-not-allowed disabled:opacity-50 md:text-sm"[39m
    [33mdata-slot[39m=[32m"form-control"[39m
    [33mid[39m=[32m"_r_4b_-form-item"[39m
    [33mname[39m=[32m"notes"[39m
    [33mplaceholder[39m=[32m"Additional notes or details..."[39m
  [36m/>[39m

  --------------------------------------------------
  button:

  Name "Cancel":
  [36m<button[39m
    [33mclass[39m=[32m"inline-flex items-center justify-center gap-2 whitespace-nowrap rounded-md text-sm 
font-medium transition-all disabled:pointer-events-none disabled:opacity-50 [&_svg]:pointer-events-none 
[&_svg:not([class*='size-'])]:size-4 shrink-0 [&_svg]:shrink-0 outline-none focus-visible:border-ring 
focus-visible:ring-ring/50 focus-visible:ring-[3px] aria-invalid:ring-destructive/20 
dark:aria-invalid:ring-destructive/40 aria-invalid:border-destructive border bg-background shadow-xs hover:bg-accent 
hover:text-accent-foreground dark:bg-input/30 dark:border-input dark:hover:bg-input/50 h-9 px-4 py-2 
has-[>svg]:px-3"[39m
    [33mdata-slot[39m=[32m"button"[39m
    [33mtype[39m=[32m"button"[39m
  [36m/>[39m

  Name "Create":
  [36m<button[39m
    [33mclass[39m=[32m"inline-flex items-center justify-center gap-2 whitespace-nowrap rounded-md text-sm 
font-medium transition-all disabled:pointer-events-none disabled:opacity-50 [&_svg]:pointer-events-none 
[&_svg:not([class*='size-'])]:size-4 shrink-0 [&_svg]:shrink-0 outline-none focus-visible:border-ring 
focus-visible:ring-ring/50 focus-visible:ring-[3px] aria-invalid:ring-destructive/20 
dark:aria-invalid:ring-destructive/40 aria-invalid:border-destructive bg-primary text-primary-foreground 
hover:bg-primary/90 h-9 px-4 py-2 has-[>svg]:px-3"[39m
    [33mdata-slot[39m=[32m"button"[39m
    [33mtype[39m=[32m"submit"[39m
  [36m/>[39m

  Name "Close":
  [36m<button[39m
    [33mclass[39m=[32m"ring-offset-background focus:ring-ring data-[state=open]:bg-accent 
data-[state=open]:text-muted-foreground absolute top-4 right-4 rounded-xs opacity-70 transition-opacity 
hover:opacity-100 focus:ring-2 focus:ring-offset-2 focus:outline-hidden disabled:pointer-events-none 
[&_svg]:pointer-events-none [&_svg]:shrink-0 [&_svg:not([class*='size-'])]:size-4"[39m
    [33mdata-slot[39m=[32m"dialog-close"[39m
    [33mtype[39m=[32m"button"[39m
  [36m/>[39m

  --------------------------------------------------

Ignored nodes: comments, script, style
[36m<body[39m
  [33mdata-scroll-locked[39m=[32m"1"[39m
  [33mstyle[39m=[32m"pointer-events: none;"[39m
[36m>[39m
  [36m<span[39m
    [33maria-hidden[39m=[32m"true"[39m
    [33mdata-aria-hidden[39m=[32m"true"[39m
    [33mdata-radix-focus-guard[39m=[32m""[39m
    [33mstyle[39m=[32m"outline: none; opacity: 0; position: fixed; pointer-events: none;"[39m
    [33mtabindex[39m=[32m"0"[39m
  [36m/>[39m
  [36m<div[39m
    [33maria-hidden[39m=[32m"true"[39m
    [33mdata-aria-hidden[39m=[32m"true"[39m
  [36m/>[39m
  [36m<div[39m
    [33maria-hidden[39m=[32m"true"[39m
    [33mclass[39m=[32m"data-[state=open]:animate-in data-[state=closed]:animate-out data-[state=closed]:fade-out-0 
data-[state=open]:fade-in-0 fixed inset-0 z-50 bg-black/50"[39m
    [33mdata-aria-hidden[39m=[32m"true"[39m
    [33mdata-slot[39m=[32m"dialog-overlay"[39m
    [33mdata-state[39m=[32m"open"[39m
    [33mstyle[39m=[32m"pointer-events: auto;"[39m
  [36m/>[39m
  [36m<div[39m
    [33maria-describedby[39m=[32m"radix-_r_44_"[39m
    [33maria-labelledby[39m=[32m"radix-_r_43_"[39m
    [33mclass[39m=[32m"bg-background data-[state=open]:animate-in data-[state=closed]:animate-out 
data-[state=closed]:fade-out-0 data-[state=open]:fade-in-0 data-[state=closed]:zoom-out-95 
data-[state=open]:zoom-in-95 fixed top-[50%] left-[50%] z-50 grid w-full translate-x-[-50%] translate-y-[-50%] gap-4 
rounded-lg border p-6 shadow-lg duration-200 sm:max-w-lg max-w-2xl max-h-[90vh] overflow-y-auto"[39m
    [33mdata-slot[39m=[32m"dialog-content"[39m
    [33mdata-state[39m=[32m"open"[39m
    [33mid[39m=[32m"radix-_r_42_"[39m
    [33mrole[39m=[32m"dialog"[39m
    [33mstyle[39m=[32m"pointer-events: auto;"[39m
    [33mtabindex[39m=[32m"-1"[39m
  [36m>[39m
    [36m<div[39m
      [33mclass[39m=[32m"flex flex-col gap-2 text-center sm:text-left"[39m
      [33mdata-slot[39m=[32m"dialog-header"[39m
    [36m>[39m
      [36m<h2[39m
        [33mclass[39m=[32m"text-lg leading-none font-semibold"[39m
        [33mdata-slot[39m=[32m"dialog-title"[39m
        [33mid[39m=[32m"radix-_r_43_"[39m
      [36m>[39m
        [0mAdd Important Date[0m
      [36m</h2>[39m
      [36m<p[39m
        [33mclass[39m=[32m"text-muted-foreground text-sm"[39m
        [33mdata-slot[39m=[32m"dialog-description"[39m
        [33mid[39m=[32m"radix-_r_44_"[39m
      [36m>[39m
        [0mCreate a new important date entry for operational planning.[0m
      [36m</p>[39m
    [36m</div>[39m
    [36m<form[39m
      [33mclass[39m=[32m"space-y-4"[39m
    [36m>[39m
      [36m<div[39m
        [33mclass[39m=[32m"grid grid-cols-2 gap-4"[39m
      [36m>[39m
        [36m<div[39m
          [33mclass[39m=[32m"grid gap-2"[39m
          [33mdata-slot[39m=[32m"form-item"[39m
        [36m>[39m
          [36m<label[39m
            [33mclass[39m=[32m"flex items-center gap-2 text-sm leading-none font-medium select-none 
group-data-[disabled=true]:pointer-events-none group-data-[disabled=true]:opacity-50 peer-disabled:cursor-not-allowed 
peer-disabled:opacity-50 data-[error=true]:text-destructive"[39m
            [33mdata-error[39m=[32m"false"[39m
            [33mdata-slot[39m=[32m"form-label"[39m
            [33mfor[39m=[32m"_r_45_-form-item"[39m
          [36m>[39m
            [0mWeek Number (Optional)[0m
          [36m</label>[39m
          [36m<input[39m
            [33maria-describedby[39m=[32m"_r_45_-form-item-description"[39m
            [33maria-invalid[39m=[32m"false"[39m
            [33mclass[39m=[32m"flex h-10 w-full rounded-md border border-input bg-background px-3 py-2 text-sm 
ring-offset-background file:border-0 file:bg-transparent file:text-sm file:font-medium 
placeholder:text-muted-foreground focus-visible:outline-none focus-visible:ring-2 focus-visible:ring-ring 
focus-visible:ring-offset-2 disabled:cursor-not-allowed disabled:opacity-50"[39m
            [33mdata-slot[39m=[32m"form-control"[39m
            [33mid[39m=[32m"_r_45_-form-item"[39m
            [33mmax[39m=[32m"53"[39m
            [33mmin[39m=[32m"1"[39m
            [33mname[39m=[32m"week_number"[39m
            [33mplaceholder[39m=[32m"e.g., 7"[39m
            [33mtype[39m=[32m"number"[39m
            [33mvalue[39m=[32m""[39m
          [36m/>[39m
        [36m</div>[39m
        [36m<div[39m
          [33mclass[39m=[32m"grid gap-2"[39m
          [33mdata-slot[39m=[32m"form-item"[39m
        [36m>[39m
          [36m<label[39m
            [33mclass[39m=[32m"flex items-center gap-2 text-sm leading-none font-medium select-none 
group-data-[disabled=true]:pointer-events-none group-data-[disabled=true]:opacity-50 peer-disabled:cursor-not-allowed 
peer-disabled:opacity-50 data-[error=true]:text-destructive"[39m
            [33mdata-error[39m=[32m"false"[39m
            [33mdata-slot[39m=[32m"form-label"[39m
            [33mfor[39m=[32m"_r_46_-form-item"[39m
          [36m>[39m
            [0mYear [0m
            [36m<span[39m
              [33mclass[39m=[32m"text-red-500"[39m
            [36m>[39m
              [0m*[0m
            [36m</span>[39m
          [36m</label>[39m
          [36m<input[39m
            [33maria-describedby[39m=[32m"_r_46_-form-item-description"[39m
            [33maria-invalid[39m=[32m"false"[39m
            [33mclass[39m=[32m"flex h-10 w-full rounded-md border border-input bg-background px-3 py-2 text-sm 
ring-offset-background file:border-0 file:bg-transparent file:text-sm file:font-medium 
placeholder:text-muted-foreground focus-visible:outline-none focus-visible:ring-2 focus-visible:ring-ring 
focus-visible:ring-offset-2 disabled:cursor-not-allowed disabled:opacity-50"[39m
            [33mdata-slot[39m=[32m"form-control"[39m
            [33mid[39m=[32m"_r_46_-form-item"[39m
            [33mmax[39m=[32m"2100"[39m
            [33mmin[39m=[32m"2020"[39m
            [33mname[39m=[32m"year"[39m
            [33mtype[39m=[32m"number"[39m
            [33mvalue[39m=[32m"2025"[39m
          [36m/>[39m
        [36m</div>[39m
        [36m<div[39m
          [33mclass[39m=[32m"grid gap-2"[39m
          [33mdata-slot[39m=[32m"form-item"[39m
        [36m>[39m
          [36m<label[39m
            [33mclass[39m=[32m"flex items-center gap-2 text-sm leading-none font-medium select-none 
group-data-[disabled=true]:pointer-events-none group-data-[disabled=true]:opacity-50 peer-disabled:cursor-not-allowed 
peer-disabled:opacity-50 data-[error=true]:text-destructive"[39m
            [33mdata-error[39m=[32m"false"[39m
            [33mdata-slot[39m=[32m"form-label"[39m
            [33mfor[39m=[32m"_r_47_-form-item"[39m
          [36m>[39m
            [0mCategory [0m
            [36m<span[39m
              [33mclass[39m=[32m"text-red-500"[39m
   ...
[90m [2mΓ¥»[22m Object.getElementError 
node_modules/.pnpm/@testing-library+dom@10.4.1/node_modules/@testing-library/dom/dist/config.js:[2m37:19[22m[39m
[90m [2mΓ¥»[22m node_modules/.pnpm/@testing-library+dom@10.4.1/node_modules/@testing-library/dom/dist/query-helpers.
js:[2m76:38[22m[39m
[90m [2mΓ¥»[22m node_modules/.pnpm/@testing-library+dom@10.4.1/node_modules/@testing-library/dom/dist/query-helpers.
js:[2m52:17[22m[39m
[90m [2mΓ¥»[22m node_modules/.pnpm/@testing-library+dom@10.4.1/node_modules/@testing-library/dom/dist/query-helpers.
js:[2m95:19[22m[39m
[36m [2mΓ¥»[22m tests/unit/components/add-important-date-modal.test.tsx:[2m379:32[22m[39m
    [90m377| [39m
    [90m378| [39m      [90m// Select "├ûMC Dates"[39m
    [90m379| [39m      const omcOption = screen.getByRole("option", { name: "├ûMC Dates"ΓÇª
    [90m   | [39m                               [31m^[39m
    [90m380| [39m      [35mawait[39m user[33m.[39m[34mclick[39m(omcOption)[33m;[39m
    [90m381| [39m

[31m[2mΓÄ»ΓÄ»ΓÄ»ΓÄ»ΓÄ»ΓÄ»ΓÄ»ΓÄ»ΓÄ»ΓÄ»ΓÄ»ΓÄ»ΓÄ»ΓÄ»ΓÄ»ΓÄ»ΓÄ»ΓÄ»ΓÄ»ΓÄ»ΓÄ»ΓÄ»ΓÄ»ΓÄ»[2/5]ΓÄ»[22m[39m

[41m[1m FAIL [22m[49m tests/unit/components/add-user-modal.test.tsx[2m > [22mAddUserModal[2m > [22mrole 
dropdown displays all roles
[31m[1mTestingLibraryElementError[22m[39m: Unable to find role="option" and name `/HR Administrator/i`

Ignored nodes: comments, script, style
[36m<body[39m
  [33mdata-scroll-locked[39m=[32m"1"[39m
  [33mstyle[39m=[32m"pointer-events: none;"[39m
[36m>[39m
  [36m<span[39m
    [33maria-hidden[39m=[32m"true"[39m
    [33mdata-aria-hidden[39m=[32m"true"[39m
    [33mdata-radix-focus-guard[39m=[32m""[39m
    [33mstyle[39m=[32m"outline: none; opacity: 0; position: fixed; pointer-events: none;"[39m
    [33mtabindex[39m=[32m"0"[39m
  [36m/>[39m
  [36m<div[39m
    [33maria-hidden[39m=[32m"true"[39m
    [33mdata-aria-hidden[39m=[32m"true"[39m
  [36m/>[39m
  [36m<div[39m
    [33maria-hidden[39m=[32m"true"[39m
    [33mclass[39m=[32m"data-[state=open]:animate-in data-[state=closed]:animate-out data-[state=closed]:fade-out-0 
data-[state=open]:fade-in-0 fixed inset-0 z-50 bg-black/50"[39m
    [33mdata-aria-hidden[39m=[32m"true"[39m
    [33mdata-slot[39m=[32m"dialog-overlay"[39m
    [33mdata-state[39m=[32m"open"[39m
    [33mstyle[39m=[32m"pointer-events: auto;"[39m
  [36m/>[39m
  [36m<div[39m
    [33maria-describedby[39m=[32m"radix-_r_26_"[39m
    [33maria-labelledby[39m=[32m"radix-_r_25_"[39m
    [33mclass[39m=[32m"bg-background data-[state=open]:animate-in data-[state=closed]:animate-out 
data-[state=closed]:fade-out-0 data-[state=open]:fade-in-0 data-[state=closed]:zoom-out-95 
data-[state=open]:zoom-in-95 fixed top-[50%] left-[50%] z-50 grid w-full max-w-[calc(100%-2rem)] translate-x-[-50%] 
translate-y-[-50%] gap-4 rounded-lg border p-6 shadow-lg duration-200 sm:max-w-[500px]"[39m
    [33mdata-slot[39m=[32m"dialog-content"[39m
    [33mdata-state[39m=[32m"open"[39m
    [33mid[39m=[32m"radix-_r_24_"[39m
    [33mrole[39m=[32m"dialog"[39m
    [33mstyle[39m=[32m"pointer-events: auto;"[39m
    [33mtabindex[39m=[32m"-1"[39m
  [36m>[39m
    [36m<div[39m
      [33mclass[39m=[32m"flex flex-col gap-2 text-center sm:text-left"[39m
      [33mdata-slot[39m=[32m"dialog-header"[39m
    [36m>[39m
      [36m<h2[39m
        [33mclass[39m=[32m"text-lg leading-none font-semibold"[39m
        [33mdata-slot[39m=[32m"dialog-title"[39m
        [33mid[39m=[32m"radix-_r_25_"[39m
      [36m>[39m
        [0mAdd New User[0m
      [36m</h2>[39m
      [36m<p[39m
        [33mclass[39m=[32m"text-muted-foreground text-sm"[39m
        [33mdata-slot[39m=[32m"dialog-description"[39m
        [33mid[39m=[32m"radix-_r_26_"[39m
      [36m>[39m
        [0mCreate a new user account with assigned role and access level.[0m
      [36m</p>[39m
    [36m</div>[39m
    [36m<form[39m
      [33mclass[39m=[32m"space-y-4"[39m
    [36m>[39m
      [36m<div[39m
        [33mclass[39m=[32m"grid gap-2"[39m
        [33mdata-slot[39m=[32m"form-item"[39m
      [36m>[39m
        [36m<label[39m
          [33mclass[39m=[32m"flex items-center gap-2 text-sm leading-none font-medium select-none 
group-data-[disabled=true]:pointer-events-none group-data-[disabled=true]:opacity-50 peer-disabled:cursor-not-allowed 
peer-disabled:opacity-50 data-[error=true]:text-destructive"[39m
          [33mdata-error[39m=[32m"false"[39m
          [33mdata-slot[39m=[32m"form-label"[39m
          [33mfor[39m=[32m"_r_27_-form-item"[39m
        [36m>[39m
          [0mEmail[0m
        [36m</label>[39m
        [36m<input[39m
          [33maria-describedby[39m=[32m"_r_27_-form-item-description"[39m
          [33maria-invalid[39m=[32m"false"[39m
          [33mclass[39m=[32m"flex h-10 w-full rounded-md border border-input bg-background px-3 py-2 text-sm 
ring-offset-background file:border-0 file:bg-transparent file:text-sm file:font-medium 
placeholder:text-muted-foreground focus-visible:outline-none focus-visible:ring-2 focus-visible:ring-ring 
focus-visible:ring-offset-2 disabled:cursor-not-allowed disabled:opacity-50"[39m
          [33mdata-slot[39m=[32m"form-control"[39m
          [33mid[39m=[32m"_r_27_-form-item"[39m
          [33mname[39m=[32m"email"[39m
          [33mplaceholder[39m=[32m"user@example.com"[39m
          [33mtype[39m=[32m"email"[39m
          [33mvalue[39m=[32m""[39m
        [36m/>[39m
      [36m</div>[39m
      [36m<div[39m
        [33mclass[39m=[32m"grid gap-2"[39m
        [33mdata-slot[39m=[32m"form-item"[39m
      [36m>[39m
        [36m<label[39m
          [33mclass[39m=[32m"flex items-center gap-2 text-sm leading-none font-medium select-none 
group-data-[disabled=true]:pointer-events-none group-data-[disabled=true]:opacity-50 peer-disabled:cursor-not-allowed 
peer-disabled:opacity-50 data-[error=true]:text-destructive"[39m
          [33mdata-error[39m=[32m"false"[39m
          [33mdata-slot[39m=[32m"form-label"[39m
          [33mfor[39m=[32m"_r_28_-form-item"[39m
        [36m>[39m
          [0mPassword[0m
        [36m</label>[39m
        [36m<input[39m
          [33maria-describedby[39m=[32m"_r_28_-form-item-description"[39m
          [33maria-invalid[39m=[32m"false"[39m
          [33mclass[39m=[32m"flex h-10 w-full rounded-md border border-input bg-background px-3 py-2 text-sm 
ring-offset-background file:border-0 file:bg-transparent file:text-sm file:font-medium 
placeholder:text-muted-foreground focus-visible:outline-none focus-visible:ring-2 focus-visible:ring-ring 
focus-visible:ring-offset-2 disabled:cursor-not-allowed disabled:opacity-50"[39m
          [33mdata-slot[39m=[32m"form-control"[39m
          [33mid[39m=[32m"_r_28_-form-item"[39m
          [33mname[39m=[32m"password"[39m
          [33mplaceholder[39m=[32m"Minimum 8 characters"[39m
          [33mtype[39m=[32m"password"[39m
          [33mvalue[39m=[32m""[39m
        [36m/>[39m
      [36m</div>[39m
      [36m<div[39m
        [33mclass[39m=[32m"grid gap-2"[39m
        [33mdata-slot[39m=[32m"form-item"[39m
      [36m>[39m
        [36m<label[39m
          [33mclass[39m=[32m"flex items-center gap-2 text-sm leading-none font-medium select-none 
group-data-[disabled=true]:pointer-events-none group-data-[disabled=true]:opacity-50 peer-disabled:cursor-not-allowed 
peer-disabled:opacity-50 data-[error=true]:text-destructive"[39m
          [33mdata-error[39m=[32m"false"[39m
          [33mdata-slot[39m=[32m"form-label"[39m
          [33mfor[39m=[32m"_r_29_-form-item"[39m
        [36m>[39m
          [0mRole[0m
        [36m</label>[39m
        [36m<button[39m
          [33maria-autocomplete[39m=[32m"none"[39m
          [33maria-controls[39m=[32m"radix-_r_2a_"[39m
          [33maria-describedby[39m=[32m"_r_29_-form-item-description"[39m
          [33maria-expanded[39m=[32m"false"[39m
          [33maria-invalid[39m=[32m"false"[39m
          [33mclass[39m=[32m"border-input data-[placeholder]:text-muted-foreground 
[&_svg:not([class*='text-'])]:text-muted-foreground focus-visible:border-ring focus-visible:ring-ring/50 
aria-invalid:ring-destructive/20 dark:aria-invalid:r...

Ignored nodes: comments, script, style
[36m<html>[39m
  [36m<head />[39m
  [36m<body[39m
    [33mdata-scroll-locked[39m=[32m"1"[39m
    [33mstyle[39m=[32m"pointer-events: none;"[39m
  [36m>[39m
    [36m<span[39m
      [33maria-hidden[39m=[32m"true"[39m
      [33mdata-aria-hidden[39m=[32m"true"[39m
      [33mdata-radix-focus-guard[39m=[32m""[39m
      [33mstyle[39m=[32m"outline: none; opacity: 0; position: fixed; pointer-events: none;"[39m
      [33mtabindex[39m=[32m"0"[39m
    [36m/>[39m
    [36m<div[39m
      [33maria-hidden[39m=[32m"true"[39m
      [33mdata-aria-hidden[39m=[32m"true"[39m
    [36m/>[39m
    [36m<div[39m
      [33maria-hidden[39m=[32m"true"[39m
      [33mclass[39m=[32m"data-[state=open]:animate-in data-[state=closed]:animate-out 
data-[state=closed]:fade-out-0 data-[state=open]:fade-in-0 fixed inset-0 z-50 bg-black/50"[39m
      [33mdata-aria-hidden[39m=[32m"true"[39m
      [33mdata-slot[39m=[32m"dialog-overlay"[39m
      [33mdata-state[39m=[32m"open"[39m
      [33mstyle[39m=[32m"pointer-events: auto;"[39m
    [36m/>[39m
    [36m<div[39m
      [33maria-describedby[39m=[32m"radix-_r_26_"[39m
      [33maria-labelledby[39m=[32m"radix-_r_25_"[39m
      [33mclass[39m=[32m"bg-background data-[state=open]:animate-in data-[state=closed]:animate-out 
data-[state=closed]:fade-out-0 data-[state=open]:fade-in-0 data-[state=closed]:zoom-out-95 
data-[state=open]:zoom-in-95 fixed top-[50%] left-[50%] z-50 grid w-full max-w-[calc(100%-2rem)] translate-x-[-50%] 
translate-y-[-50%] gap-4 rounded-lg border p-6 shadow-lg duration-200 sm:max-w-[500px]"[39m
      [33mdata-slot[39m=[32m"dialog-content"[39m
      [33mdata-state[39m=[32m"open"[39m
      [33mid[39m=[32m"radix-_r_24_"[39m
      [33mrole[39m=[32m"dialog"[39m
      [33mstyle[39m=[32m"pointer-events: auto;"[39m
      [33mtabindex[39m=[32m"-1"[39m
    [36m>[39m
      [36m<div[39m
        [33mclass[39m=[32m"flex flex-col gap-2 text-center sm:text-left"[39m
        [33mdata-slot[39m=[32m"dialog-header"[39m
      [36m>[39m
        [36m<h2[39m
          [33mclass[39m=[32m"text-lg leading-none font-semibold"[39m
          [33mdata-slot[39m=[32m"dialog-title"[39m
          [33mid[39m=[32m"radix-_r_25_"[39m
        [36m>[39m
          [0mAdd New User[0m
        [36m</h2>[39m
        [36m<p[39m
          [33mclass[39m=[32m"text-muted-foreground text-sm"[39m
          [33mdata-slot[39m=[32m"dialog-description"[39m
          [33mid[39m=[32m"radix-_r_26_"[39m
        [36m>[39m
          [0mCreate a new user account with assigned role and access level.[0m
        [36m</p>[39m
      [36m</div>[39m
      [36m<form[39m
        [33mclass[39m=[32m"space-y-4"[39m
      [36m>[39m
        [36m<div[39m
          [33mclass[39m=[32m"grid gap-2"[39m
          [33mdata-slot[39m=[32m"form-item"[39m
        [36m>[39m
          [36m<label[39m
            [33mclass[39m=[32m"flex items-center gap-2 text-sm leading-none font-medium select-none 
group-data-[disabled=true]:pointer-events-none group-data-[disabled=true]:opacity-50 peer-disabled:cursor-not-allowed 
peer-disabled:opacity-50 data-[error=true]:text-destructive"[39m
            [33mdata-error[39m=[32m"false"[39m
            [33mdata-slot[39m=[32m"form-label"[39m
            [33mfor[39m=[32m"_r_27_-form-item"[39m
          [36m>[39m
            [0mEmail[0m
          [36m</label>[39m
          [36m<input[39m
            [33maria-describedby[39m=[32m"_r_27_-form-item-description"[39m
            [33maria-invalid[39m=[32m"false"[39m
            [33mclass[39m=[32m"flex h-10 w-full rounded-md border border-input bg-background px-3 py-2 text-sm 
ring-offset-background file:border-0 file:bg-transparent file:text-sm file:font-medium 
placeholder:text-muted-foreground focus-visible:outline-none focus-visible:ring-2 focus-visible:ring-ring 
focus-visible:ring-offset-2 disabled:cursor-not-allowed disabled:opacity-50"[39m
            [33mdata-slot[39m=[32m"form-control"[39m
            [33mid[39m=[32m"_r_27_-form-item"[39m
            [33mname[39m=[32m"email"[39m
            [33mplaceholder[39m=[32m"user@example.com"[39m
            [33mtype[39m=[32m"email"[39m
            [33mvalue[39m=[32m""[39m
          [36m/>[39m
        [36m</div>[39m
        [36m<div[39m
          [33mclass[39m=[32m"grid gap-2"[39m
          [33mdata-slot[39m=[32m"form-item"[39m
        [36m>[39m
          [36m<label[39m
            [33mclass[39m=[32m"flex items-center gap-2 text-sm leading-none font-medium select-none 
group-data-[disabled=true]:pointer-events-none group-data-[disabled=true]:opacity-50 peer-disabled:cursor-not-allowed 
peer-disabled:opacity-50 data-[error=true]:text-destructive"[39m
            [33mdata-error[39m=[32m"false"[39m
            [33mdata-slot[39m=[32m"form-label"[39m
            [33mfor[39m=[32m"_r_28_-form-item"[39m
          [36m>[39m
            [0mPassword[0m
          [36m</label>[39m
          [36m<input[39m
            [33maria-describedby[39m=[32m"_r_28_-form-item-description"[39m
            [33maria-invalid[39m=[32m"false"[39m
            [33mclass[39m=[32m"flex h-10 w-full rounded-md border border-input bg-background px-3 py-2 text-sm 
ring-offset-background file:border-0 file:bg-transparent file:text-sm file:font-medium 
placeholder:text-muted-foreground focus-visible:outline-none focus-visible:ring-2 focus-visible:ring-ring 
focus-visible:ring-offset-2 disabled:cursor-not-allowed disabled:opacity-50"[39m
            [33mdata-slot[39m=[32m"form-control"[39m
            [33mid[39m=[32m"_r_28_-form-item"[39m
            [33mname[39m=[32m"password"[39m
            [33mplaceholder[39m=[32m"Minimum 8 characters"[39m
            [33mtype[39m=[32m"password"[39m
            [33mvalue[39m=[32m""[39m
          [36m/>[39m
        [36m</div>[39m
        [36m<div[39m
          [33mclass[39m=[32m"grid gap-2"[39m
          [33mdata-slot[39m=[32m"form-item"[39m
        [36m>[39m
          [36m<label[39m
            [33mclass[39m=[32m"flex items-center gap-2 text-sm leading-none font-medium select-none 
group-data-[disabled=true]:pointer-events-none group-data-[disabled=true]:opacity-50 peer-disabled:cursor-not-allowed 
peer-disabled:opacity-50 data-[error=true]:text-destructive"[39m
            [33mdata-error[39m=[32m"false"[39m
            [33mdata-slot[39m=[32m"form-label"[39m
            [33mfor[39m=[32m"_r_29_-form-item"[39m
          [36m>[39m
            [0mRole[0m
          [36m</label>[39m
          [36m<button[39m
            [33maria-autocomplete[39m=[32m"none"[39m
            [33maria-controls[39m=[32m"radix-_r_2a_"[39m
            [33maria-describedby[39m=[32m"_r_29_-form-item-description"[39m
            [33maria-expanded[39m=[32m"false"[39m
            [...
[90m [2mΓ¥»[22m Proxy.waitForWrapper 
node_modules/.pnpm/@testing-library+dom@10.4.1/node_modules/@testing-library/dom/dist/wait-for.js:[2m163:27[22m[39m
[36m [2mΓ¥»[22m tests/unit/components/add-user-modal.test.tsx:[2m137:11[22m[39m
    [90m135| [39m    [35mawait[39m user[33m.[39m[34mclick[39m(roleSelect)[33m;[39m
    [90m136| [39m
    [90m137| [39m    [35mawait[39m [34mwaitFor[39m(() [33m=>[39m {
    [90m   | [39m          [31m^[39m
    [90m138| [39m      expect(screen.getByRole('option', { name: /HR Administrator/i })ΓÇª
    [90m139| [39m      expect(screen.getByRole('option', { name: /Sodexo/i })).toBeInThΓÇª

[31m[2mΓÄ»ΓÄ»ΓÄ»ΓÄ»ΓÄ»ΓÄ»ΓÄ»ΓÄ»ΓÄ»ΓÄ»ΓÄ»ΓÄ»ΓÄ»ΓÄ»ΓÄ»ΓÄ»ΓÄ»ΓÄ»ΓÄ»ΓÄ»ΓÄ»ΓÄ»ΓÄ»ΓÄ»[3/5]ΓÄ»[22m[39m

[41m[1m FAIL [22m[49m tests/unit/components/employee-table.test.tsx[2m > [22mEmployeeTable[2m > [22mSort 
Functionality[2m > [22mshould sort employees by first name descending on second click
[31m[1mTestingLibraryElementError[22m[39m: Unable to find an element with the text: Charlie. This could be because 
the text is broken up by multiple elements. In this case, you can provide a function for your text matcher to make 
your matcher more flexible.

Ignored nodes: comments, script, style
[36m<tr[39m
  [33mclass[39m=[32m"hover:bg-muted/50 data-[state=selected]:bg-muted border-b transition-colors"[39m
  [33mdata-slot[39m=[32m"table-row"[39m
  [33mdata-testid[39m=[32m"employee-row-2"[39m
[36m>[39m
  [36m<td[39m
    [33mclass[39m=[32m"p-2 align-middle whitespace-nowrap [&:has([role=checkbox])]:pr-0 
[&>[role=checkbox]]:translate-y-[2px]"[39m
    [33mdata-slot[39m=[32m"table-cell"[39m
  [36m>[39m
    [36m<div[39m
      [33maria-label[39m=[32m"Edit first_name"[39m
      [33maria-readonly[39m=[32m"false"[39m
      [33mclass[39m=[32m"cursor-pointer px-3 py-2 rounded hover:bg-blue-50 transition-colors focus:outline-none 
focus:ring-2 focus:ring-ring min-h-10 flex items-center bg-white"[39m
      [33mrole[39m=[32m"gridcell"[39m
      [33mtabindex[39m=[32m"0"[39m
    [36m>[39m
      [0mAlice[0m
    [36m</div>[39m
  [36m</td>[39m
  [36m<td[39m
    [33mclass[39m=[32m"p-2 align-middle whitespace-nowrap [&:has([role=checkbox])]:pr-0 
[&>[role=checkbox]]:translate-y-[2px]"[39m
    [33mdata-slot[39m=[32m"table-cell"[39m
  [36m>[39m
    [36m<div[39m
      [33maria-label[39m=[32m"Edit surname"[39m
      [33maria-readonly[39m=[32m"false"[39m
      [33mclass[39m=[32m"cursor-pointer px-3 py-2 rounded hover:bg-blue-50 transition-colors focus:outline-none 
focus:ring-2 focus:ring-ring min-h-10 flex items-center bg-white"[39m
      [33mrole[39m=[32m"gridcell"[39m
      [33mtabindex[39m=[32m"0"[39m
    [36m>[39m
      [0mAnderson[0m
    [36m</div>[39m
  [36m</td>[39m
  [36m<td[39m
    [33mclass[39m=[32m"p-2 align-middle whitespace-nowrap [&:has([role=checkbox])]:pr-0 
[&>[role=checkbox]]:translate-y-[2px]"[39m
    [33mdata-slot[39m=[32m"table-cell"[39m
  [36m>[39m
    [36m<div[39m
      [33maria-label[39m=[32m"Edit email"[39m
      [33maria-readonly[39m=[32m"false"[39m
      [33mclass[39m=[32m"cursor-pointer px-3 py-2 rounded hover:bg-blue-50 transition-colors focus:outline-none 
focus:ring-2 focus:ring-ring min-h-10 flex items-center bg-white"[39m
      [33mrole[39m=[32m"gridcell"[39m
      [33mtabindex[39m=[32m"0"[39m
    [36m>[39m
      [0malice@example.com[0m
    [36m</div>[39m
  [36m</td>[39m
  [36m<td[39m
    [33mclass[39m=[32m"p-2 align-middle whitespace-nowrap [&:has([role=checkbox])]:pr-0 
[&>[role=checkbox]]:translate-y-[2px]"[39m
    [33mdata-slot[39m=[32m"table-cell"[39m
  [36m>[39m
    [36m<div[39m
      [33maria-label[39m=[32m"Edit ssn"[39m
      [33maria-readonly[39m=[32m"false"[39m
      [33mclass[39m=[32m"cursor-pointer px-3 py-2 rounded hover:bg-blue-50 transition-colors focus:outline-none 
focus:ring-2 focus:ring-ring min-h-10 flex items-center bg-white"[39m
      [33mrole[39m=[32m"gridcell"[39m
      [33mtabindex[39m=[32m"0"[39m
    [36m>[39m
      [0m222222-2222[0m
    [36m</div>[39m
  [36m</td>[39m
  [36m<td[39m
    [33mclass[39m=[32m"p-2 align-middle whitespace-nowrap [&:has([role=checkbox])]:pr-0 
[&>[role=checkbox]]:translate-y-[2px]"[39m
    [33mdata-slot[39m=[32m"table-cell"[39m
  [36m>[39m
    [36m<div[39m
      [33maria-label[39m=[32m"Edit mobile"[39m
      [33maria-readonly[39m=[32m"false"[39m
      [33mclass[39m=[32m"cursor-pointer px-3 py-2 rounded hover:bg-blue-50 transition-colors focus:outline-none 
focus:ring-2 focus:ring-ring min-h-10 flex items-center bg-white"[39m
      [33mrole[39m=[32m"gridcell"[39m
      [33mtabindex[39m=[32m"0"[39m
    [36m>[39m
      [36m<span[39m
        [33mclass[39m=[32m"text-muted-foreground"[39m
      [36m>[39m
        [0mΓÇö[0m
      [36m</span>[39m
    [36m</div>[39m
  [36m</td>[39m
  [36m<td[39m
    [33mclass[39m=[32m"p-2 align-middle whitespace-nowrap [&:has([role=checkbox])]:pr-0 
[&>[role=checkbox]]:translate-y-[2px]"[39m
    [33mdata-slot[39m=[32m"table-cell"[39m
  [36m>[39m
    [36m<div[39m
      [33maria-label[39m=[32m"Edit rank"[39m
      [33maria-readonly[39m=[32m"false"[39m
      [33mclass[39m=[32m"cursor-pointer px-3 py-2 rounded hover:bg-blue-50 transition-colors focus:outline-none 
focus:ring-2 focus:ring-ring min-h-10 flex items-center bg-white"[39m
      [33mrole[39m=[32m"gridcell"[39m
      [33mtabindex[39m=[32m"0"[39m
    [36m>[39m
      [0mJUN[0m
    [36m</div>[39m
  [36m</td>[39m
  [36m<td[39m
    [33mclass[39m=[32m"p-2 align-middle whitespace-nowrap [&:has([role=checkbox])]:pr-0 
[&>[role=checkbox]]:translate-y-[2px]"[39m
    [33mdata-slot[39m=[32m"table-cell"[39m
  [36m>[39m
    [36m<div[39m
      [33maria-label[39m=[32m"Edit gender"[39m
      [33maria-readonly[39m=[32m"false"[39m
      [33mclass[39m=[32m"cursor-pointer px-3 py-2 rounded hover:bg-blue-50 transition-colors focus:outline-none 
focus:ring-2 focus:ring-ring min-h-10 flex items-center bg-white"[39m
      [33mrole[39m=[32m"gridcell"[39m
      [33mtabindex[39m=[32m"0"[39m
    [36m>[39m
      [0mFemale[0m
    [36m</div>[39m
  [36m</td>[39m
  [36m<td[39m
    [33mclass[39m=[32m"p-2 align-middle whitespace-nowrap [&:has([role=checkbox])]:pr-0 
[&>[role=checkbox]]:translate-y-[2px]"[39m
    [33mdata-slot[39m=[32m"table-cell"[39m
  [36m>[39m
    [36m<div[39m
      [33maria-label[39m=[32m"Edit town_district"[39m
      [33maria-readonly[39m=[32m"false"[39m
      [33mclass[39m=[32m"cursor-pointer px-3 py-2 rounded hover:bg-blue-50 transition-colors focus:outline-none 
focus:ring-2 focus:ring-ring min-h-10 flex items-center bg-white"[39m
      [33mrole[39m=[32m"gridcell"[39m
      [33mtabindex[39m=[32m"0"[39m
    [36m>[39m
      [0mStockholm[0m
    [36m</div>[39m
  [36m</td>[39m
  [36m<td[39m
    [33mclass[39m=[32m"p-2 align-middle whitespace-nowrap [&:has([role=checkbox])]:pr-0 
[&>[role=checkbox]]:translate-y-[2px]"[39m
    [33mdata-slot[39m=[32m"table-cell"[39m
  [36m>[39m
    [36m<div[39m
      [33maria-label[39m=[32m"Edit hire_date"[39m
      [33maria-readonly[39m=[32m"false"[39m
      [33mclass[39m=[32m"cursor-pointer px-3 py-2 rounded hover:bg-blue-50 transition-colors focus:outline-none 
focus:ring-2 focus:ring-ring min-h-10 flex items-center bg-white"[39m
      [33mrole[39m=[32m"gridcell"[39m
      [33mtabindex[39m=[32m"0"[39m
    [36m>[39m
      [0m2025-01-10[0m
    [36m</div>[39m
  [36m</td>[39m
  [36m<td[39m
    [33mclass[39m=[32m"p-2 align-middle whitespace-nowrap [&:has([role=checkbox])]:pr-0 
[&>[role=checkbox]]:translate-y-[2px]"[39m
    [33mdata-slot[39m=[32m"table-cell"[39m
  [36m>[39m
    [36m<div[39m
      [33maria-label[39m=[32m"Edit comments"[39m
      [33maria-readonly[39m=[32m"false"[39m
      [33mclass[39m=[32m"cursor-pointer px-3 py-2 rounded hover:bg-blue-50 transition-colors focus:outline-none 
focus:ring-2 focus:ring-ring min-h-10 flex items-center bg-white"[39m
      [33mrole[39m=[32m"gridcell"[39m
      [33mtabindex[39m=[32m"0"[39m
    [36m>[39m
      [36m<span[39m
        [33mclass[39m=[32m"text-muted-foreground"[39m
      [36m>[39m
        [0mΓÇö[0m
      [36m</span>[39m
    [36m</div>[39m
  [36m</td>[39m
  [36m<td[39m
    [33mclass[39m=[32m"p-2 align-middle whitespace-nowrap [&:has([role=checkbox])]:pr-0 
[&>[role=checkbox]]:translate-y-[2px]"[39m
    [33mdata-slot[39m=[32m"table-cell"[39m
  [36m>[39m
    [36m<span[39m
      [33mclass[39m=[32m"text-green-600"[39m
    [36m>[39m
      [0mActive[0m
    [36m</span>[39m
  [36m</td>[39m
  [36m<td[39m
    [33mclass[39m=[32m"p-2 align-middle whitespace-nowrap [&:has([role=checkbox])]:pr-0 
[&>[role=checkbox]]:translate-y-[2px]"[39m
    [33mdata-slot[39m=[32m"table-cell"[39m
  [36m>[39m
    [36m<div[39m
      [33mclass[39m=[32m"flex gap-2"[39m
    [36m>[39m
      [36m<button[39m
        [33mclass[39m=[32m"inline-flex items-center justify-center whitespace-nowrap text-sm font-medium 
transition-all disabled:pointer-events-none disabled:opacity-50 [&_svg]:pointer-events-none 
[&_svg:not([class*='size-'])]:size-4 shrink-0 [&_svg]:shrink-0 outline-none focus-visible:border-ring 
focus-visible:ring-ring/50 focus-visible:ring-[3px] aria-invalid:ring-destructive/20 
dark:aria-invalid:ring-destructive/40 aria-invalid:border-destructive hover:bg-accent hover:text-accent-foreground 
dark:hover:bg-accent/50 h-8 rounded-md gap-1.5 px-3 has-[>svg]:px-2.5"[39m
        [33mdata-slot[39m=[32m"button"[39m
        [33mtitle[39m=[32m"Archive employee"[39m
      [36m>[39m
        [36m<svg[39m
          [33mclass[39m=[32m"lucide lucide-archive h-4 w-4"[39m
          [33mfill[39m=[32m"none"[39m
          [33mheight[39m=[32m"24"[39m
          [33mstroke[39m=[32m"currentColor"[39m
          [33mstroke-linecap[39m=[32m"round"[39m
          [33mstroke-linejoin[39m=[32m"round"[39m
          [33mstroke-width[39m=[32m"2"[39m
          [33mviewBox[39m=[32m"0 0 24 24"[39m
          [33mwidth[39m=[32m"24"[39m
          [33mxmlns[39m=[32m"http://www.w3.org/2000/svg"[39m
        [36m>[39m
          [36m<rect[39m
            [33mheight[39m=[32m"5"[39m
            [33mrx[39m=[32m"1"[39m
            [33mwidth[39m=[32m"20"[39m
            [33mx[39m=[32m"2"[39m
            [33my[39m=[32m"3"[39m
          [36m/>[39m
          [36m<path[39m
            [33md[39m=[32m"M4 8v11a2 2 0 0 0 2 2h12a2 2 0 0 0 2-2V8"[39m
          [36m/>[39m
          [36m<path[39m
            [33md[39m=[32m"M10 12h4"[39m
          [36m/>[39m
        [36m</svg>[39m
      [36m</button>[39m
      [36m<button[39m
        [33mclass[39m=[32m"inline-flex items-center justify-center whitespace-nowrap text-sm font-medium 
transition-all disabled:pointer-events-none disabled:opacity-50 [&_svg]:pointer-events-none 
[&_svg:not([class*='size-'])]:size-4 shrink-0 [&_svg]:shrink-0 outline-none focus-visible:border-ring 
focus-visible:ring-ring/50 focus-visible:ring-[3px] aria-invalid:ring-destructive/20 
dark:aria-invalid:ring-destructive/40 aria-invalid:border-destructive hover:bg-accent hover:text-accent-foreground 
dark:hover:bg-accent/50 h-8 rounded-md gap-1.5 px-3 has-[>svg]:px-2.5"[39m
        [33mdata-slot[39m=[32m"button"[39m
        [33mtitle[39m=[32m"Mark as terminated"[39m
      [36m>[39m
        [36m<svg[39m
          [33mclass[39m=[32m"lucide lucide-user-x h-4 w-4"[39m
          [33mfill[39m=[32m"none"[39m
          [33mheight[39m=[32m"24"[39m
          [33mstroke[39m=[32m"currentColor"[39m
          [33mstroke-linecap[39m=[32m"round"[39m
          [33mstroke-linejoin[39m=[32m"round"[39m
          [33mstroke-width[39m=[32m"2"[39m
          [33mviewBox[39m=[32m"0 0 24 24"[39m
          [33mwidth[39m=[32m"24"[39m
          [33mxmlns[39m=[32m"http://www.w3.org/2000/svg"[39m
        [36m>[39m
          [36m<path[39m
            [33md[39m=[32m"M16 21v-2a4 4 0 0 0-4-4H6a4 4 0 0 0-4 4v2"[39m
          [36m/>[39m
          [36m<circle[39m
            [33mcx[39m=[32m"9"[39m
            [33mcy[39m=[32m"7"[39m
            [33mr[39m=[32m"4"[39m
          [36m/>[39m
          [36m<line[39m
            [33mx1[39m=[32m"17"[39m
            [33mx2[39m=[32m"22"[39m
            [33my1[39m=[32m"8"[39m
            [33my2[39m=[32m"13"[39m
          [36m/>[39m
          [36m<line[39m
            [33mx1[39m=[32m"22"[39m
            [33mx2[39m=[32m"17"[39m
            [33my1[39m=[32m"8"[39m
            [33my2[39m=[32m"13"[39m
          [36m/>[39m
        [36m</svg>[39m
      [36m</button>[39m
    [36m</div>[39m
  [36m</td>[39m
[36m</tr>[39m
[90m [2mΓ¥»[22m Object.getElementError 
node_modules/.pnpm/@testing-library+dom@10.4.1/node_modules/@testing-library/dom/dist/config.js:[2m37:19[22m[39m
[90m [2mΓ¥»[22m node_modules/.pnpm/@testing-library+dom@10.4.1/node_modules/@testing-library/dom/dist/query-helpers.
js:[2m76:38[22m[39m
[90m [2mΓ¥»[22m node_modules/.pnpm/@testing-library+dom@10.4.1/node_modules/@testing-library/dom/dist/query-helpers.
js:[2m52:17[22m[39m
[90m [2mΓ¥»[22m node_modules/.pnpm/@testing-library+dom@10.4.1/node_modules/@testing-library/dom/dist/query-helpers.
js:[2m95:19[22m[39m
[36m [2mΓ¥»[22m tests/unit/components/employee-table.test.tsx:[2m672:30[22m[39m
    [90m670| [39m
    [90m671| [39m      [35mconst[39m rows [33m=[39m 
screen[33m.[39m[34mgetAllByRole[39m([32m"row"[39m)[33m;[39m
    [90m672| [39m      [34mexpect[39m([34mwithin[39m(rows[[34m1[39m])[33m.[39m[34mgetByText[39m([32m"Charl
ie"[39m))[33m.[39m[34mtoBeInTheDocument[39m()[33m;[39m
    [90m   | [39m                             [31m^[39m
    [90m673| [39m      [34mexpect[39m([34mwithin[39m(rows[[34m2[39m])[33m.[39m[34mgetByText[39m([32m"Bob"
[39m))[33m.[39m[34mtoBeInTheDocument[39m()[33m;[39m
    [90m674| [39m      [34mexpect[39m([34mwithin[39m(rows[[34m3[39m])[33m.[39m[34mgetByText[39m([32m"Alice
"[39m))[33m.[39m[34mtoBeInTheDocument[39m()[33m;[39m

[31m[2mΓÄ»ΓÄ»ΓÄ»ΓÄ»ΓÄ»ΓÄ»ΓÄ»ΓÄ»ΓÄ»ΓÄ»ΓÄ»ΓÄ»ΓÄ»ΓÄ»ΓÄ»ΓÄ»ΓÄ»ΓÄ»ΓÄ»ΓÄ»ΓÄ»ΓÄ»ΓÄ»ΓÄ»[4/5]ΓÄ»[22m[39m

[41m[1m FAIL [22m[49m tests/unit/components/employee-table.test.tsx[2m > [22mEmployeeTable[2m > [22mSort 
Functionality[2m > [22mshould remove sort on third click (tri-state sorting)
[31m[1mTestingLibraryElementError[22m[39m: Unable to find an element with the text: Charlie. This could be because 
the text is broken up by multiple elements. In this case, you can provide a function for your text matcher to make 
your matcher more flexible.

Ignored nodes: comments, script, style
[36m<tr[39m
  [33mclass[39m=[32m"hover:bg-muted/50 data-[state=selected]:bg-muted border-b transition-colors"[39m
  [33mdata-slot[39m=[32m"table-row"[39m
  [33mdata-testid[39m=[32m"employee-row-2"[39m
[36m>[39m
  [36m<td[39m
    [33mclass[39m=[32m"p-2 align-middle whitespace-nowrap [&:has([role=checkbox])]:pr-0 
[&>[role=checkbox]]:translate-y-[2px]"[39m
    [33mdata-slot[39m=[32m"table-cell"[39m
  [36m>[39m
    [36m<div[39m
      [33maria-label[39m=[32m"Edit first_name"[39m
      [33maria-readonly[39m=[32m"false"[39m
      [33mclass[39m=[32m"cursor-pointer px-3 py-2 rounded hover:bg-blue-50 transition-colors focus:outline-none 
focus:ring-2 focus:ring-ring min-h-10 flex items-center bg-white"[39m
      [33mrole[39m=[32m"gridcell"[39m
      [33mtabindex[39m=[32m"0"[39m
    [36m>[39m
      [0mAlice[0m
    [36m</div>[39m
  [36m</td>[39m
  [36m<td[39m
    [33mclass[39m=[32m"p-2 align-middle whitespace-nowrap [&:has([role=checkbox])]:pr-0 
[&>[role=checkbox]]:translate-y-[2px]"[39m
    [33mdata-slot[39m=[32m"table-cell"[39m
  [36m>[39m
    [36m<div[39m
      [33maria-label[39m=[32m"Edit surname"[39m
      [33maria-readonly[39m=[32m"false"[39m
      [33mclass[39m=[32m"cursor-pointer px-3 py-2 rounded hover:bg-blue-50 transition-colors focus:outline-none 
focus:ring-2 focus:ring-ring min-h-10 flex items-center bg-white"[39m
      [33mrole[39m=[32m"gridcell"[39m
      [33mtabindex[39m=[32m"0"[39m
    [36m>[39m
      [0mAnderson[0m
    [36m</div>[39m
  [36m</td>[39m
  [36m<td[39m
    [33mclass[39m=[32m"p-2 align-middle whitespace-nowrap [&:has([role=checkbox])]:pr-0 
[&>[role=checkbox]]:translate-y-[2px]"[39m
    [33mdata-slot[39m=[32m"table-cell"[39m
  [36m>[39m
    [36m<div[39m
      [33maria-label[39m=[32m"Edit email"[39m
      [33maria-readonly[39m=[32m"false"[39m
      [33mclass[39m=[32m"cursor-pointer px-3 py-2 rounded hover:bg-blue-50 transition-colors focus:outline-none 
focus:ring-2 focus:ring-ring min-h-10 flex items-center bg-white"[39m
      [33mrole[39m=[32m"gridcell"[39m
      [33mtabindex[39m=[32m"0"[39m
    [36m>[39m
      [0malice@example.com[0m
    [36m</div>[39m
  [36m</td>[39m
  [36m<td[39m
    [33mclass[39m=[32m"p-2 align-middle whitespace-nowrap [&:has([role=checkbox])]:pr-0 
[&>[role=checkbox]]:translate-y-[2px]"[39m
    [33mdata-slot[39m=[32m"table-cell"[39m
  [36m>[39m
    [36m<div[39m
      [33maria-label[39m=[32m"Edit ssn"[39m
      [33maria-readonly[39m=[32m"false"[39m
      [33mclass[39m=[32m"cursor-pointer px-3 py-2 rounded hover:bg-blue-50 transition-colors focus:outline-none 
focus:ring-2 focus:ring-ring min-h-10 flex items-center bg-white"[39m
      [33mrole[39m=[32m"gridcell"[39m
      [33mtabindex[39m=[32m"0"[39m
    [36m>[39m
      [0m222222-2222[0m
    [36m</div>[39m
  [36m</td>[39m
  [36m<td[39m
    [33mclass[39m=[32m"p-2 align-middle whitespace-nowrap [&:has([role=checkbox])]:pr-0 
[&>[role=checkbox]]:translate-y-[2px]"[39m
    [33mdata-slot[39m=[32m"table-cell"[39m
  [36m>[39m
    [36m<div[39m
      [33maria-label[39m=[32m"Edit mobile"[39m
      [33maria-readonly[39m=[32m"false"[39m
      [33mclass[39m=[32m"cursor-pointer px-3 py-2 rounded hover:bg-blue-50 transition-colors focus:outline-none 
focus:ring-2 focus:ring-ring min-h-10 flex items-center bg-white"[39m
      [33mrole[39m=[32m"gridcell"[39m
      [33mtabindex[39m=[32m"0"[39m
    [36m>[39m
      [36m<span[39m
        [33mclass[39m=[32m"text-muted-foreground"[39m
      [36m>[39m
        [0mΓÇö[0m
      [36m</span>[39m
    [36m</div>[39m
  [36m</td>[39m
  [36m<td[39m
    [33mclass[39m=[32m"p-2 align-middle whitespace-nowrap [&:has([role=checkbox])]:pr-0 
[&>[role=checkbox]]:translate-y-[2px]"[39m
    [33mdata-slot[39m=[32m"table-cell"[39m
  [36m>[39m
    [36m<div[39m
      [33maria-label[39m=[32m"Edit rank"[39m
      [33maria-readonly[39m=[32m"false"[39m
      [33mclass[39m=[32m"cursor-pointer px-3 py-2 rounded hover:bg-blue-50 transition-colors focus:outline-none 
focus:ring-2 focus:ring-ring min-h-10 flex items-center bg-white"[39m
      [33mrole[39m=[32m"gridcell"[39m
      [33mtabindex[39m=[32m"0"[39m
    [36m>[39m
      [0mJUN[0m
    [36m</div>[39m
  [36m</td>[39m
  [36m<td[39m
    [33mclass[39m=[32m"p-2 align-middle whitespace-nowrap [&:has([role=checkbox])]:pr-0 
[&>[role=checkbox]]:translate-y-[2px]"[39m
    [33mdata-slot[39m=[32m"table-cell"[39m
  [36m>[39m
    [36m<div[39m
      [33maria-label[39m=[32m"Edit gender"[39m
      [33maria-readonly[39m=[32m"false"[39m
      [33mclass[39m=[32m"cursor-pointer px-3 py-2 rounded hover:bg-blue-50 transition-colors focus:outline-none 
focus:ring-2 focus:ring-ring min-h-10 flex items-center bg-white"[39m
      [33mrole[39m=[32m"gridcell"[39m
      [33mtabindex[39m=[32m"0"[39m
    [36m>[39m
      [0mFemale[0m
    [36m</div>[39m
  [36m</td>[39m
  [36m<td[39m
    [33mclass[39m=[32m"p-2 align-middle whitespace-nowrap [&:has([role=checkbox])]:pr-0 
[&>[role=checkbox]]:translate-y-[2px]"[39m
    [33mdata-slot[39m=[32m"table-cell"[39m
  [36m>[39m
    [36m<div[39m
      [33maria-label[39m=[32m"Edit town_district"[39m
      [33maria-readonly[39m=[32m"false"[39m
      [33mclass[39m=[32m"cursor-pointer px-3 py-2 rounded hover:bg-blue-50 transition-colors focus:outline-none 
focus:ring-2 focus:ring-ring min-h-10 flex items-center bg-white"[39m
      [33mrole[39m=[32m"gridcell"[39m
      [33mtabindex[39m=[32m"0"[39m
    [36m>[39m
      [0mStockholm[0m
    [36m</div>[39m
  [36m</td>[39m
  [36m<td[39m
    [33mclass[39m=[32m"p-2 align-middle whitespace-nowrap [&:has([role=checkbox])]:pr-0 
[&>[role=checkbox]]:translate-y-[2px]"[39m
    [33mdata-slot[39m=[32m"table-cell"[39m
  [36m>[39m
    [36m<div[39m
      [33maria-label[39m=[32m"Edit hire_date"[39m
      [33maria-readonly[39m=[32m"false"[39m
      [33mclass[39m=[32m"cursor-pointer px-3 py-2 rounded hover:bg-blue-50 transition-colors focus:outline-none 
focus:ring-2 focus:ring-ring min-h-10 flex items-center bg-white"[39m
      [33mrole[39m=[32m"gridcell"[39m
      [33mtabindex[39m=[32m"0"[39m
    [36m>[39m
      [0m2025-01-10[0m
    [36m</div>[39m
  [36m</td>[39m
  [36m<td[39m
    [33mclass[39m=[32m"p-2 align-middle whitespace-nowrap [&:has([role=checkbox])]:pr-0 
[&>[role=checkbox]]:translate-y-[2px]"[39m
    [33mdata-slot[39m=[32m"table-cell"[39m
  [36m>[39m
    [36m<div[39m
      [33maria-label[39m=[32m"Edit comments"[39m
      [33maria-readonly[39m=[32m"false"[39m
      [33mclass[39m=[32m"cursor-pointer px-3 py-2 rounded hover:bg-blue-50 transition-colors focus:outline-none 
focus:ring-2 focus:ring-ring min-h-10 flex items-center bg-white"[39m
      [33mrole[39m=[32m"gridcell"[39m
      [33mtabindex[39m=[32m"0"[39m
    [36m>[39m
      [36m<span[39m
        [33mclass[39m=[32m"text-muted-foreground"[39m
      [36m>[39m
        [0mΓÇö[0m
      [36m</span>[39m
    [36m</div>[39m
  [36m</td>[39m
  [36m<td[39m
    [33mclass[39m=[32m"p-2 align-middle whitespace-nowrap [&:has([role=checkbox])]:pr-0 
[&>[role=checkbox]]:translate-y-[2px]"[39m
    [33mdata-slot[39m=[32m"table-cell"[39m
  [36m>[39m
    [36m<span[39m
      [33mclass[39m=[32m"text-green-600"[39m
    [36m>[39m
      [0mActive[0m
    [36m</span>[39m
  [36m</td>[39m
  [36m<td[39m
    [33mclass[39m=[32m"p-2 align-middle whitespace-nowrap [&:has([role=checkbox])]:pr-0 
[&>[role=checkbox]]:translate-y-[2px]"[39m
    [33mdata-slot[39m=[32m"table-cell"[39m
  [36m>[39m
    [36m<div[39m
      [33mclass[39m=[32m"flex gap-2"[39m
    [36m>[39m
      [36m<button[39m
        [33mclass[39m=[32m"inline-flex items-center justify-center whitespace-nowrap text-sm font-medium 
transition-all disabled:pointer-events-none disabled:opacity-50 [&_svg]:pointer-events-none 
[&_svg:not([class*='size-'])]:size-4 shrink-0 [&_svg]:shrink-0 outline-none focus-visible:border-ring 
focus-visible:ring-ring/50 focus-visible:ring-[3px] aria-invalid:ring-destructive/20 
dark:aria-invalid:ring-destructive/40 aria-invalid:border-destructive hover:bg-accent hover:text-accent-foreground 
dark:hover:bg-accent/50 h-8 rounded-md gap-1.5 px-3 has-[>svg]:px-2.5"[39m
        [33mdata-slot[39m=[32m"button"[39m
        [33mtitle[39m=[32m"Archive employee"[39m
      [36m>[39m
        [36m<svg[39m
          [33mclass[39m=[32m"lucide lucide-archive h-4 w-4"[39m
          [33mfill[39m=[32m"none"[39m
          [33mheight[39m=[32m"24"[39m
          [33mstroke[39m=[32m"currentColor"[39m
          [33mstroke-linecap[39m=[32m"round"[39m
          [33mstroke-linejoin[39m=[32m"round"[39m
          [33mstroke-width[39m=[32m"2"[39m
          [33mviewBox[39m=[32m"0 0 24 24"[39m
          [33mwidth[39m=[32m"24"[39m
          [33mxmlns[39m=[32m"http://www.w3.org/2000/svg"[39m
        [36m>[39m
          [36m<rect[39m
            [33mheight[39m=[32m"5"[39m
            [33mrx[39m=[32m"1"[39m
            [33mwidth[39m=[32m"20"[39m
            [33mx[39m=[32m"2"[39m
            [33my[39m=[32m"3"[39m
          [36m/>[39m
          [36m<path[39m
            [33md[39m=[32m"M4 8v11a2 2 0 0 0 2 2h12a2 2 0 0 0 2-2V8"[39m
          [36m/>[39m
          [36m<path[39m
            [33md[39m=[32m"M10 12h4"[39m
          [36m/>[39m
        [36m</svg>[39m
      [36m</button>[39m
      [36m<button[39m
        [33mclass[39m=[32m"inline-flex items-center justify-center whitespace-nowrap text-sm font-medium 
transition-all disabled:pointer-events-none disabled:opacity-50 [&_svg]:pointer-events-none 
[&_svg:not([class*='size-'])]:size-4 shrink-0 [&_svg]:shrink-0 outline-none focus-visible:border-ring 
focus-visible:ring-ring/50 focus-visible:ring-[3px] aria-invalid:ring-destructive/20 
dark:aria-invalid:ring-destructive/40 aria-invalid:border-destructive hover:bg-accent hover:text-accent-foreground 
dark:hover:bg-accent/50 h-8 rounded-md gap-1.5 px-3 has-[>svg]:px-2.5"[39m
        [33mdata-slot[39m=[32m"button"[39m
        [33mtitle[39m=[32m"Mark as terminated"[39m
      [36m>[39m
        [36m<svg[39m
          [33mclass[39m=[32m"lucide lucide-user-x h-4 w-4"[39m
          [33mfill[39m=[32m"none"[39m
          [33mheight[39m=[32m"24"[39m
          [33mstroke[39m=[32m"currentColor"[39m
          [33mstroke-linecap[39m=[32m"round"[39m
          [33mstroke-linejoin[39m=[32m"round"[39m
          [33mstroke-width[39m=[32m"2"[39m
          [33mviewBox[39m=[32m"0 0 24 24"[39m
          [33mwidth[39m=[32m"24"[39m
          [33mxmlns[39m=[32m"http://www.w3.org/2000/svg"[39m
        [36m>[39m
          [36m<path[39m
            [33md[39m=[32m"M16 21v-2a4 4 0 0 0-4-4H6a4 4 0 0 0-4 4v2"[39m
          [36m/>[39m
          [36m<circle[39m
            [33mcx[39m=[32m"9"[39m
            [33mcy[39m=[32m"7"[39m
            [33mr[39m=[32m"4"[39m
          [36m/>[39m
          [36m<line[39m
            [33mx1[39m=[32m"17"[39m
            [33mx2[39m=[32m"22"[39m
            [33my1[39m=[32m"8"[39m
            [33my2[39m=[32m"13"[39m
          [36m/>[39m
          [36m<line[39m
            [33mx1[39m=[32m"22"[39m
            [33mx2[39m=[32m"17"[39m
            [33my1[39m=[32m"8"[39m
            [33my2[39m=[32m"13"[39m
          [36m/>[39m
        [36m</svg>[39m
      [36m</button>[39m
    [36m</div>[39m
  [36m</td>[39m
[36m</tr>[39m
[90m [2mΓ¥»[22m Object.getElementError 
node_modules/.pnpm/@testing-library+dom@10.4.1/node_modules/@testing-library/dom/dist/config.js:[2m37:19[22m[39m
[90m [2mΓ¥»[22m node_modules/.pnpm/@testing-library+dom@10.4.1/node_modules/@testing-library/dom/dist/query-helpers.
js:[2m76:38[22m[39m
[90m [2mΓ¥»[22m node_modules/.pnpm/@testing-library+dom@10.4.1/node_modules/@testing-library/dom/dist/query-helpers.
js:[2m52:17[22m[39m
[90m [2mΓ¥»[22m node_modules/.pnpm/@testing-library+dom@10.4.1/node_modules/@testing-library/dom/dist/query-helpers.
js:[2m95:19[22m[39m
[36m [2mΓ¥»[22m tests/unit/components/employee-table.test.tsx:[2m715:30[22m[39m
    [90m713| [39m      fireEvent[33m.[39m[34mclick[39m(firstNameHeader)[33m;[39m
    [90m714| [39m      rows [33m=[39m screen[33m.[39m[34mgetAllByRole[39m([32m"row"[39m)[33m;[39m
    [90m715| [39m      [34mexpect[39m([34mwithin[39m(rows[[34m1[39m])[33m.[39m[34mgetByText[39m([32m"Charl
ie"[39m))[33m.[39m[34mtoBeInTheDocument[39m()[33m;[39m
    [90m   | [39m                             [31m^[39m
    [90m716| [39m      
    [90m717| [39m      [90m// Third click: remove sort (return to original order)[39m

[31m[2mΓÄ»ΓÄ»ΓÄ»ΓÄ»ΓÄ»ΓÄ»ΓÄ»ΓÄ»ΓÄ»ΓÄ»ΓÄ»ΓÄ»ΓÄ»ΓÄ»ΓÄ»ΓÄ»ΓÄ»ΓÄ»ΓÄ»ΓÄ»ΓÄ»ΓÄ»ΓÄ»ΓÄ»[5/5]ΓÄ»[22m[39m

[31mΓÄ»ΓÄ»ΓÄ»ΓÄ»ΓÄ»ΓÄ»[39m[1m[41m Unhandled Errors [49m[22m[31mΓÄ»ΓÄ»ΓÄ»ΓÄ»ΓÄ»ΓÄ»[39m
[31m[1m
Vitest caught 4 unhandled errors during the test run.
This might cause false positive tests. Resolve unhandled errors to make sure your tests are not affected.[22m[39m

[31mΓÄ»ΓÄ»ΓÄ»ΓÄ»ΓÄ»[39m[1m[41m Uncaught Exception [49m[22m[31mΓÄ»ΓÄ»ΓÄ»ΓÄ»ΓÄ»[39m
[31m[1mTypeError[22m: target.hasPointerCapture is not a function[39m
[90m [2mΓ¥»[22m node_modules/.pnpm/@radix-ui+react-select@2.2._802c3d414c85063bee785fcc98a39c07/node_modules/@radix-
ui/react-select/dist/index.mjs:[2m194:22[22m[39m
[90m [2mΓ¥»[22m handleEvent 
node_modules/.pnpm/@radix-ui+primitive@1.1.3/node_modules/@radix-ui/primitive/dist/index.mjs:[2m7:31[22m[39m
[90m [2mΓ¥»[22m executeDispatch node_modules/.pnpm/react-dom@19.2.0_react@19.2.0/node_modules/react-dom/cjs/react-do
m-client.development.js:[2m19116:9[22m[39m
[90m [2mΓ¥»[22m runWithFiberInDEV node_modules/.pnpm/react-dom@19.2.0_react@19.2.0/node_modules/react-dom/cjs/react-
dom-client.development.js:[2m874:13[22m[39m
[90m [2mΓ¥»[22m processDispatchQueue node_modules/.pnpm/react-dom@19.2.0_react@19.2.0/node_modules/react-dom/cjs/rea
ct-dom-client.development.js:[2m19166:19[22m[39m
[90m [2mΓ¥»[22m node_modules/.pnpm/react-dom@19.2.0_react@19.2.0/node_modules/react-dom/cjs/react-dom-client.develop
ment.js:[2m19767:9[22m[39m
[90m [2mΓ¥»[22m batchedUpdates$1 node_modules/.pnpm/react-dom@19.2.0_react@19.2.0/node_modules/react-dom/cjs/react-d
om-client.development.js:[2m3255:40[22m[39m
[90m [2mΓ¥»[22m dispatchEventForPluginEventSystem node_modules/.pnpm/react-dom@19.2.0_react@19.2.0/node_modules/reac
t-dom/cjs/react-dom-client.development.js:[2m19320:7[22m[39m
[90m [2mΓ¥»[22m dispatchEvent node_modules/.pnpm/react-dom@19.2.0_react@19.2.0/node_modules/react-dom/cjs/react-dom-
client.development.js:[2m23585:11[22m[39m
[90m [2mΓ¥»[22m dispatchDiscreteEvent node_modules/.pnpm/react-dom@19.2.0_react@19.2.0/node_modules/react-dom/cjs/re
act-dom-client.development.js:[2m23553:11[22m[39m

[31mThis error originated in "[1mtests/unit/components/add-user-modal.test.tsx[22m" test file. It doesn't mean the 
error was thrown inside the file itself, but while it was running.[39m
[31mThe latest test that might've caused the error is "[1mrole dropdown displays all roles[22m". It might mean one 
of the following:
- The error was thrown, while Vitest was running this test.
- If the error occurred after the test had been completed, this was the last documented test before it was thrown.[39m

[31mΓÄ»ΓÄ»ΓÄ»ΓÄ»ΓÄ»[39m[1m[41m Uncaught Exception [49m[22m[31mΓÄ»ΓÄ»ΓÄ»ΓÄ»ΓÄ»[39m
[31m[1mTypeError[22m: candidate?.scrollIntoView is not a function[39m
[90m [2mΓ¥»[22m node_modules/.pnpm/@radix-ui+react-select@2.2._802c3d414c85063bee785fcc98a39c07/node_modules/@radix-
ui/react-select/dist/index.mjs:[2m321:22[22m[39m
[90m [2mΓ¥»[22m node_modules/.pnpm/@radix-ui+react-select@2.2._802c3d414c85063bee785fcc98a39c07/node_modules/@radix-
ui/react-select/dist/index.mjs:[2m331:13[22m[39m
[90m [2mΓ¥»[22m node_modules/.pnpm/@radix-ui+react-select@2.2._802c3d414c85063bee785fcc98a39c07/node_modules/@radix-
ui/react-select/dist/index.mjs:[2m336:9[22m[39m
[90m [2mΓ¥»[22m Object.react_stack_bottom_frame node_modules/.pnpm/react-dom@19.2.0_react@19.2.0/node_modules/react-
dom/cjs/react-dom-client.development.js:[2m25989:20[22m[39m
[90m [2mΓ¥»[22m runWithFiberInDEV node_modules/.pnpm/react-dom@19.2.0_react@19.2.0/node_modules/react-dom/cjs/react-
dom-client.development.js:[2m874:13[22m[39m
[90m [2mΓ¥»[22m commitHookEffectListMount node_modules/.pnpm/react-dom@19.2.0_react@19.2.0/node_modules/react-dom/cj
s/react-dom-client.development.js:[2m13249:29[22m[39m
[90m [2mΓ¥»[22m commitHookPassiveMountEffects node_modules/.pnpm/react-dom@19.2.0_react@19.2.0/node_modules/react-do
m/cjs/react-dom-client.development.js:[2m13336:11[22m[39m
[90m [2mΓ¥»[22m commitPassiveMountOnFiber node_modules/.pnpm/react-dom@19.2.0_react@19.2.0/node_modules/react-dom/cj
s/react-dom-client.development.js:[2m15484:13[22m[39m
[90m [2mΓ¥»[22m recursivelyTraversePassiveMountEffects node_modules/.pnpm/react-dom@19.2.0_react@19.2.0/node_modules
/react-dom/cjs/react-dom-client.development.js:[2m15439:11[22m[39m
[90m [2mΓ¥»[22m commitPassiveMountOnFiber node_modules/.pnpm/react-dom@19.2.0_react@19.2.0/node_modules/react-dom/cj
s/react-dom-client.development.js:[2m15476:11[22m[39m

[31mThis error originated in "[1mtests/unit/components/add-column-modal.test.tsx[22m" test file. It doesn't mean 
the error was thrown inside the file itself, but while it was running.[39m
[31mThe latest test that might've caused the error is "[1mallows selecting column type[22m". It might mean one of 
the following:
- The error was thrown, while Vitest was running this test.
- If the error occurred after the test had been completed, this was the last documented test before it was thrown.[39m

[31mΓÄ»ΓÄ»ΓÄ»ΓÄ»ΓÄ»[39m[1m[41m Uncaught Exception [49m[22m[31mΓÄ»ΓÄ»ΓÄ»ΓÄ»ΓÄ»[39m
[31m[1mTypeError[22m: target.hasPointerCapture is not a function[39m
[90m [2mΓ¥»[22m node_modules/.pnpm/@radix-ui+react-select@2.2._802c3d414c85063bee785fcc98a39c07/node_modules/@radix-
ui/react-select/dist/index.mjs:[2m194:22[22m[39m
[90m [2mΓ¥»[22m handleEvent 
node_modules/.pnpm/@radix-ui+primitive@1.1.3/node_modules/@radix-ui/primitive/dist/index.mjs:[2m7:31[22m[39m
[90m [2mΓ¥»[22m executeDispatch node_modules/.pnpm/react-dom@19.2.0_react@19.2.0/node_modules/react-dom/cjs/react-do
m-client.development.js:[2m19116:9[22m[39m
[90m [2mΓ¥»[22m runWithFiberInDEV node_modules/.pnpm/react-dom@19.2.0_react@19.2.0/node_modules/react-dom/cjs/react-
dom-client.development.js:[2m874:13[22m[39m
[90m [2mΓ¥»[22m processDispatchQueue node_modules/.pnpm/react-dom@19.2.0_react@19.2.0/node_modules/react-dom/cjs/rea
ct-dom-client.development.js:[2m19166:19[22m[39m
[90m [2mΓ¥»[22m node_modules/.pnpm/react-dom@19.2.0_react@19.2.0/node_modules/react-dom/cjs/react-dom-client.develop
ment.js:[2m19767:9[22m[39m
[90m [2mΓ¥»[22m batchedUpdates$1 node_modules/.pnpm/react-dom@19.2.0_react@19.2.0/node_modules/react-dom/cjs/react-d
om-client.development.js:[2m3255:40[22m[39m
[90m [2mΓ¥»[22m dispatchEventForPluginEventSystem node_modules/.pnpm/react-dom@19.2.0_react@19.2.0/node_modules/reac
t-dom/cjs/react-dom-client.development.js:[2m19320:7[22m[39m
[90m [2mΓ¥»[22m dispatchEvent node_modules/.pnpm/react-dom@19.2.0_react@19.2.0/node_modules/react-dom/cjs/react-dom-
client.development.js:[2m23585:11[22m[39m
[90m [2mΓ¥»[22m dispatchDiscreteEvent node_modules/.pnpm/react-dom@19.2.0_react@19.2.0/node_modules/react-dom/cjs/re
act-dom-client.development.js:[2m23553:11[22m[39m

[31mThis error originated in "[1mtests/unit/components/add-important-date-modal.test.tsx[22m" test file. It doesn't 
mean the error was thrown inside the file itself, but while it was running.[39m
[31mThe latest test that might've caused the error is "[1mshould allow selecting different categories[22m". It 
might mean one of the following:
- The error was thrown, while Vitest was running this test.
- If the error occurred after the test had been completed, this was the last documented test before it was thrown.[39m

[31mΓÄ»ΓÄ»ΓÄ»ΓÄ»ΓÄ»ΓÄ»[39m[1m[41m Unhandled Error [49m[22m[31mΓÄ»ΓÄ»ΓÄ»ΓÄ»ΓÄ»ΓÄ»ΓÄ»[39m
[31m[1mError[22m: [vitest-pool]: Worker forks emitted error.[39m
[90m [2mΓ¥»[22m EventEmitter.<anonymous> node_modules/.pnpm/vitest@4.0.3_@types+node@20_a66b3ff4d6db66c7d1945300d15b
7e7f/node_modules/vitest/dist/chunks/cli-api.D24RdiHp.js:[2m6842:21[22m[39m
[90m [2mΓ¥»[22m EventEmitter.emit node:events:[2m508:28[22m[39m
[90m [2mΓ¥»[22m ChildProcess.emitUnexpectedExit node_modules/.pnpm/vitest@4.0.3_@types+node@20_a66b3ff4d6db66c7d1945
300d15b7e7f/node_modules/vitest/dist/chunks/cli-api.D24RdiHp.js:[2m6508:22[22m[39m
[90m [2mΓ¥»[22m ChildProcess.emit node:events:[2m508:28[22m[39m

[2m Test Files [22m [1m[31m4 failed[39m[22m[2m | [22m[1m[32m44 passed[39m[22m[90m (49)[39m
[2m      Tests [22m [1m[31m4 failed[39m[22m[2m | [22m[1m[32m584 passed[39m[22m[2m | [22m[33m7 skipped[39m[90m (602)[39m
[2m     Errors [22m [1m[31m4 errors[39m[22m
[2m   Start at [22m 20:14:20
[2m   Duration [22m 127.24s[2m (transform 6.11s, setup 28.94s, collect 78.98s, tests 70.11s, environment 249.05s, prepare 3.15s)[22m

[90m [2mΓ¥»[22m Process.ChildProcess._handle.onexit node:internal/child_process:[2m293:12[22m[39m

[31m[1mCaused by: Error[22m: Worker exited unexpectedly[39m
[90m [2mΓ¥»[22m ChildProcess.emitUnexpectedExit node_modules/.pnpm/vitest@4.0.3_@types+node@20_a66b3ff4d6db66c7d1945
300d15b7e7f/node_modules/vitest/dist/chunks/cli-api.D24RdiHp.js:[2m6507:33[22m[39m
[90m [2mΓ¥»[22m ChildProcess.emit node:events:[2m508:28[22m[39m
[90m [2mΓ¥»[22m Process.ChildProcess._handle.onexit node:internal/child_process:[2m293:12[22m[39m

[31mΓÄ»ΓÄ»ΓÄ»ΓÄ»ΓÄ»ΓÄ»ΓÄ»ΓÄ»ΓÄ»ΓÄ»ΓÄ»ΓÄ»ΓÄ»ΓÄ»ΓÄ»ΓÄ»ΓÄ»ΓÄ»ΓÄ»ΓÄ»ΓÄ»ΓÄ»ΓÄ»ΓÄ»ΓÄ»ΓÄ»ΓÄ»ΓÄ»ΓÄ»ΓÄ»[39m

error during close Error: [vitest-pool-runner]: Timeout waiting for worker to respond
    at Timeout.<anonymous> (file:///D:/Masterdata/hr-masterdata/node_modules/.pnpm/vitest@4.0.3_@types+node@20_a66b3ff4
d6db66c7d1945300d15b7e7f/node_modules/vitest/dist/chunks/cli-api.D24RdiHp.js:6520:58)
    at listOnTimeout (node:internal/timers:605:17)
    at process.processTimers (node:internal/timers:541:7)
ΓÇëELIFECYCLEΓÇë Test failed. See above for more details.
